Microchip MPLAB XC8 Compiler V1.35 ()

Linker command line:

--edf=C:\Program Files (x86)\Microchip\xc8\v1.35\dat\en_msgs.txt -cs \
  -h+dist/default/production\Lab_23.X.production.sym \
  --cmf=dist/default/production\Lab_23.X.production.cmf -z -Q18F87J11 \
  -oC:\Users\jtwogoo1\AppData\Local\Temp\s7dc.2 \
  -Mdist/default/production/Lab_23.X.production.map -E1 -ver=XC8 \
  -ASTACK=0B6h-0f3fh -pstack=STACK -ACODE=00h-01FFF7h -ACONST=00h-01FFF7h \
  -ASMALLCONST=01000h-010FFhx495,01FF00h-01FFF7h \
  -AMEDIUMCONST=01000h-0FFFFh,011000h-01FFF7h -ACOMRAM=01h-05Fh \
  -AABS1=00h-0F3Fh -ABIGRAM=01h-0F3Fh \
  -ARAM=060h-0FFh,0100h-01FFhx14,0F00h-0F3Fh -ABANK0=060h-0FFh \
  -ABANK1=0100h-01FFh -ABANK2=0200h-02FFh -ABANK3=0300h-03FFh \
  -ABANK4=0400h-04FFh -ABANK5=0500h-05FFh -ABANK6=0600h-06FFh \
  -ABANK7=0700h-07FFh -ABANK8=0800h-08FFh -ABANK9=0900h-09FFh \
  -ABANK10=0A00h-0AFFh -ABANK11=0B00h-0BFFh -ABANK12=0C00h-0CFFh \
  -ABANK13=0D00h-0DFFh -ABANK14=0E00h-0EFFh -ABANK15=0F00h-0F3Fh \
  -ASFR=0F5Ah-0F5Fh,0F60h-0FFFh \
  -preset_vec=00h,intcode=08h,intcodelo,powerup,init,end_init \
  -pramtop=01000h -psmallconst=SMALLCONST -pmediumconst=MEDIUMCONST \
  -pconst=CONST -AFARRAM=00h-00h -ACONFIG=01FFF8h-01FFFDh -pconfig=CONFIG \
  -pjflash_buffer=01F800h \
  -prdata=COMRAM,nvrram=COMRAM,nvbit=COMRAM,rbss=COMRAM,rbit=COMRAM \
  -pfarbss=FARRAM,fardata=FARRAM,nvFARRAM=FARRAM \
  -pintsave_regs=BIGRAM,bigbss=BIGRAM,bigdata=BIGRAM -pbss=RAM \
  -pidata=CODE,irdata=CODE,ibigdata=CODE,ifardata=CODE -prparam=COMRAM \
  C:\Users\jtwogoo1\AppData\Local\Temp\s7dc.obj \
  dist/default/production\Lab_23.X.production.obj 

Object code version is 3.11

Machine type is 18F87J11

Call graph: (short form)




                Name                               Link     Load   Length Selector   Space Scale
C:\Users\jtwogoo1\AppData\Local\Temp\s7dc.obj
                end_init                            120      120        4        4       0
                reset_vec                             0        0        4        0       0
                config                            1FFF8    1FFF8        6    1FFF8       0
dist/default/production\Lab_23.X.production.obj
                intcode                               8        8      118        4       0
                temp                                 3C       3C        1        1       1
                smallconst                         1000     1000       28      800       0
                text37                             1B22     1B22       26      814       0
                text36                             1A2C     1A2C       3C      814       0
                text35                             1C80     1C80        A      E3B       0
                text34                             1C8C     1C8C        2      E3B       0
                text33                             1BE4     1BE4       16      814       0
                text32                             1B48     1B48       1E      814       0
                text31                             1964     1964       46      814       0
                text30                             1BCE     1BCE       16      814       0
                text29                             1A9E     1A9E       32      814       0
                text28                             163C     163C       90      814       0
                text27                             1C20     1C20       12      814       0
                text26                             18C8     18C8       52      814       0
                text25                             19AA     19AA       42      814       0
                text24                             125C     125C      1EE      814       0
                text22                             1C5E     1C5E        C      814       0
                text21                             1C42     1C42       10      814       0
                text20                             1BB6     1BB6       18      814       0
                text19                             1AFA     1AFA       28      814       0
                text18                             191A     191A       4A      814       0
                text17                             1C76     1C76        A      E3B       0
                text16                             1C8A     1C8A        2      E3B       0
                text15                             1B82     1B82       1C      814       0
                text14                             1C0E     1C0E       12      814       0
                text13                             1C52     1C52        C      814       0
                text12                             1AD0     1AD0       2A      814       0
                text11                             1744     1744       66      814       0
                text10                             1B66     1B66       1C      814       0
                text9                              19EC     19EC       40      814       0
                text8                              1BFA     1BFA       14      814       0
                text7                              1A68     1A68       36      814       0
                text6                              180C     180C       60      814       0
                text5                              159A     159A       A2      814       0
                text4                              1B9E     1B9E       18      814       0
                text3                              16CC     16CC       78      814       0
                text2                              17AA     17AA       62      814       0
                text1                              1028     1028      234      814       0
                text0                              144A     144A      150      814       0
                cstackCOMRAM                          1        1       2D        1       1
                cstackBANK0                          84       84       22       60       1
                dataBANK0                            A6       A6       10       60       1
                bssBANK0                             60       60       24       60       1
                dataCOMRAM                           2E       2E        B        1       1
                bssCOMRAM                            39       39        3        1       1
                cinit                              186C     186C       5C      814       0
                idataBANK0                         1C32     1C32       10      814       0
                idataCOMRAM                        1C6A     1C6A        B      814       0

TOTAL           Name                               Link     Load   Length     Space
        CLASS   STACK          

        CLASS   CODE           
                end_init                            120      120        4         0
                intcode                               8        8      118         0
                reset_vec                             0        0        4         0
                text37                             1B22     1B22       26         0
                text36                             1A2C     1A2C       3C         0
                text35                             1C80     1C80        A         0
                text34                             1C8C     1C8C        2         0
                text33                             1BE4     1BE4       16         0
                text32                             1B48     1B48       1E         0
                text31                             1964     1964       46         0
                text30                             1BCE     1BCE       16         0
                text29                             1A9E     1A9E       32         0
                text28                             163C     163C       90         0
                text27                             1C20     1C20       12         0
                text26                             18C8     18C8       52         0
                text25                             19AA     19AA       42         0
                text24                             125C     125C      1EE         0
                text22                             1C5E     1C5E        C         0
                text21                             1C42     1C42       10         0
                text20                             1BB6     1BB6       18         0
                text19                             1AFA     1AFA       28         0
                text18                             191A     191A       4A         0
                text17                             1C76     1C76        A         0
                text16                             1C8A     1C8A        2         0
                text15                             1B82     1B82       1C         0
                text14                             1C0E     1C0E       12         0
                text13                             1C52     1C52        C         0
                text12                             1AD0     1AD0       2A         0
                text11                             1744     1744       66         0
                text10                             1B66     1B66       1C         0
                text9                              19EC     19EC       40         0
                text8                              1BFA     1BFA       14         0
                text7                              1A68     1A68       36         0
                text6                              180C     180C       60         0
                text5                              159A     159A       A2         0
                text4                              1B9E     1B9E       18         0
                text3                              16CC     16CC       78         0
                text2                              17AA     17AA       62         0
                text1                              1028     1028      234         0
                text0                              144A     144A      150         0
                cinit                              186C     186C       5C         0
                idataBANK0                         1C32     1C32       10         0
                idataCOMRAM                        1C6A     1C6A        B         0

        CLASS   CONST          

        CLASS   SMALLCONST     
                smallconst                         1000     1000       28         0

        CLASS   MEDIUMCONST    

        CLASS   COMRAM         
                temp                                 3C       3C        1         1
                cstackCOMRAM                          1        1       2D         1
                dataCOMRAM                           2E       2E        B         1
                bssCOMRAM                            39       39        3         1

        CLASS   ABS1           

        CLASS   BIGRAM         

        CLASS   RAM            

        CLASS   BANK0          
                cstackBANK0                          84       84       22         1
                dataBANK0                            A6       A6       10         1
                bssBANK0                             60       60       24         1

        CLASS   BANK1          

        CLASS   BANK2          

        CLASS   BANK3          

        CLASS   BANK4          

        CLASS   BANK5          

        CLASS   BANK6          

        CLASS   BANK7          

        CLASS   BANK8          

        CLASS   BANK9          

        CLASS   BANK10         

        CLASS   BANK11         

        CLASS   BANK12         

        CLASS   BANK13         

        CLASS   BANK14         

        CLASS   BANK15         

        CLASS   SFR            

        CLASS   FARRAM         

        CLASS   CONFIG         
                config                            1FFF8    1FFF8        6         0

        CLASS   IDLOC          



SEGMENTS        Name                           Load    Length   Top    Selector   Space  Class

                reset_vec                      000000  000004  000004         0       0  CODE    
                cstackCOMRAM                   000001  00003C  00003D         1       1  COMRAM  
                intcode                        000008  00011C  000124         4       0  CODE    
                bssBANK0                       000060  000056  0000B6        60       1  BANK0   
                smallconst                     001000  000028  001028       800       0  SMALLCON
                text1                          001028  000C4D  001C75       814       0  CODE    
                text17                         001C76  000018  001C8E       E3B       0  CODE    
                config                         01FFF8  000006  01FFFE     1FFF8       0  CONFIG  


UNUSED ADDRESS RANGES

        Name                Unused          Largest block    Delta
        BANK0            000B6-000FF              4A
        BANK1            00100-001FF             100
        BANK10           00A00-00AFF             100
        BANK11           00B00-00BFF             100
        BANK12           00C00-00CFF             100
        BANK13           00D00-00DFF             100
        BANK14           00E00-00EFF             100
        BANK15           00F00-00F3F              40
        BANK2            00200-002FF             100
        BANK3            00300-003FF             100
        BANK4            00400-004FF             100
        BANK5            00500-005FF             100
        BANK6            00600-006FF             100
        BANK7            00700-007FF             100
        BANK8            00800-008FF             100
        BANK9            00900-009FF             100
        BIGRAM           0003D-0005F              23
                         000B6-00F3F             E8A
        CODE             00004-00007               4
                         00124-00FFF             EDC
                         01C75-01C75               1
                         01C8E-1FFF7           1E36A
        COMRAM           0003D-0005F              23
        CONST            00004-00007               4
                         00124-00FFF             EDC
                         01C75-01C75               1
                         01C8E-1FFF7           1E36A
        MEDIUMCONST      01C75-01C75               1
                         01C8E-0FFFF            E372
                         11000-1FFF7            EFF8
        RAM              000B6-00F3F             100
        SFR              00F5A-00FFF               6
        SMALLCONST       01C75-01C75               1
                         01C8E-1FFF7             100
        STACK            000B6-00F3F             E8A

                                  Symbol Table

?___lwdiv                  cstackBANK0   00084
?___lwmod                  cstackBANK0   0008B
?_sprintf                  cstackBANK0   00090
?i2___lwdiv                cstackCOMRAM  00001
?i2___lwmod                cstackCOMRAM  00008
?i2_sprintf                cstackCOMRAM  0000D
HighIsr@i                  cstackCOMRAM  0002C
LCDClearLine@c             cstackBANK0   00091
LCDClearLine@line          cstackBANK0   00092
LCDCommand@command         cstackBANK0   00089
LCDInit@functionSet        cstackBANK0   0008B
LCDInitCommand@command     cstackBANK0   00089
LCDSetPos@col              cstackBANK0   0008C
LCDSetPos@pos              cstackBANK0   0008F
LCDSetPos@row              cstackBANK0   0008A
LCDWriteByte@c             cstackBANK0   00087
LCDWriteByte@comFlags      cstackBANK0   00088
LCDWriteByte@rs            cstackBANK0   00086
LCDWriteData@c             cstackBANK0   00089
LCDWriteLine@line          cstackBANK0   00093
LCDWriteLine@str           cstackBANK0   00091
SPIReadWrite@byte          cstackBANK0   00084
SPIReadWrite@r             cstackBANK0   00085
WriteRegister@b            cstackBANK0   00084
WriteRegister@reg          cstackBANK0   00085
_ConfigInterrupts          text22        01C5E
_ConfigPeriph              text21        01C42
_HighIsr                   intcode       00008
_INTCON2bits               (abs)         00FF1
_INTCONbits                (abs)         00FF2
_InitPins                  text20        01BB6
_LATAbits                  (abs)         00F89
_LATD                      (abs)         00F8C
_LCDClear                  text13        01C52
_LCDClearLine              text9         019EC
_LCDCommand                text15        01B82
_LCDInit                   text6         0180C
_LCDInitCommand            text8         01BFA
_LCDInitPort               text7         01A68
_LCDSetPos                 text11        01744
_LCDWriteByte              text18        0191A
_LCDWriteData              text10        01B66
_LCDWriteLine              text5         0159A
_OSCTUNEbits               (abs)         00F9B
_PIR1bits                  (abs)         00F9E
_RCONbits                  (abs)         00FD0
_SPIReadWrite              text4         01B9E
_SSP1BUF                   (abs)         00FC9
_SSP1CON1bits              (abs)         00FC6
_SSP1STATbits              (abs)         00FC7
_SSPBUF                    (abs)         00FC9
_SSPCON1                   (abs)         00FC6
_SSPIF                     (abs)         07CF3
_SSPSTATbits               (abs)         00FC7
_TRISAbits                 (abs)         00F92
_TRISB                     (abs)         00F93
_TRISC                     (abs)         00F94
_TRISCbits                 (abs)         00F94
_TRISD                     (abs)         00F95
_WriteRegister             text19        01AFA
__CFG_FOSC$HSPLL           (abs)         00000
__CFG_WDTEN$OFF            (abs)         00000
__CFG_XINST$OFF            (abs)         00000
__HRAM                     (abs)         00000
__Habs1                    abs1          00000
__Hbank0                   bank0         00000
__Hbank1                   bank1         00000
__Hbank10                  bank10        00000
__Hbank11                  bank11        00000
__Hbank12                  bank12        00000
__Hbank13                  bank13        00000
__Hbank14                  bank14        00000
__Hbank15                  bank15        00000
__Hbank2                   bank2         00000
__Hbank3                   bank3         00000
__Hbank4                   bank4         00000
__Hbank5                   bank5         00000
__Hbank6                   bank6         00000
__Hbank7                   bank7         00000
__Hbank8                   bank8         00000
__Hbank9                   bank9         00000
__Hbigbss                  bigbss        00000
__Hbigdata                 bigdata       00000
__Hbigram                  bigram        00000
__Hbss                     bss           00000
__HbssBANK0                bssBANK0      00000
__HbssCOMRAM               bssCOMRAM     00000
__Hcinit                   cinit         00000
__Hclrtext                 clrtext       00000
__Hcomram                  comram        00000
__Hconfig                  config        1FFFE
__Hconst                   const         00000
__HcstackBANK0             cstackBANK0   00000
__HcstackCOMRAM            cstackCOMRAM  00000
__Hdata                    data          00000
__HdataBANK0               dataBANK0     00000
__HdataCOMRAM              dataCOMRAM    00000
__Hend_init                end_init      00124
__Hfarbss                  farbss        00000
__Hfardata                 fardata       00000
__Hibigdata                ibigdata      00000
__Hidata                   idata         00000
__HidataBANK0              idataBANK0    00000
__HidataCOMRAM             idataCOMRAM   00000
__Hidloc                   idloc         00000
__Hifardata                ifardata      00000
__Hinit                    init          00120
__Hintcode                 intcode       00120
__Hintcode_body            intcode_body  00000
__Hintcodelo               intcodelo     00120
__Hintentry                intentry      00000
__Hintret                  intret        00000
__Hintsave_regs            intsave_regs  00000
__Hirdata                  irdata        00000
__Hjflash_buffer           jflash_buffer 1F800
__Hmediumconst             mediumconst   00000
__HnvFARRAM                nvFARRAM      00000
__Hnvbit                   nvbit         00000
__Hnvrram                  nvrram        00000
__Hparam                   rparam        00000
__Hpowerup                 powerup       00120
__Hram                     ram           00000
__Hramtop                  ramtop        01000
__Hrbit                    rbit          00000
__Hrbss                    rbss          00000
__Hrdata                   rdata         00000
__Hreset_vec               reset_vec     00004
__Hrparam                  rparam        00000
__Hsfr                     sfr           00000
__Hsmallconst              smallconst    01028
__Hspace_0                 (abs)         1FFFE
__Hspace_1                 (abs)         000B6
__Hspace_2                 (abs)         00000
__Hstack                   stack         00000
__Hstruct                  struct        00000
__Htemp                    temp          0003D
__Htext                    text          00000
__Htext0                   text0         00000
__Htext1                   text1         00000
__Htext10                  text10        00000
__Htext11                  text11        00000
__Htext12                  text12        00000
__Htext13                  text13        00000
__Htext14                  text14        00000
__Htext15                  text15        00000
__Htext16                  text16        00000
__Htext17                  text17        00000
__Htext18                  text18        00000
__Htext19                  text19        00000
__Htext2                   text2         00000
__Htext20                  text20        00000
__Htext21                  text21        00000
__Htext22                  text22        00000
__Htext24                  text24        00000
__Htext25                  text25        00000
__Htext26                  text26        00000
__Htext27                  text27        00000
__Htext28                  text28        00000
__Htext29                  text29        00000
__Htext3                   text3         00000
__Htext30                  text30        00000
__Htext31                  text31        00000
__Htext32                  text32        00000
__Htext33                  text33        00000
__Htext34                  text34        00000
__Htext35                  text35        00000
__Htext36                  text36        00000
__Htext37                  text37        00000
__Htext4                   text4         00000
__Htext5                   text5         00000
__Htext6                   text6         00000
__Htext7                   text7         00000
__Htext8                   text8         00000
__Htext9                   text9         00000
__LRAM                     (abs)         00001
__Labs1                    abs1          00000
__Lbank0                   bank0         00000
__Lbank1                   bank1         00000
__Lbank10                  bank10        00000
__Lbank11                  bank11        00000
__Lbank12                  bank12        00000
__Lbank13                  bank13        00000
__Lbank14                  bank14        00000
__Lbank15                  bank15        00000
__Lbank2                   bank2         00000
__Lbank3                   bank3         00000
__Lbank4                   bank4         00000
__Lbank5                   bank5         00000
__Lbank6                   bank6         00000
__Lbank7                   bank7         00000
__Lbank8                   bank8         00000
__Lbank9                   bank9         00000
__Lbigbss                  bigbss        00000
__Lbigdata                 bigdata       00000
__Lbigram                  bigram        00000
__Lbss                     bss           00000
__LbssBANK0                bssBANK0      00000
__LbssCOMRAM               bssCOMRAM     00000
__Lcinit                   cinit         00000
__Lclrtext                 clrtext       00000
__Lcomram                  comram        00000
__Lconfig                  config        1FFF8
__Lconst                   const         00000
__LcstackBANK0             cstackBANK0   00000
__LcstackCOMRAM            cstackCOMRAM  00000
__Ldata                    data          00000
__LdataBANK0               dataBANK0     00000
__LdataCOMRAM              dataCOMRAM    00000
__Lend_init                end_init      00120
__Lfarbss                  farbss        00000
__Lfardata                 fardata       00000
__Libigdata                ibigdata      00000
__Lidata                   idata         00000
__LidataBANK0              idataBANK0    00000
__LidataCOMRAM             idataCOMRAM   00000
__Lidloc                   idloc         00000
__Lifardata                ifardata      00000
__Linit                    init          00120
__Lintcode                 intcode       00008
__Lintcode_body            intcode_body  00000
__Lintcodelo               intcodelo     00120
__Lintentry                intentry      00000
__Lintret                  intret        00000
__Lintsave_regs            intsave_regs  00000
__Lirdata                  irdata        00000
__Ljflash_buffer           jflash_buffer 1F800
__Lmediumconst             mediumconst   00000
__LnvFARRAM                nvFARRAM      00000
__Lnvbit                   nvbit         00000
__Lnvrram                  nvrram        00000
__Lparam                   rparam        00000
__Lpowerup                 powerup       00120
__Lram                     ram           00000
__Lramtop                  ramtop        01000
__Lrbit                    rbit          00000
__Lrbss                    rbss          00000
__Lrdata                   rdata         00000
__Lreset_vec               reset_vec     00000
__Lrparam                  rparam        00000
__Lsfr                     sfr           00000
__Lsmallconst              smallconst    01000
__Lspace_0                 (abs)         00000
__Lspace_1                 (abs)         00000
__Lspace_2                 (abs)         00000
__Lstack                   stack         00000
__Lstruct                  struct        00000
__Ltemp                    temp          0003C
__Ltext                    text          00000
__Ltext0                   text0         00000
__Ltext1                   text1         00000
__Ltext10                  text10        00000
__Ltext11                  text11        00000
__Ltext12                  text12        00000
__Ltext13                  text13        00000
__Ltext14                  text14        00000
__Ltext15                  text15        00000
__Ltext16                  text16        00000
__Ltext17                  text17        00000
__Ltext18                  text18        00000
__Ltext19                  text19        00000
__Ltext2                   text2         00000
__Ltext20                  text20        00000
__Ltext21                  text21        00000
__Ltext22                  text22        00000
__Ltext24                  text24        00000
__Ltext25                  text25        00000
__Ltext26                  text26        00000
__Ltext27                  text27        00000
__Ltext28                  text28        00000
__Ltext29                  text29        00000
__Ltext3                   text3         00000
__Ltext30                  text30        00000
__Ltext31                  text31        00000
__Ltext32                  text32        00000
__Ltext33                  text33        00000
__Ltext34                  text34        00000
__Ltext35                  text35        00000
__Ltext36                  text36        00000
__Ltext37                  text37        00000
__Ltext4                   text4         00000
__Ltext5                   text5         00000
__Ltext6                   text6         00000
__Ltext7                   text7         00000
__Ltext8                   text8         00000
__Ltext9                   text9         00000
__S0                       (abs)         1FFFE
__S1                       (abs)         000B6
__S2                       (abs)         00000
___extmem_base             (abs)         20000
___inthi_sp                stack         00000
___intlo_sp                stack         00000
___lwdiv                   text3         016CC
___lwdiv@counter           cstackBANK0   00088
___lwdiv@dividend          cstackBANK0   00084
___lwdiv@divisor           cstackBANK0   00086
___lwdiv@quotient          cstackBANK0   00089
___lwmod                   text2         017AA
___lwmod@counter           cstackBANK0   0008F
___lwmod@dividend          cstackBANK0   0008B
___lwmod@divisor           cstackBANK0   0008D
___param_bank              (abs)         00010
___rparam_used             (abs)         00001
___sp                      stack         00000
__accesstop                (abs)         00060
__activetblptr             (abs)         00003
__end_of_ConfigInterrupts  text22        01C6A
__end_of_ConfigPeriph      text21        01C52
__end_of_HighIsr           intcode       00120
__end_of_InitPins          text20        01BCE
__end_of_LCDClear          text13        01C5E
__end_of_LCDClearLine      text9         01A2C
__end_of_LCDCommand        text15        01B9E
__end_of_LCDInit           text6         0186C
__end_of_LCDInitCommand    text8         01C0E
__end_of_LCDInitPort       text7         01A9E
__end_of_LCDSetPos         text11        017AA
__end_of_LCDWriteByte      text18        01964
__end_of_LCDWriteData      text10        01B82
__end_of_LCDWriteLine      text5         0163C
__end_of_SPIReadWrite      text4         01BB6
__end_of_WriteRegister     text19        01B22
__end_of___lwdiv           text3         01744
__end_of___lwmod           text2         0180C
__end_of__initialization   cinit         018BE
__end_of_calculateBase     text12        01AFA
__end_of_dpowers           smallconst    0100B
__end_of_longDelay         text14        01C20
__end_of_main              text0         0159A
__end_of_shortDelay        text17        01C80
__end_of_sprintf           text1         0125C
__end_of_wait              text16        01C8C
__end_ofi2_LCDClearLine    text29        01AD0
__end_ofi2_LCDCommand      text33        01BFA
__end_ofi2_LCDSetPos       text31        019AA
__end_ofi2_LCDWriteByte    text36        01A68
__end_ofi2_LCDWriteData    text30        01BE4
__end_ofi2_LCDWriteLine    text28        016CC
__end_ofi2_SPIReadWrite    text27        01C32
__end_ofi2_WriteRegister   text37        01B48
__end_ofi2___lwdiv         text26        0191A
__end_ofi2___lwmod         text25        019EC
__end_ofi2_calculateBase   text32        01B66
__end_ofi2_shortDelay      text35        01C8A
__end_ofi2_sprintf         text24        0144A
__end_ofi2_wait            text34        01C8E
__initialization           cinit         0186C
__mediumconst              mediumconst   00000
__pbssBANK0                bssBANK0      00060
__pbssCOMRAM               bssCOMRAM     00039
__pcinit                   cinit         0186C
__pcstackBANK0             cstackBANK0   00084
__pcstackCOMRAM            cstackCOMRAM  00001
__pdataBANK0               dataBANK0     000A6
__pdataCOMRAM              dataCOMRAM    0002E
__pidataBANK0              idataBANK0    01C32
__pidataCOMRAM             idataCOMRAM   01C6A
__pintcode                 intcode       00008
__psmallconst              smallconst    01000
__ptext0                   text0         0144A
__ptext1                   text1         01028
__ptext10                  text10        01B66
__ptext11                  text11        01744
__ptext12                  text12        01AD0
__ptext13                  text13        01C52
__ptext14                  text14        01C0E
__ptext15                  text15        01B82
__ptext16                  text16        01C8A
__ptext17                  text17        01C76
__ptext18                  text18        0191A
__ptext19                  text19        01AFA
__ptext2                   text2         017AA
__ptext20                  text20        01BB6
__ptext21                  text21        01C42
__ptext22                  text22        01C5E
__ptext24                  text24        0125C
__ptext25                  text25        019AA
__ptext26                  text26        018C8
__ptext27                  text27        01C20
__ptext28                  text28        0163C
__ptext29                  text29        01A9E
__ptext3                   text3         016CC
__ptext30                  text30        01BCE
__ptext31                  text31        01964
__ptext32                  text32        01B48
__ptext33                  text33        01BE4
__ptext34                  text34        01C8C
__ptext35                  text35        01C80
__ptext36                  text36        01A2C
__ptext37                  text37        01B22
__ptext4                   text4         01B9E
__ptext5                   text5         0159A
__ptext6                   text6         0180C
__ptext7                   text7         01A68
__ptext8                   text8         01BFA
__ptext9                   text9         019EC
__ramtop                   ramtop        01000
__size_of_ConfigInterrupts (abs)         00000
__size_of_ConfigPeriph     (abs)         00000
__size_of_HighIsr          (abs)         00000
__size_of_InitPins         (abs)         00000
__size_of_LCDClear         (abs)         00000
__size_of_LCDClearLine     (abs)         00000
__size_of_LCDCommand       (abs)         00000
__size_of_LCDInit          (abs)         00000
__size_of_LCDInitCommand   (abs)         00000
__size_of_LCDInitPort      (abs)         00000
__size_of_LCDSetPos        (abs)         00000
__size_of_LCDWriteByte     (abs)         00000
__size_of_LCDWriteData     (abs)         00000
__size_of_LCDWriteLine     (abs)         00000
__size_of_SPIReadWrite     (abs)         00000
__size_of_WriteRegister    (abs)         00000
__size_of___lwdiv          (abs)         00000
__size_of___lwmod          (abs)         00000
__size_of_calculateBase    (abs)         00000
__size_of_longDelay        (abs)         00000
__size_of_main             (abs)         00000
__size_of_shortDelay       (abs)         00000
__size_of_sprintf          (abs)         00000
__size_of_wait             (abs)         00000
__size_ofi2_LCDClearLine   (abs)         00000
__size_ofi2_LCDCommand     (abs)         00000
__size_ofi2_LCDSetPos      (abs)         00000
__size_ofi2_LCDWriteByte   (abs)         00000
__size_ofi2_LCDWriteData   (abs)         00000
__size_ofi2_LCDWriteLine   (abs)         00000
__size_ofi2_SPIReadWrite   (abs)         00000
__size_ofi2_WriteRegister  (abs)         00000
__size_ofi2___lwdiv        (abs)         00000
__size_ofi2___lwmod        (abs)         00000
__size_ofi2_calculateBase  (abs)         00000
__size_ofi2_shortDelay     (abs)         00000
__size_ofi2_sprintf        (abs)         00000
__size_ofi2_wait           (abs)         00000
__smallconst               smallconst    01000
_calculateBase             text12        01AD0
_count                     bssBANK0      00060
_dpowers                   smallconst    01001
_flag                      bssCOMRAM     0003B
_line1str                  bssBANK0      00062
_line2str                  bssBANK0      00073
_longDelay                 text14        01C0E
_main                      text0         0144A
_rdStr                     dataBANK0     000A6
_rx                        bssCOMRAM     00039
_shortDelay                text17        01C76
_sprintf                   text1         01028
_str                       dataCOMRAM    0002E
_wait                      text16        01C8A
btemp                      temp          0003C
calculateBase@base         cstackBANK0   00084
calculateBase@line         cstackBANK0   00085
end_of_initialization      cinit         018BE
i2LCDClearLine@c           cstackCOMRAM  0000F
i2LCDClearLine@line        cstackCOMRAM  0000E
i2LCDCommand@command       cstackCOMRAM  00006
i2LCDSetPos@col            cstackCOMRAM  00009
i2LCDSetPos@pos            cstackCOMRAM  0000C
i2LCDSetPos@row            cstackCOMRAM  00007
i2LCDWriteByte@c           cstackCOMRAM  00004
i2LCDWriteByte@comFlags    cstackCOMRAM  00005
i2LCDWriteByte@rs          cstackCOMRAM  00003
i2LCDWriteData@c           cstackCOMRAM  00006
i2LCDWriteLine@line        cstackCOMRAM  00010
i2LCDWriteLine@str         cstackCOMRAM  0000E
i2SPIReadWrite@byte        cstackCOMRAM  00001
i2SPIReadWrite@r           cstackCOMRAM  00002
i2WriteRegister@b          cstackCOMRAM  00001
i2WriteRegister@reg        cstackCOMRAM  00002
i2_LCDClearLine            text29        01A9E
i2_LCDCommand              text33        01BE4
i2_LCDSetPos               text31        01964
i2_LCDWriteByte            text36        01A2C
i2_LCDWriteData            text30        01BCE
i2_LCDWriteLine            text28        0163C
i2_SPIReadWrite            text27        01C20
i2_WriteRegister           text37        01B22
i2___lwdiv                 text26        018C8
i2___lwdiv@counter         cstackCOMRAM  00007
i2___lwdiv@dividend        cstackCOMRAM  00001
i2___lwdiv@divisor         cstackCOMRAM  00003
i2___lwdiv@quotient        cstackCOMRAM  00005
i2___lwmod                 text25        019AA
i2___lwmod@counter         cstackCOMRAM  0000C
i2___lwmod@dividend        cstackCOMRAM  00008
i2___lwmod@divisor         cstackCOMRAM  0000A
i2_calculateBase           text32        01B48
i2_shortDelay              text35        01C80
i2_sprintf                 text24        0125C
i2_wait                    text34        01C8C
i2calculateBase@base       cstackCOMRAM  00001
i2calculateBase@line       cstackCOMRAM  00002
i2sprintf@ap               cstackCOMRAM  00016
i2sprintf@c                cstackCOMRAM  0001C
i2sprintf@cp               cstackCOMRAM  00018
i2sprintf@f                cstackCOMRAM  0000F
i2sprintf@flag             cstackCOMRAM  00014
i2sprintf@prec             cstackCOMRAM  00015
i2sprintf@sp               cstackCOMRAM  0000D
i2sprintf@val              cstackCOMRAM  0001A
int$flags                  temp          0003C
intlevel0                  text          00000
intlevel1                  text          00000
intlevel2                  text          00000
intlevel3                  text          00000
main@i                     cstackBANK0   000A0
main@i_1277                cstackBANK0   000A4
sprintf@ap                 cstackBANK0   00099
sprintf@c                  cstackBANK0   0009F
sprintf@cp                 cstackBANK0   0009B
sprintf@f                  cstackBANK0   00092
sprintf@flag               cstackBANK0   00097
sprintf@prec               cstackBANK0   00098
sprintf@sp                 cstackBANK0   00090
sprintf@val                cstackBANK0   0009D
stackhi                    (abs)         00F3F
stacklo                    (abs)         000B6
start                      init          00120
start_initialization       cinit         0186C


FUNCTION INFORMATION:

 *************** function _main *****************
 Defined at:
		line 37 in file "SPI.c"
 Parameters:    Size  Location     Type
		None
 Auto vars:     Size  Location     Type
  i               2   32[BANK0 ] int 
  i               4   28[BANK0 ] long 
 Return value:  Size  Location     Type
		None               void
 Registers used:
		wreg, fsr0l, fsr0h, fsr2l, fsr2h, status,2, status,0, tblptrl, tblptrh, tblptru, prodl, prodh, cstack
 Tracked objects:
		On entry : 
		On exit  : 
		Unchanged: 
 Data sizes:     COMRAM   BANK0   BANK1   BANK2   BANK3   BANK4   BANK5   BANK6   BANK7   BANK8   BANK9  BANK10  BANK11  BANK12  BANK13  BANK14  BANK15
      Params:         0       0       0       0       0       0       0       0       0       0       0       0       0       0       0       0       0
      Locals:         0       6       0       0       0       0       0       0       0       0       0       0       0       0       0       0       0
      Temps:          0       0       0       0       0       0       0       0       0       0       0       0       0       0       0       0       0
      Totals:         0       6       0       0       0       0       0       0       0       0       0       0       0       0       0       0       0
Total ram usage:        6 bytes
 Hardware stack levels required when called:   11
 This function calls:
		_ConfigInterrupts
		_ConfigPeriph
		_InitPins
		_LCDClear
		_LCDClearLine
		_LCDInit
		_LCDWriteLine
		_SPIReadWrite
		_sprintf
 This function is called by:
		Startup code after reset
 This function uses a non-reentrant model


 *************** function _sprintf *****************
 Defined at:
		line 492 in file "C:\Program Files (x86)\Microchip\xc8\v1.35\sources\common\doprnt.c"
 Parameters:    Size  Location     Type
  sp              2   12[BANK0 ] PTR unsigned char 
		 -> line1str(17), line2str(17), 
  f               2   14[BANK0 ] PTR const unsigned char 
		 -> STR_3(9), STR_2(3), STR_1(8), 
 Auto vars:     Size  Location     Type
  tmpval          4    0        struct .
  val             2   25[BANK0 ] unsigned int 
  cp              2   23[BANK0 ] PTR const unsigned char 
		 -> STR_4(7), str(11), rdStr(16), 
  ap              2   21[BANK0 ] PTR void [1]
		 -> ?i2_sprintf(2), ?_sprintf(2), 
  len             2    0        unsigned int 
  c               1   27[BANK0 ] char 
  prec            1   20[BANK0 ] char 
  flag            1   19[BANK0 ] unsigned char 
 Return value:  Size  Location     Type
                  2   12[BANK0 ] int 
 Registers used:
		wreg, fsr0l, fsr0h, fsr2l, fsr2h, status,2, status,0, tblptrl, tblptrh, tblptru, prodl, prodh, cstack
 Tracked objects:
		On entry : 
		On exit  : 
		Unchanged: 
 Data sizes:     COMRAM   BANK0   BANK1   BANK2   BANK3   BANK4   BANK5   BANK6   BANK7   BANK8   BANK9  BANK10  BANK11  BANK12  BANK13  BANK14  BANK15
      Params:         0       6       0       0       0       0       0       0       0       0       0       0       0       0       0       0       0
      Locals:         0       9       0       0       0       0       0       0       0       0       0       0       0       0       0       0       0
      Temps:          0       1       0       0       0       0       0       0       0       0       0       0       0       0       0       0       0
      Totals:         0      16       0       0       0       0       0       0       0       0       0       0       0       0       0       0       0
Total ram usage:       16 bytes
 Hardware stack levels used:    1
 Hardware stack levels required when called:    7
 This function calls:
		___lwdiv
		___lwmod
 This function is called by:
		_main
 This function uses a non-reentrant model


 *************** function ___lwmod *****************
 Defined at:
		line 8 in file "C:\Program Files (x86)\Microchip\xc8\v1.35\sources\common\lwmod.c"
 Parameters:    Size  Location     Type
  dividend        2    7[BANK0 ] unsigned int 
  divisor         2    9[BANK0 ] unsigned int 
 Auto vars:     Size  Location     Type
  counter         1   11[BANK0 ] unsigned char 
 Return value:  Size  Location     Type
                  2    7[BANK0 ] unsigned int 
 Registers used:
		wreg, status,2, status,0
 Tracked objects:
		On entry : 
		On exit  : 
		Unchanged: 
 Data sizes:     COMRAM   BANK0   BANK1   BANK2   BANK3   BANK4   BANK5   BANK6   BANK7   BANK8   BANK9  BANK10  BANK11  BANK12  BANK13  BANK14  BANK15
      Params:         0       4       0       0       0       0       0       0       0       0       0       0       0       0       0       0       0
      Locals:         0       1       0       0       0       0       0       0       0       0       0       0       0       0       0       0       0
      Temps:          0       0       0       0       0       0       0       0       0       0       0       0       0       0       0       0       0
      Totals:         0       5       0       0       0       0       0       0       0       0       0       0       0       0       0       0       0
Total ram usage:        5 bytes
 Hardware stack levels used:    1
 Hardware stack levels required when called:    6
 This function calls:
		Nothing
 This function is called by:
		_sprintf
 This function uses a non-reentrant model


 *************** function ___lwdiv *****************
 Defined at:
		line 8 in file "C:\Program Files (x86)\Microchip\xc8\v1.35\sources\common\lwdiv.c"
 Parameters:    Size  Location     Type
  dividend        2    0[BANK0 ] unsigned int 
  divisor         2    2[BANK0 ] unsigned int 
 Auto vars:     Size  Location     Type
  quotient        2    5[BANK0 ] unsigned int 
  counter         1    4[BANK0 ] unsigned char 
 Return value:  Size  Location     Type
                  2    0[BANK0 ] unsigned int 
 Registers used:
		wreg, status,2, status,0
 Tracked objects:
		On entry : 
		On exit  : 
		Unchanged: 
 Data sizes:     COMRAM   BANK0   BANK1   BANK2   BANK3   BANK4   BANK5   BANK6   BANK7   BANK8   BANK9  BANK10  BANK11  BANK12  BANK13  BANK14  BANK15
      Params:         0       4       0       0       0       0       0       0       0       0       0       0       0       0       0       0       0
      Locals:         0       3       0       0       0       0       0       0       0       0       0       0       0       0       0       0       0
      Temps:          0       0       0       0       0       0       0       0       0       0       0       0       0       0       0       0       0
      Totals:         0       7       0       0       0       0       0       0       0       0       0       0       0       0       0       0       0
Total ram usage:        7 bytes
 Hardware stack levels used:    1
 Hardware stack levels required when called:    6
 This function calls:
		Nothing
 This function is called by:
		_sprintf
 This function uses a non-reentrant model


 *************** function _SPIReadWrite *****************
 Defined at:
		line 81 in file "SPI.c"
 Parameters:    Size  Location     Type
  byte            1    wreg     unsigned char 
 Auto vars:     Size  Location     Type
  byte            1    0[BANK0 ] unsigned char 
  r               1    1[BANK0 ] unsigned char 
 Return value:  Size  Location     Type
                  1    wreg      unsigned char 
 Registers used:
		wreg, status,2
 Tracked objects:
		On entry : 
		On exit  : 
		Unchanged: 
 Data sizes:     COMRAM   BANK0   BANK1   BANK2   BANK3   BANK4   BANK5   BANK6   BANK7   BANK8   BANK9  BANK10  BANK11  BANK12  BANK13  BANK14  BANK15
      Params:         0       0       0       0       0       0       0       0       0       0       0       0       0       0       0       0       0
      Locals:         0       2       0       0       0       0       0       0       0       0       0       0       0       0       0       0       0
      Temps:          0       0       0       0       0       0       0       0       0       0       0       0       0       0       0       0       0
      Totals:         0       2       0       0       0       0       0       0       0       0       0       0       0       0       0       0       0
Total ram usage:        2 bytes
 Hardware stack levels used:    1
 Hardware stack levels required when called:    6
 This function calls:
		Nothing
 This function is called by:
		_main
 This function uses a non-reentrant model


 *************** function _LCDWriteLine *****************
 Defined at:
		line 59 in file "LCD.c"
 Parameters:    Size  Location     Type
  str             2   13[BANK0 ] PTR const unsigned char 
		 -> line1str(17), line2str(17), LCDScroll@str(17), 
  line            1   15[BANK0 ] unsigned char 
 Auto vars:     Size  Location     Type
		None
 Return value:  Size  Location     Type
		None               void
 Registers used:
		wreg, fsr2l, fsr2h, status,2, status,0, prodl, prodh, cstack
 Tracked objects:
		On entry : 
		On exit  : 
		Unchanged: 
 Data sizes:     COMRAM   BANK0   BANK1   BANK2   BANK3   BANK4   BANK5   BANK6   BANK7   BANK8   BANK9  BANK10  BANK11  BANK12  BANK13  BANK14  BANK15
      Params:         0       3       0       0       0       0       0       0       0       0       0       0       0       0       0       0       0
      Locals:         0       0       0       0       0       0       0       0       0       0       0       0       0       0       0       0       0
      Temps:          0       1       0       0       0       0       0       0       0       0       0       0       0       0       0       0       0
      Totals:         0       4       0       0       0       0       0       0       0       0       0       0       0       0       0       0       0
Total ram usage:        4 bytes
 Hardware stack levels used:    1
 Hardware stack levels required when called:   10
 This function calls:
		_LCDSetPos
		_LCDWriteData
 This function is called by:
		_main
		_LCDScroll
 This function uses a non-reentrant model


 *************** function _LCDInit *****************
 Defined at:
		line 24 in file "LCD.c"
 Parameters:    Size  Location     Type
		None
 Auto vars:     Size  Location     Type
  functionSet     1    7[BANK0 ] unsigned char 
 Return value:  Size  Location     Type
		None               void
 Registers used:
		wreg, status,2, status,0, cstack
 Tracked objects:
		On entry : 
		On exit  : 
		Unchanged: 
 Data sizes:     COMRAM   BANK0   BANK1   BANK2   BANK3   BANK4   BANK5   BANK6   BANK7   BANK8   BANK9  BANK10  BANK11  BANK12  BANK13  BANK14  BANK15
      Params:         0       0       0       0       0       0       0       0       0       0       0       0       0       0       0       0       0
      Locals:         0       1       0       0       0       0       0       0       0       0       0       0       0       0       0       0       0
      Temps:          0       1       0       0       0       0       0       0       0       0       0       0       0       0       0       0       0
      Totals:         0       2       0       0       0       0       0       0       0       0       0       0       0       0       0       0       0
Total ram usage:        2 bytes
 Hardware stack levels used:    1
 Hardware stack levels required when called:    9
 This function calls:
		_LCDInitCommand
		_LCDInitPort
 This function is called by:
		_main
 This function uses a non-reentrant model


 *************** function _LCDInitPort *****************
 Defined at:
		line 287 in file "LCD.c"
 Parameters:    Size  Location     Type
		None
 Auto vars:     Size  Location     Type
		None
 Return value:  Size  Location     Type
		None               void
 Registers used:
		wreg, status,2, cstack
 Tracked objects:
		On entry : 
		On exit  : 
		Unchanged: 
 Data sizes:     COMRAM   BANK0   BANK1   BANK2   BANK3   BANK4   BANK5   BANK6   BANK7   BANK8   BANK9  BANK10  BANK11  BANK12  BANK13  BANK14  BANK15
      Params:         0       0       0       0       0       0       0       0       0       0       0       0       0       0       0       0       0
      Locals:         0       0       0       0       0       0       0       0       0       0       0       0       0       0       0       0       0
      Temps:          0       0       0       0       0       0       0       0       0       0       0       0       0       0       0       0       0
      Totals:         0       0       0       0       0       0       0       0       0       0       0       0       0       0       0       0       0
Total ram usage:        0 bytes
 Hardware stack levels used:    1
 Hardware stack levels required when called:    7
 This function calls:
		_WriteRegister
 This function is called by:
		_LCDInit
 This function uses a non-reentrant model


 *************** function _LCDInitCommand *****************
 Defined at:
		line 193 in file "LCD.c"
 Parameters:    Size  Location     Type
  command         1    wreg     unsigned char 
 Auto vars:     Size  Location     Type
  command         1    5[BANK0 ] unsigned char 
 Return value:  Size  Location     Type
		None               void
 Registers used:
		wreg, status,2, status,0, cstack
 Tracked objects:
		On entry : 
		On exit  : 
		Unchanged: 
 Data sizes:     COMRAM   BANK0   BANK1   BANK2   BANK3   BANK4   BANK5   BANK6   BANK7   BANK8   BANK9  BANK10  BANK11  BANK12  BANK13  BANK14  BANK15
      Params:         0       0       0       0       0       0       0       0       0       0       0       0       0       0       0       0       0
      Locals:         0       1       0       0       0       0       0       0       0       0       0       0       0       0       0       0       0
      Temps:          0       0       0       0       0       0       0       0       0       0       0       0       0       0       0       0       0
      Totals:         0       1       0       0       0       0       0       0       0       0       0       0       0       0       0       0       0
Total ram usage:        1 bytes
 Hardware stack levels used:    1
 Hardware stack levels required when called:    8
 This function calls:
		_LCDWriteByte
 This function is called by:
		_LCDInit
 This function uses a non-reentrant model


 *************** function _LCDClearLine *****************
 Defined at:
		line 80 in file "LCD.c"
 Parameters:    Size  Location     Type
  line            1    wreg     unsigned char 
 Auto vars:     Size  Location     Type
  line            1   14[BANK0 ] unsigned char 
  c               1   13[BANK0 ] unsigned char 
 Return value:  Size  Location     Type
		None               void
 Registers used:
		wreg, status,2, status,0, prodl, prodh, cstack
 Tracked objects:
		On entry : 
		On exit  : 
		Unchanged: 
 Data sizes:     COMRAM   BANK0   BANK1   BANK2   BANK3   BANK4   BANK5   BANK6   BANK7   BANK8   BANK9  BANK10  BANK11  BANK12  BANK13  BANK14  BANK15
      Params:         0       0       0       0       0       0       0       0       0       0       0       0       0       0       0       0       0
      Locals:         0       2       0       0       0       0       0       0       0       0       0       0       0       0       0       0       0
      Temps:          0       0       0       0       0       0       0       0       0       0       0       0       0       0       0       0       0
      Totals:         0       2       0       0       0       0       0       0       0       0       0       0       0       0       0       0       0
Total ram usage:        2 bytes
 Hardware stack levels used:    1
 Hardware stack levels required when called:   10
 This function calls:
		_LCDSetPos
		_LCDWriteData
 This function is called by:
		_main
		_LCDScroll
 This function uses a non-reentrant model


 *************** function _LCDWriteData *****************
 Defined at:
		line 197 in file "LCD.c"
 Parameters:    Size  Location     Type
  c               1    wreg     unsigned char 
 Auto vars:     Size  Location     Type
  c               1    5[BANK0 ] unsigned char 
 Return value:  Size  Location     Type
		None               void
 Registers used:
		wreg, status,2, status,0, cstack
 Tracked objects:
		On entry : 
		On exit  : 
		Unchanged: 
 Data sizes:     COMRAM   BANK0   BANK1   BANK2   BANK3   BANK4   BANK5   BANK6   BANK7   BANK8   BANK9  BANK10  BANK11  BANK12  BANK13  BANK14  BANK15
      Params:         0       0       0       0       0       0       0       0       0       0       0       0       0       0       0       0       0
      Locals:         0       1       0       0       0       0       0       0       0       0       0       0       0       0       0       0       0
      Temps:          0       0       0       0       0       0       0       0       0       0       0       0       0       0       0       0       0
      Totals:         0       1       0       0       0       0       0       0       0       0       0       0       0       0       0       0       0
Total ram usage:        1 bytes
 Hardware stack levels used:    1
 Hardware stack levels required when called:    8
 This function calls:
		_LCDWriteByte
		_shortDelay
		_wait
 This function is called by:
		_LCDWriteLine
		_LCDClearLine
		_LCDPutStr
		_LCDPutChar
		_LCDLoadCustomChar
 This function uses a non-reentrant model


 *************** function _LCDSetPos *****************
 Defined at:
		line 96 in file "LCD.c"
 Parameters:    Size  Location     Type
  row             2    6[BANK0 ] int 
  col             2    8[BANK0 ] int 
 Auto vars:     Size  Location     Type
  pos             2   11[BANK0 ] int 
 Return value:  Size  Location     Type
		None               void
 Registers used:
		wreg, status,2, status,0, prodl, prodh, cstack
 Tracked objects:
		On entry : 
		On exit  : 
		Unchanged: 
 Data sizes:     COMRAM   BANK0   BANK1   BANK2   BANK3   BANK4   BANK5   BANK6   BANK7   BANK8   BANK9  BANK10  BANK11  BANK12  BANK13  BANK14  BANK15
      Params:         0       4       0       0       0       0       0       0       0       0       0       0       0       0       0       0       0
      Locals:         0       2       0       0       0       0       0       0       0       0       0       0       0       0       0       0       0
      Temps:          0       1       0       0       0       0       0       0       0       0       0       0       0       0       0       0       0
      Totals:         0       7       0       0       0       0       0       0       0       0       0       0       0       0       0       0       0
Total ram usage:        7 bytes
 Hardware stack levels used:    1
 Hardware stack levels required when called:    9
 This function calls:
		_LCDCommand
		_calculateBase
 This function is called by:
		_LCDWriteLine
		_LCDClearLine
		_LCDReadLine
 This function uses a non-reentrant model


 *************** function _calculateBase *****************
 Defined at:
		line 225 in file "LCD.c"
 Parameters:    Size  Location     Type
  line            1    wreg     unsigned char 
 Auto vars:     Size  Location     Type
  line            1    1[BANK0 ] unsigned char 
  base            1    0[BANK0 ] unsigned char 
 Return value:  Size  Location     Type
                  1    wreg      unsigned char 
 Registers used:
		wreg, status,2, status,0, prodl, prodh
 Tracked objects:
		On entry : 
		On exit  : 
		Unchanged: 
 Data sizes:     COMRAM   BANK0   BANK1   BANK2   BANK3   BANK4   BANK5   BANK6   BANK7   BANK8   BANK9  BANK10  BANK11  BANK12  BANK13  BANK14  BANK15
      Params:         0       0       0       0       0       0       0       0       0       0       0       0       0       0       0       0       0
      Locals:         0       2       0       0       0       0       0       0       0       0       0       0       0       0       0       0       0
      Temps:          0       0       0       0       0       0       0       0       0       0       0       0       0       0       0       0       0
      Totals:         0       2       0       0       0       0       0       0       0       0       0       0       0       0       0       0       0
Total ram usage:        2 bytes
 Hardware stack levels used:    1
 Hardware stack levels required when called:    6
 This function calls:
		Nothing
 This function is called by:
		_LCDSetPos
 This function uses a non-reentrant model


 *************** function _LCDClear *****************
 Defined at:
		line 47 in file "LCD.c"
 Parameters:    Size  Location     Type
		None
 Auto vars:     Size  Location     Type
		None
 Return value:  Size  Location     Type
		None               void
 Registers used:
		wreg, status,2, status,0, cstack
 Tracked objects:
		On entry : 
		On exit  : 
		Unchanged: 
 Data sizes:     COMRAM   BANK0   BANK1   BANK2   BANK3   BANK4   BANK5   BANK6   BANK7   BANK8   BANK9  BANK10  BANK11  BANK12  BANK13  BANK14  BANK15
      Params:         0       0       0       0       0       0       0       0       0       0       0       0       0       0       0       0       0
      Locals:         0       0       0       0       0       0       0       0       0       0       0       0       0       0       0       0       0
      Temps:          0       0       0       0       0       0       0       0       0       0       0       0       0       0       0       0       0
      Totals:         0       0       0       0       0       0       0       0       0       0       0       0       0       0       0       0       0
Total ram usage:        0 bytes
 Hardware stack levels used:    1
 Hardware stack levels required when called:    9
 This function calls:
		_LCDCommand
		_longDelay
 This function is called by:
		_main
 This function uses a non-reentrant model


 *************** function _longDelay *****************
 Defined at:
		line 241 in file "LCD.c"
 Parameters:    Size  Location     Type
		None
 Auto vars:     Size  Location     Type
		None
 Return value:  Size  Location     Type
		None               void
 Registers used:
		wreg
 Tracked objects:
		On entry : 
		On exit  : 
		Unchanged: 
 Data sizes:     COMRAM   BANK0   BANK1   BANK2   BANK3   BANK4   BANK5   BANK6   BANK7   BANK8   BANK9  BANK10  BANK11  BANK12  BANK13  BANK14  BANK15
      Params:         0       0       0       0       0       0       0       0       0       0       0       0       0       0       0       0       0
      Locals:         0       0       0       0       0       0       0       0       0       0       0       0       0       0       0       0       0
      Temps:          0       1       0       0       0       0       0       0       0       0       0       0       0       0       0       0       0
      Totals:         0       1       0       0       0       0       0       0       0       0       0       0       0       0       0       0       0
Total ram usage:        1 bytes
 Hardware stack levels used:    1
 Hardware stack levels required when called:    6
 This function calls:
		Nothing
 This function is called by:
		_LCDClear
 This function uses a non-reentrant model


 *************** function _LCDCommand *****************
 Defined at:
		line 187 in file "LCD.c"
 Parameters:    Size  Location     Type
  command         1    wreg     unsigned char 
 Auto vars:     Size  Location     Type
  command         1    5[BANK0 ] unsigned char 
 Return value:  Size  Location     Type
		None               void
 Registers used:
		wreg, status,2, status,0, cstack
 Tracked objects:
		On entry : 
		On exit  : 
		Unchanged: 
 Data sizes:     COMRAM   BANK0   BANK1   BANK2   BANK3   BANK4   BANK5   BANK6   BANK7   BANK8   BANK9  BANK10  BANK11  BANK12  BANK13  BANK14  BANK15
      Params:         0       0       0       0       0       0       0       0       0       0       0       0       0       0       0       0       0
      Locals:         0       1       0       0       0       0       0       0       0       0       0       0       0       0       0       0       0
      Temps:          0       0       0       0       0       0       0       0       0       0       0       0       0       0       0       0       0
      Totals:         0       1       0       0       0       0       0       0       0       0       0       0       0       0       0       0       0
Total ram usage:        1 bytes
 Hardware stack levels used:    1
 Hardware stack levels required when called:    8
 This function calls:
		_LCDWriteByte
		_shortDelay
		_wait
 This function is called by:
		_LCDClear
		_LCDSetPos
		_LCDLoadCustomChar
		_LCDScroll
		_LCDDisplay
 This function uses a non-reentrant model


 *************** function _wait *****************
 Defined at:
		line 235 in file "LCD.c"
 Parameters:    Size  Location     Type
		None
 Auto vars:     Size  Location     Type
		None
 Return value:  Size  Location     Type
		None               void
 Registers used:
		None
 Tracked objects:
		On entry : 
		On exit  : 
		Unchanged: 
 Data sizes:     COMRAM   BANK0   BANK1   BANK2   BANK3   BANK4   BANK5   BANK6   BANK7   BANK8   BANK9  BANK10  BANK11  BANK12  BANK13  BANK14  BANK15
      Params:         0       0       0       0       0       0       0       0       0       0       0       0       0       0       0       0       0
      Locals:         0       0       0       0       0       0       0       0       0       0       0       0       0       0       0       0       0
      Temps:          0       0       0       0       0       0       0       0       0       0       0       0       0       0       0       0       0
      Totals:         0       0       0       0       0       0       0       0       0       0       0       0       0       0       0       0       0
Total ram usage:        0 bytes
 Hardware stack levels used:    1
 Hardware stack levels required when called:    6
 This function calls:
		Nothing
 This function is called by:
		_LCDCommand
		_LCDWriteData
		_LCDReadData
		_LCDGetAC
 This function uses a non-reentrant model


 *************** function _shortDelay *****************
 Defined at:
		line 247 in file "LCD.c"
 Parameters:    Size  Location     Type
		None
 Auto vars:     Size  Location     Type
		None
 Return value:  Size  Location     Type
		None               void
 Registers used:
		wreg
 Tracked objects:
		On entry : 
		On exit  : 
		Unchanged: 
 Data sizes:     COMRAM   BANK0   BANK1   BANK2   BANK3   BANK4   BANK5   BANK6   BANK7   BANK8   BANK9  BANK10  BANK11  BANK12  BANK13  BANK14  BANK15
      Params:         0       0       0       0       0       0       0       0       0       0       0       0       0       0       0       0       0
      Locals:         0       0       0       0       0       0       0       0       0       0       0       0       0       0       0       0       0
      Temps:          0       0       0       0       0       0       0       0       0       0       0       0       0       0       0       0       0
      Totals:         0       0       0       0       0       0       0       0       0       0       0       0       0       0       0       0       0
Total ram usage:        0 bytes
 Hardware stack levels used:    1
 Hardware stack levels required when called:    6
 This function calls:
		Nothing
 This function is called by:
		_LCDCommand
		_LCDWriteData
		_LCDReadData
		_LCDGetAC
 This function uses a non-reentrant model


 *************** function _LCDWriteByte *****************
 Defined at:
		line 260 in file "LCD.c"
 Parameters:    Size  Location     Type
  c               1    wreg     unsigned char 
  rs              1    2[BANK0 ] unsigned char 
 Auto vars:     Size  Location     Type
  c               1    3[BANK0 ] unsigned char 
  comFlags        1    4[BANK0 ] unsigned char 
 Return value:  Size  Location     Type
		None               void
 Registers used:
		wreg, status,2, status,0, cstack
 Tracked objects:
		On entry : 
		On exit  : 
		Unchanged: 
 Data sizes:     COMRAM   BANK0   BANK1   BANK2   BANK3   BANK4   BANK5   BANK6   BANK7   BANK8   BANK9  BANK10  BANK11  BANK12  BANK13  BANK14  BANK15
      Params:         0       1       0       0       0       0       0       0       0       0       0       0       0       0       0       0       0
      Locals:         0       2       0       0       0       0       0       0       0       0       0       0       0       0       0       0       0
      Temps:          0       0       0       0       0       0       0       0       0       0       0       0       0       0       0       0       0
      Totals:         0       3       0       0       0       0       0       0       0       0       0       0       0       0       0       0       0
Total ram usage:        3 bytes
 Hardware stack levels used:    1
 Hardware stack levels required when called:    7
 This function calls:
		_WriteRegister
 This function is called by:
		_LCDCommand
		_LCDInitCommand
		_LCDWriteData
 This function uses a non-reentrant model


 *************** function _WriteRegister *****************
 Defined at:
		line 320 in file "LCD.c"
 Parameters:    Size  Location     Type
  reg             1    wreg     unsigned char 
  b               1    0[BANK0 ] unsigned char 
 Auto vars:     Size  Location     Type
  reg             1    1[BANK0 ] unsigned char 
 Return value:  Size  Location     Type
		None               void
 Registers used:
		wreg, status,2
 Tracked objects:
		On entry : 
		On exit  : 
		Unchanged: 
 Data sizes:     COMRAM   BANK0   BANK1   BANK2   BANK3   BANK4   BANK5   BANK6   BANK7   BANK8   BANK9  BANK10  BANK11  BANK12  BANK13  BANK14  BANK15
      Params:         0       1       0       0       0       0       0       0       0       0       0       0       0       0       0       0       0
      Locals:         0       1       0       0       0       0       0       0       0       0       0       0       0       0       0       0       0
      Temps:          0       0       0       0       0       0       0       0       0       0       0       0       0       0       0       0       0
      Totals:         0       2       0       0       0       0       0       0       0       0       0       0       0       0       0       0       0
Total ram usage:        2 bytes
 Hardware stack levels used:    1
 Hardware stack levels required when called:    6
 This function calls:
		Nothing
 This function is called by:
		_LCDWriteByte
		_LCDInitPort
 This function uses a non-reentrant model


 *************** function _InitPins *****************
 Defined at:
		line 91 in file "SPI.c"
 Parameters:    Size  Location     Type
		None
 Auto vars:     Size  Location     Type
		None
 Return value:  Size  Location     Type
		None               void
 Registers used:
		wreg, status,2
 Tracked objects:
		On entry : 
		On exit  : 
		Unchanged: 
 Data sizes:     COMRAM   BANK0   BANK1   BANK2   BANK3   BANK4   BANK5   BANK6   BANK7   BANK8   BANK9  BANK10  BANK11  BANK12  BANK13  BANK14  BANK15
      Params:         0       0       0       0       0       0       0       0       0       0       0       0       0       0       0       0       0
      Locals:         0       0       0       0       0       0       0       0       0       0       0       0       0       0       0       0       0
      Temps:          0       0       0       0       0       0       0       0       0       0       0       0       0       0       0       0       0
      Totals:         0       0       0       0       0       0       0       0       0       0       0       0       0       0       0       0       0
Total ram usage:        0 bytes
 Hardware stack levels used:    1
 Hardware stack levels required when called:    6
 This function calls:
		Nothing
 This function is called by:
		_main
 This function uses a non-reentrant model


 *************** function _ConfigPeriph *****************
 Defined at:
		line 124 in file "SPI.c"
 Parameters:    Size  Location     Type
		None
 Auto vars:     Size  Location     Type
		None
 Return value:  Size  Location     Type
		None               void
 Registers used:
		wreg, status,2
 Tracked objects:
		On entry : 
		On exit  : 
		Unchanged: 
 Data sizes:     COMRAM   BANK0   BANK1   BANK2   BANK3   BANK4   BANK5   BANK6   BANK7   BANK8   BANK9  BANK10  BANK11  BANK12  BANK13  BANK14  BANK15
      Params:         0       0       0       0       0       0       0       0       0       0       0       0       0       0       0       0       0
      Locals:         0       0       0       0       0       0       0       0       0       0       0       0       0       0       0       0       0
      Temps:          0       0       0       0       0       0       0       0       0       0       0       0       0       0       0       0       0
      Totals:         0       0       0       0       0       0       0       0       0       0       0       0       0       0       0       0       0
Total ram usage:        0 bytes
 Hardware stack levels used:    1
 Hardware stack levels required when called:    6
 This function calls:
		Nothing
 This function is called by:
		_main
 This function uses a non-reentrant model


 *************** function _ConfigInterrupts *****************
 Defined at:
		line 107 in file "SPI.c"
 Parameters:    Size  Location     Type
		None
 Auto vars:     Size  Location     Type
		None
 Return value:  Size  Location     Type
		None               void
 Registers used:
		None
 Tracked objects:
		On entry : 
		On exit  : 
		Unchanged: 
 Data sizes:     COMRAM   BANK0   BANK1   BANK2   BANK3   BANK4   BANK5   BANK6   BANK7   BANK8   BANK9  BANK10  BANK11  BANK12  BANK13  BANK14  BANK15
      Params:         0       0       0       0       0       0       0       0       0       0       0       0       0       0       0       0       0
      Locals:         0       0       0       0       0       0       0       0       0       0       0       0       0       0       0       0       0
      Temps:          0       0       0       0       0       0       0       0       0       0       0       0       0       0       0       0       0
      Totals:         0       0       0       0       0       0       0       0       0       0       0       0       0       0       0       0       0
Total ram usage:        0 bytes
 Hardware stack levels used:    1
 Hardware stack levels required when called:    6
 This function calls:
		Nothing
 This function is called by:
		_main
 This function uses a non-reentrant model


 *************** function _HighIsr *****************
 Defined at:
		line 136 in file "SPI.c"
 Parameters:    Size  Location     Type
		None
 Auto vars:     Size  Location     Type
  i               2   43[COMRAM] int 
 Return value:  Size  Location     Type
		None               void
 Registers used:
		wreg, fsr0l, fsr0h, fsr2l, fsr2h, status,2, status,0, tblptrl, tblptrh, tblptru, prodl, prodh, cstack
 Tracked objects:
		On entry : 
		On exit  : 
		Unchanged: 
 Data sizes:     COMRAM   BANK0   BANK1   BANK2   BANK3   BANK4   BANK5   BANK6   BANK7   BANK8   BANK9  BANK10  BANK11  BANK12  BANK13  BANK14  BANK15
      Params:         0       0       0       0       0       0       0       0       0       0       0       0       0       0       0       0       0
      Locals:         2       0       0       0       0       0       0       0       0       0       0       0       0       0       0       0       0
      Temps:         15       0       0       0       0       0       0       0       0       0       0       0       0       0       0       0       0
      Totals:        17       0       0       0       0       0       0       0       0       0       0       0       0       0       0       0       0
Total ram usage:       17 bytes
 Hardware stack levels used:    1
 Hardware stack levels required when called:    5
 This function calls:
		i2_LCDClearLine
		i2_LCDWriteLine
		i2_SPIReadWrite
		i2_sprintf
 This function is called by:
		Interrupt level 2
 This function uses a non-reentrant model


 *************** function i2_sprintf *****************
 Defined at:
		line 492 in file "C:\Program Files (x86)\Microchip\xc8\v1.35\sources\common\doprnt.c"
 Parameters:    Size  Location     Type
  sp              2   12[COMRAM] PTR unsigned char 
		 -> line1str(17), line2str(17), 
  f               2   14[COMRAM] PTR const unsigned char 
		 -> STR_3(9), STR_2(3), STR_1(8), 
 Auto vars:     Size  Location     Type
  sprintf         4    0        struct .
  sprintf         2   25[COMRAM] unsigned int 
  sprintf         2   23[COMRAM] PTR const unsigned char 
		 -> STR_4(7), str(11), rdStr(16), 
  sprintf         2   21[COMRAM] PTR void [1]
		 -> ?i2_sprintf(2), ?_sprintf(2), 
  sprintf         2    0        unsigned int 
  sprintf         1   27[COMRAM] char 
  sprintf         1   20[COMRAM] char 
  sprintf         1   19[COMRAM] unsigned char 
 Return value:  Size  Location     Type
                  2   12[COMRAM] int 
 Registers used:
		wreg, fsr0l, fsr0h, fsr2l, fsr2h, status,2, status,0, tblptrl, tblptrh, tblptru, prodl, prodh, cstack
 Tracked objects:
		On entry : 
		On exit  : 
		Unchanged: 
 Data sizes:     COMRAM   BANK0   BANK1   BANK2   BANK3   BANK4   BANK5   BANK6   BANK7   BANK8   BANK9  BANK10  BANK11  BANK12  BANK13  BANK14  BANK15
      Params:         6       0       0       0       0       0       0       0       0       0       0       0       0       0       0       0       0
      Locals:         9       0       0       0       0       0       0       0       0       0       0       0       0       0       0       0       0
      Temps:          1       0       0       0       0       0       0       0       0       0       0       0       0       0       0       0       0
      Totals:        16       0       0       0       0       0       0       0       0       0       0       0       0       0       0       0       0
Total ram usage:       16 bytes
 Hardware stack levels used:    1
 Hardware stack levels required when called:    1
 This function calls:
		i2___lwdiv
		i2___lwmod
 This function is called by:
		_HighIsr
 This function uses a non-reentrant model


 *************** function i2___lwmod *****************
 Defined at:
		line 8 in file "C:\Program Files (x86)\Microchip\xc8\v1.35\sources\common\lwmod.c"
 Parameters:    Size  Location     Type
  dividend        2    7[COMRAM] unsigned int 
  divisor         2    9[COMRAM] unsigned int 
 Auto vars:     Size  Location     Type
  __lwmod         1   11[COMRAM] unsigned char 
 Return value:  Size  Location     Type
                  2    7[COMRAM] unsigned int 
 Registers used:
		wreg, status,2, status,0
 Tracked objects:
		On entry : 
		On exit  : 
		Unchanged: 
 Data sizes:     COMRAM   BANK0   BANK1   BANK2   BANK3   BANK4   BANK5   BANK6   BANK7   BANK8   BANK9  BANK10  BANK11  BANK12  BANK13  BANK14  BANK15
      Params:         4       0       0       0       0       0       0       0       0       0       0       0       0       0       0       0       0
      Locals:         1       0       0       0       0       0       0       0       0       0       0       0       0       0       0       0       0
      Temps:          0       0       0       0       0       0       0       0       0       0       0       0       0       0       0       0       0
      Totals:         5       0       0       0       0       0       0       0       0       0       0       0       0       0       0       0       0
Total ram usage:        5 bytes
 Hardware stack levels used:    1
 This function calls:
		Nothing
 This function is called by:
		i2_sprintf
 This function uses a non-reentrant model


 *************** function i2___lwdiv *****************
 Defined at:
		line 8 in file "C:\Program Files (x86)\Microchip\xc8\v1.35\sources\common\lwdiv.c"
 Parameters:    Size  Location     Type
  dividend        2    0[COMRAM] unsigned int 
  divisor         2    2[COMRAM] unsigned int 
 Auto vars:     Size  Location     Type
  __lwdiv         2    4[COMRAM] unsigned int 
  __lwdiv         1    6[COMRAM] unsigned char 
 Return value:  Size  Location     Type
                  2    0[COMRAM] unsigned int 
 Registers used:
		wreg, status,2, status,0
 Tracked objects:
		On entry : 
		On exit  : 
		Unchanged: 
 Data sizes:     COMRAM   BANK0   BANK1   BANK2   BANK3   BANK4   BANK5   BANK6   BANK7   BANK8   BANK9  BANK10  BANK11  BANK12  BANK13  BANK14  BANK15
      Params:         4       0       0       0       0       0       0       0       0       0       0       0       0       0       0       0       0
      Locals:         3       0       0       0       0       0       0       0       0       0       0       0       0       0       0       0       0
      Temps:          0       0       0       0       0       0       0       0       0       0       0       0       0       0       0       0       0
      Totals:         7       0       0       0       0       0       0       0       0       0       0       0       0       0       0       0       0
Total ram usage:        7 bytes
 Hardware stack levels used:    1
 This function calls:
		Nothing
 This function is called by:
		i2_sprintf
 This function uses a non-reentrant model


 *************** function i2_SPIReadWrite *****************
 Defined at:
		line 81 in file "SPI.c"
 Parameters:    Size  Location     Type
  byte            1    wreg     unsigned char 
 Auto vars:     Size  Location     Type
  byte            1    0[COMRAM] unsigned char 
  SPIReadWrite    1    1[COMRAM] unsigned char 
 Return value:  Size  Location     Type
                  1    wreg      unsigned char 
 Registers used:
		wreg
 Tracked objects:
		On entry : 
		On exit  : 
		Unchanged: 
 Data sizes:     COMRAM   BANK0   BANK1   BANK2   BANK3   BANK4   BANK5   BANK6   BANK7   BANK8   BANK9  BANK10  BANK11  BANK12  BANK13  BANK14  BANK15
      Params:         0       0       0       0       0       0       0       0       0       0       0       0       0       0       0       0       0
      Locals:         2       0       0       0       0       0       0       0       0       0       0       0       0       0       0       0       0
      Temps:          0       0       0       0       0       0       0       0       0       0       0       0       0       0       0       0       0
      Totals:         2       0       0       0       0       0       0       0       0       0       0       0       0       0       0       0       0
Total ram usage:        2 bytes
 Hardware stack levels used:    1
 This function calls:
		Nothing
 This function is called by:
		_HighIsr
 This function uses a non-reentrant model


 *************** function i2_LCDWriteLine *****************
 Defined at:
		line 59 in file "LCD.c"
 Parameters:    Size  Location     Type
  str             2   13[COMRAM] PTR const unsigned char 
		 -> line1str(17), line2str(17), LCDScroll@str(17), 
  line            1   15[COMRAM] unsigned char 
 Auto vars:     Size  Location     Type
		None
 Return value:  Size  Location     Type
		None               void
 Registers used:
		wreg, fsr2l, fsr2h, status,2, status,0, prodl, prodh, cstack
 Tracked objects:
		On entry : 
		On exit  : 
		Unchanged: 
 Data sizes:     COMRAM   BANK0   BANK1   BANK2   BANK3   BANK4   BANK5   BANK6   BANK7   BANK8   BANK9  BANK10  BANK11  BANK12  BANK13  BANK14  BANK15
      Params:         3       0       0       0       0       0       0       0       0       0       0       0       0       0       0       0       0
      Locals:         0       0       0       0       0       0       0       0       0       0       0       0       0       0       0       0       0
      Temps:          1       0       0       0       0       0       0       0       0       0       0       0       0       0       0       0       0
      Totals:         4       0       0       0       0       0       0       0       0       0       0       0       0       0       0       0       0
Total ram usage:        4 bytes
 Hardware stack levels used:    1
 Hardware stack levels required when called:    4
 This function calls:
		i2_LCDSetPos
		i2_LCDWriteData
 This function is called by:
		_HighIsr
 This function uses a non-reentrant model


 *************** function i2_LCDClearLine *****************
 Defined at:
		line 80 in file "LCD.c"
 Parameters:    Size  Location     Type
  line            1    wreg     unsigned char 
 Auto vars:     Size  Location     Type
  line            1   13[COMRAM] unsigned char 
  LCDClearLine    1   14[COMRAM] unsigned char 
 Return value:  Size  Location     Type
		None               void
 Registers used:
		wreg, status,2, status,0, prodl, prodh, cstack
 Tracked objects:
		On entry : 
		On exit  : 
		Unchanged: 
 Data sizes:     COMRAM   BANK0   BANK1   BANK2   BANK3   BANK4   BANK5   BANK6   BANK7   BANK8   BANK9  BANK10  BANK11  BANK12  BANK13  BANK14  BANK15
      Params:         0       0       0       0       0       0       0       0       0       0       0       0       0       0       0       0       0
      Locals:         2       0       0       0       0       0       0       0       0       0       0       0       0       0       0       0       0
      Temps:          0       0       0       0       0       0       0       0       0       0       0       0       0       0       0       0       0
      Totals:         2       0       0       0       0       0       0       0       0       0       0       0       0       0       0       0       0
Total ram usage:        2 bytes
 Hardware stack levels used:    1
 Hardware stack levels required when called:    4
 This function calls:
		i2_LCDSetPos
		i2_LCDWriteData
 This function is called by:
		_HighIsr
 This function uses a non-reentrant model


 *************** function i2_LCDWriteData *****************
 Defined at:
		line 197 in file "LCD.c"
 Parameters:    Size  Location     Type
  c               1    wreg     unsigned char 
 Auto vars:     Size  Location     Type
  c               1    5[COMRAM] unsigned char 
 Return value:  Size  Location     Type
		None               void
 Registers used:
		wreg, status,2, status,0, cstack
 Tracked objects:
		On entry : 
		On exit  : 
		Unchanged: 
 Data sizes:     COMRAM   BANK0   BANK1   BANK2   BANK3   BANK4   BANK5   BANK6   BANK7   BANK8   BANK9  BANK10  BANK11  BANK12  BANK13  BANK14  BANK15
      Params:         0       0       0       0       0       0       0       0       0       0       0       0       0       0       0       0       0
      Locals:         1       0       0       0       0       0       0       0       0       0       0       0       0       0       0       0       0
      Temps:          0       0       0       0       0       0       0       0       0       0       0       0       0       0       0       0       0
      Totals:         1       0       0       0       0       0       0       0       0       0       0       0       0       0       0       0       0
Total ram usage:        1 bytes
 Hardware stack levels used:    1
 Hardware stack levels required when called:    2
 This function calls:
		i2_LCDWriteByte
		i2_shortDelay
		i2_wait
 This function is called by:
		i2_LCDWriteLine
		i2_LCDClearLine
 This function uses a non-reentrant model


 *************** function i2_LCDSetPos *****************
 Defined at:
		line 96 in file "LCD.c"
 Parameters:    Size  Location     Type
  row             2    6[COMRAM] int 
  col             2    8[COMRAM] int 
 Auto vars:     Size  Location     Type
  LCDSetPos       2   11[COMRAM] int 
 Return value:  Size  Location     Type
		None               void
 Registers used:
		wreg, status,2, status,0, prodl, prodh, cstack
 Tracked objects:
		On entry : 
		On exit  : 
		Unchanged: 
 Data sizes:     COMRAM   BANK0   BANK1   BANK2   BANK3   BANK4   BANK5   BANK6   BANK7   BANK8   BANK9  BANK10  BANK11  BANK12  BANK13  BANK14  BANK15
      Params:         4       0       0       0       0       0       0       0       0       0       0       0       0       0       0       0       0
      Locals:         2       0       0       0       0       0       0       0       0       0       0       0       0       0       0       0       0
      Temps:          1       0       0       0       0       0       0       0       0       0       0       0       0       0       0       0       0
      Totals:         7       0       0       0       0       0       0       0       0       0       0       0       0       0       0       0       0
Total ram usage:        7 bytes
 Hardware stack levels used:    1
 Hardware stack levels required when called:    3
 This function calls:
		i2_LCDCommand
		i2_calculateBase
 This function is called by:
		i2_LCDWriteLine
		i2_LCDClearLine
 This function uses a non-reentrant model


 *************** function i2_calculateBase *****************
 Defined at:
		line 225 in file "LCD.c"
 Parameters:    Size  Location     Type
  line            1    wreg     unsigned char 
 Auto vars:     Size  Location     Type
  line            1    1[COMRAM] unsigned char 
  calculateBas    1    0[COMRAM] unsigned char 
 Return value:  Size  Location     Type
                  1    wreg      unsigned char 
 Registers used:
		wreg, status,2, status,0, prodl, prodh
 Tracked objects:
		On entry : 
		On exit  : 
		Unchanged: 
 Data sizes:     COMRAM   BANK0   BANK1   BANK2   BANK3   BANK4   BANK5   BANK6   BANK7   BANK8   BANK9  BANK10  BANK11  BANK12  BANK13  BANK14  BANK15
      Params:         0       0       0       0       0       0       0       0       0       0       0       0       0       0       0       0       0
      Locals:         2       0       0       0       0       0       0       0       0       0       0       0       0       0       0       0       0
      Temps:          0       0       0       0       0       0       0       0       0       0       0       0       0       0       0       0       0
      Totals:         2       0       0       0       0       0       0       0       0       0       0       0       0       0       0       0       0
Total ram usage:        2 bytes
 Hardware stack levels used:    1
 This function calls:
		Nothing
 This function is called by:
		i2_LCDSetPos
 This function uses a non-reentrant model


 *************** function i2_LCDCommand *****************
 Defined at:
		line 187 in file "LCD.c"
 Parameters:    Size  Location     Type
  command         1    wreg     unsigned char 
 Auto vars:     Size  Location     Type
  command         1    5[COMRAM] unsigned char 
 Return value:  Size  Location     Type
		None               void
 Registers used:
		wreg, status,2, status,0, cstack
 Tracked objects:
		On entry : 
		On exit  : 
		Unchanged: 
 Data sizes:     COMRAM   BANK0   BANK1   BANK2   BANK3   BANK4   BANK5   BANK6   BANK7   BANK8   BANK9  BANK10  BANK11  BANK12  BANK13  BANK14  BANK15
      Params:         0       0       0       0       0       0       0       0       0       0       0       0       0       0       0       0       0
      Locals:         1       0       0       0       0       0       0       0       0       0       0       0       0       0       0       0       0
      Temps:          0       0       0       0       0       0       0       0       0       0       0       0       0       0       0       0       0
      Totals:         1       0       0       0       0       0       0       0       0       0       0       0       0       0       0       0       0
Total ram usage:        1 bytes
 Hardware stack levels used:    1
 Hardware stack levels required when called:    2
 This function calls:
		i2_LCDWriteByte
		i2_shortDelay
		i2_wait
 This function is called by:
		i2_LCDSetPos
 This function uses a non-reentrant model


 *************** function i2_wait *****************
 Defined at:
		line 235 in file "LCD.c"
 Parameters:    Size  Location     Type
		None
 Auto vars:     Size  Location     Type
		None
 Return value:  Size  Location     Type
		None               void
 Registers used:
		None
 Tracked objects:
		On entry : 
		On exit  : 
		Unchanged: 
 Data sizes:     COMRAM   BANK0   BANK1   BANK2   BANK3   BANK4   BANK5   BANK6   BANK7   BANK8   BANK9  BANK10  BANK11  BANK12  BANK13  BANK14  BANK15
      Params:         0       0       0       0       0       0       0       0       0       0       0       0       0       0       0       0       0
      Locals:         0       0       0       0       0       0       0       0       0       0       0       0       0       0       0       0       0
      Temps:          0       0       0       0       0       0       0       0       0       0       0       0       0       0       0       0       0
      Totals:         0       0       0       0       0       0       0       0       0       0       0       0       0       0       0       0       0
Total ram usage:        0 bytes
 Hardware stack levels used:    1
 This function calls:
		Nothing
 This function is called by:
		i2_LCDCommand
		i2_LCDWriteData
 This function uses a non-reentrant model


 *************** function i2_shortDelay *****************
 Defined at:
		line 247 in file "LCD.c"
 Parameters:    Size  Location     Type
		None
 Auto vars:     Size  Location     Type
		None
 Return value:  Size  Location     Type
		None               void
 Registers used:
		wreg
 Tracked objects:
		On entry : 
		On exit  : 
		Unchanged: 
 Data sizes:     COMRAM   BANK0   BANK1   BANK2   BANK3   BANK4   BANK5   BANK6   BANK7   BANK8   BANK9  BANK10  BANK11  BANK12  BANK13  BANK14  BANK15
      Params:         0       0       0       0       0       0       0       0       0       0       0       0       0       0       0       0       0
      Locals:         0       0       0       0       0       0       0       0       0       0       0       0       0       0       0       0       0
      Temps:          0       0       0       0       0       0       0       0       0       0       0       0       0       0       0       0       0
      Totals:         0       0       0       0       0       0       0       0       0       0       0       0       0       0       0       0       0
Total ram usage:        0 bytes
 Hardware stack levels used:    1
 This function calls:
		Nothing
 This function is called by:
		i2_LCDCommand
		i2_LCDWriteData
 This function uses a non-reentrant model


 *************** function i2_LCDWriteByte *****************
 Defined at:
		line 260 in file "LCD.c"
 Parameters:    Size  Location     Type
  c               1    wreg     unsigned char 
  rs              1    2[COMRAM] unsigned char 
 Auto vars:     Size  Location     Type
  c               1    3[COMRAM] unsigned char 
  LCDWriteByte    1    4[COMRAM] unsigned char 
 Return value:  Size  Location     Type
		None               void
 Registers used:
		wreg, status,2, status,0, cstack
 Tracked objects:
		On entry : 
		On exit  : 
		Unchanged: 
 Data sizes:     COMRAM   BANK0   BANK1   BANK2   BANK3   BANK4   BANK5   BANK6   BANK7   BANK8   BANK9  BANK10  BANK11  BANK12  BANK13  BANK14  BANK15
      Params:         1       0       0       0       0       0       0       0       0       0       0       0       0       0       0       0       0
      Locals:         2       0       0       0       0       0       0       0       0       0       0       0       0       0       0       0       0
      Temps:          0       0       0       0       0       0       0       0       0       0       0       0       0       0       0       0       0
      Totals:         3       0       0       0       0       0       0       0       0       0       0       0       0       0       0       0       0
Total ram usage:        3 bytes
 Hardware stack levels used:    1
 Hardware stack levels required when called:    1
 This function calls:
		i2_WriteRegister
 This function is called by:
		i2_LCDCommand
		i2_LCDWriteData
 This function uses a non-reentrant model


 *************** function i2_WriteRegister *****************
 Defined at:
		line 320 in file "LCD.c"
 Parameters:    Size  Location     Type
  reg             1    wreg     unsigned char 
  b               1    0[COMRAM] unsigned char 
 Auto vars:     Size  Location     Type
  reg             1    1[COMRAM] unsigned char 
 Return value:  Size  Location     Type
		None               void
 Registers used:
		wreg, status,2
 Tracked objects:
		On entry : 
		On exit  : 
		Unchanged: 
 Data sizes:     COMRAM   BANK0   BANK1   BANK2   BANK3   BANK4   BANK5   BANK6   BANK7   BANK8   BANK9  BANK10  BANK11  BANK12  BANK13  BANK14  BANK15
      Params:         1       0       0       0       0       0       0       0       0       0       0       0       0       0       0       0       0
      Locals:         1       0       0       0       0       0       0       0       0       0       0       0       0       0       0       0       0
      Temps:          0       0       0       0       0       0       0       0       0       0       0       0       0       0       0       0       0
      Totals:         2       0       0       0       0       0       0       0       0       0       0       0       0       0       0       0       0
Total ram usage:        2 bytes
 Hardware stack levels used:    1
 This function calls:
		Nothing
 This function is called by:
		i2_LCDWriteByte
 This function uses a non-reentrant model



MODULE INFORMATION

Module		Function		Class		Link	Load	Size
C:\Program Files (x86)\Microchip\xc8\v1.35\sources\common\lwmod.c
		___lwmod       		CODE           	17AA	0000	99

C:\Program Files (x86)\Microchip\xc8\v1.35\sources\common\lwmod.c estimated size: 99

C:\Program Files (x86)\Microchip\xc8\v1.35\sources\common\doprnt.c
		_sprintf       		CODE           	1028	0000	565

C:\Program Files (x86)\Microchip\xc8\v1.35\sources\common\doprnt.c estimated size: 565

shared
		i2_LCDClearLine		CODE           	1A9E	0000	51
		i2_LCDWriteData		CODE           	1BCE	0000	23
		i2_LCDWriteLine		CODE           	163C	0000	145
		i2_LCDWriteByte		CODE           	1A2C	0000	61
		i2_wait        		CODE           	1C8C	0000	3
		_dpowers       		SMALLCONST     	1001	0000	11
		i2___lwdiv     		CODE           	18C8	0000	83
		i2_WriteRegister		CODE           	1B22	0000	39
		i2___lwmod     		CODE           	19AA	0000	67
		__initialization		CODE           	186C	0000	83
		i2_LCDSetPos   		CODE           	1964	0000	71
		i2_SPIReadWrite		CODE           	1C20	0000	19
		i2_sprintf     		CODE           	125C	0000	495
		i2_shortDelay  		CODE           	1C80	0000	11
		i2_LCDCommand  		CODE           	1BE4	0000	23
		i2_calculateBase		CODE           	1B48	0000	31

shared estimated size: 1216

SPI.c
		_HighIsr       		CODE           	0008	0000	281
		_InitPins      		CODE           	1BB6	0000	25
		_ConfigPeriph  		CODE           	1C42	0000	17
		_main          		CODE           	144A	0000	337
		_SPIReadWrite  		CODE           	1B9E	0000	25
		_ConfigInterrupts		CODE           	1C5E	0000	13

SPI.c estimated size: 698

C:\Program Files (x86)\Microchip\xc8\v1.35\sources\common\lwdiv.c
		___lwdiv       		CODE           	16CC	0000	121

C:\Program Files (x86)\Microchip\xc8\v1.35\sources\common\lwdiv.c estimated size: 121

LCD.c
		_LCDClear      		CODE           	1C52	0000	13
		_LCDClearLine  		CODE           	19EC	0000	65
		_WriteRegister 		CODE           	1AFA	0000	41
		_LCDWriteData  		CODE           	1B66	0000	29
		_LCDWriteLine  		CODE           	159A	0000	163
		_LCDWriteByte  		CODE           	191A	0000	75
		_LCDInit       		CODE           	180C	0000	97
		_LCDInitPort   		CODE           	1A68	0000	55
		_calculateBase 		CODE           	1AD0	0000	43
		_LCDCommand    		CODE           	1B82	0000	29
		_LCDInitCommand		CODE           	1BFA	0000	21
		_LCDSetPos     		CODE           	1744	0000	103
		_wait          		CODE           	1C8A	0000	3
		_longDelay     		CODE           	1C0E	0000	19
		_shortDelay    		CODE           	1C76	0000	11

LCD.c estimated size: 767

