Microchip MPLAB XC8 Compiler V1.35 ()

Linker command line:

--edf=C:\Program Files (x86)\Microchip\xc8\v1.35\dat\en_msgs.txt -cs \
  -h+dist/default/production\Lab_3.X.production.sym \
  --cmf=dist/default/production\Lab_3.X.production.cmf -z -Q18F87J11 \
  -oC:\Users\jtwogoo1\AppData\Local\Temp\s3e4.2 \
  -Mdist/default/production/Lab_3.X.production.map -E1 -ver=XC8 \
  -ASTACK=090h-0f3fh -pstack=STACK -ACODE=00h-01FFF7h -ACONST=00h-01FFF7h \
  -ASMALLCONST=01000h-010FFhx495,01FF00h-01FFF7h \
  -AMEDIUMCONST=01000h-0FFFFh,011000h-01FFF7h -ACOMRAM=01h-05Fh \
  -AABS1=00h-0F3Fh -ABIGRAM=01h-0F3Fh \
  -ARAM=060h-0FFh,0100h-01FFhx14,0F00h-0F3Fh -ABANK0=060h-0FFh \
  -ABANK1=0100h-01FFh -ABANK2=0200h-02FFh -ABANK3=0300h-03FFh \
  -ABANK4=0400h-04FFh -ABANK5=0500h-05FFh -ABANK6=0600h-06FFh \
  -ABANK7=0700h-07FFh -ABANK8=0800h-08FFh -ABANK9=0900h-09FFh \
  -ABANK10=0A00h-0AFFh -ABANK11=0B00h-0BFFh -ABANK12=0C00h-0CFFh \
  -ABANK13=0D00h-0DFFh -ABANK14=0E00h-0EFFh -ABANK15=0F00h-0F3Fh \
  -ASFR=0F5Ah-0F5Fh,0F60h-0FFFh \
  -preset_vec=00h,intcode=08h,intcodelo,powerup,init,end_init \
  -pramtop=01000h -psmallconst=SMALLCONST -pmediumconst=MEDIUMCONST \
  -pconst=CONST -AFARRAM=00h-00h -ACONFIG=01FFF8h-01FFFDh -pconfig=CONFIG \
  -pjflash_buffer=01F800h \
  -prdata=COMRAM,nvrram=COMRAM,nvbit=COMRAM,rbss=COMRAM,rbit=COMRAM \
  -pfarbss=FARRAM,fardata=FARRAM,nvFARRAM=FARRAM \
  -pintsave_regs=BIGRAM,bigbss=BIGRAM,bigdata=BIGRAM -pbss=RAM \
  -pidata=CODE,irdata=CODE,ibigdata=CODE,ifardata=CODE -prparam=COMRAM \
  C:\Users\jtwogoo1\AppData\Local\Temp\s3e4.obj \
  dist/default/production\Lab_3.X.production.obj 

Object code version is 3.11

Machine type is 18F87J11

Call graph: (short form)




                Name                               Link     Load   Length Selector   Space Scale
C:\Users\jtwogoo1\AppData\Local\Temp\s3e4.obj
                end_init                             D2       D2        4        4       0
                reset_vec                             0        0        4        0       0
                config                            1FFF8    1FFF8        6    1FFF8       0
dist/default/production\Lab_3.X.production.obj
                intcode                               8        8       CA        4       0
                temp                                 3F       3F        1        1       1
                smallconst                         1000     1000       1E      800       0
                text37                             15C4     15C4       66      80F       0
                text36                             18F4     18F4       32      80F       0
                text35                             1978     1978       26      80F       0
                text34                             1850     1850       3C      80F       0
                text33                             1AAE     1AAE        A      80F       0
                text32                             1ABA     1ABA        2      80F       0
                text31                             1A2C     1A2C       16      80F       0
                text30                             19C0     19C0       1E      80F       0
                text29                             1788     1788       46      80F       0
                text28                             1A16     1A16       16      80F       0
                text27                             18C2     18C2       32      80F       0
                text26                             1456     1456       90      80F       0
                text25                             16EC     16EC       52      80F       0
                text24                             17CE     17CE       42      80F       0
                text23                             11B2     11B2      15C      80F       0
                text21                             1A98     1A98        C      80F       0
                text20                             1A7C     1A7C       10      80F       0
                text19                             1A56     1A56       14      80F       0
                text18                             1950     1950       28      80F       0
                text17                             173E     173E       4A      80F       0
                text16                             1AA4     1AA4        A      80F       0
                text15                             1AB8     1AB8        2      80F       0
                text14                             19FA     19FA       1C      80F       0
                text13                             1A6A     1A6A       12      80F       0
                text12                             1A8C     1A8C        C      80F       0
                text11                             1926     1926       2A      80F       0
                text10                             155E     155E       66      80F       0
                text9                              19DE     19DE       1C      80F       0
                text8                              1810     1810       40      80F       0
                text7                              1A42     1A42       14      80F       0
                text6                              188C     188C       36      80F       0
                text5                              168C     168C       60      80F       0
                text4                              13B4     13B4       A2      80F       0
                text3                              14E6     14E6       78      80F       0
                text2                              162A     162A       62      80F       0
                text1                              101E     101E      194      80F       0
                text0                              130E     130E       A6      80F       0
                cstackCOMRAM                          1        1       2B        1       1
                cstackBANK0                          60       60       1E       60       1
                bssBANK0                             7E       7E       12       60       1
                bssCOMRAM                            2C       2C       13        1       1
                cinit                              199E     199E       22      80F       0

TOTAL           Name                               Link     Load   Length     Space
        CLASS   STACK          

        CLASS   CODE           
                end_init                             D2       D2        4         0
                intcode                               8        8       CA         0
                reset_vec                             0        0        4         0
                text37                             15C4     15C4       66         0
                text36                             18F4     18F4       32         0
                text35                             1978     1978       26         0
                text34                             1850     1850       3C         0
                text33                             1AAE     1AAE        A         0
                text32                             1ABA     1ABA        2         0
                text31                             1A2C     1A2C       16         0
                text30                             19C0     19C0       1E         0
                text29                             1788     1788       46         0
                text28                             1A16     1A16       16         0
                text27                             18C2     18C2       32         0
                text26                             1456     1456       90         0
                text25                             16EC     16EC       52         0
                text24                             17CE     17CE       42         0
                text23                             11B2     11B2      15C         0
                text21                             1A98     1A98        C         0
                text20                             1A7C     1A7C       10         0
                text19                             1A56     1A56       14         0
                text18                             1950     1950       28         0
                text17                             173E     173E       4A         0
                text16                             1AA4     1AA4        A         0
                text15                             1AB8     1AB8        2         0
                text14                             19FA     19FA       1C         0
                text13                             1A6A     1A6A       12         0
                text12                             1A8C     1A8C        C         0
                text11                             1926     1926       2A         0
                text10                             155E     155E       66         0
                text9                              19DE     19DE       1C         0
                text8                              1810     1810       40         0
                text7                              1A42     1A42       14         0
                text6                              188C     188C       36         0
                text5                              168C     168C       60         0
                text4                              13B4     13B4       A2         0
                text3                              14E6     14E6       78         0
                text2                              162A     162A       62         0
                text1                              101E     101E      194         0
                text0                              130E     130E       A6         0
                cinit                              199E     199E       22         0

        CLASS   CONST          

        CLASS   SMALLCONST     
                smallconst                         1000     1000       1E         0

        CLASS   MEDIUMCONST    

        CLASS   COMRAM         
                temp                                 3F       3F        1         1
                cstackCOMRAM                          1        1       2B         1
                bssCOMRAM                            2C       2C       13         1

        CLASS   ABS1           

        CLASS   BIGRAM         

        CLASS   RAM            

        CLASS   BANK0          
                cstackBANK0                          60       60       1E         1
                bssBANK0                             7E       7E       12         1

        CLASS   BANK1          

        CLASS   BANK2          

        CLASS   BANK3          

        CLASS   BANK4          

        CLASS   BANK5          

        CLASS   BANK6          

        CLASS   BANK7          

        CLASS   BANK8          

        CLASS   BANK9          

        CLASS   BANK10         

        CLASS   BANK11         

        CLASS   BANK12         

        CLASS   BANK13         

        CLASS   BANK14         

        CLASS   BANK15         

        CLASS   SFR            

        CLASS   FARRAM         

        CLASS   CONFIG         
                config                            1FFF8    1FFF8        6         0

        CLASS   IDLOC          



SEGMENTS        Name                           Load    Length   Top    Selector   Space  Class

                reset_vec                      000000  000004  000004         0       0  CODE    
                cstackCOMRAM                   000001  00003F  000040         1       1  COMRAM  
                intcode                        000008  0000CE  0000D6         4       0  CODE    
                cstackBANK0                    000060  000030  000090        60       1  BANK0   
                smallconst                     001000  00001E  00101E       800       0  SMALLCON
                text1                          00101E  000A9E  001ABC       80F       0  CODE    
                config                         01FFF8  000006  01FFFE     1FFF8       0  CONFIG  


UNUSED ADDRESS RANGES

        Name                Unused          Largest block    Delta
        BANK0            00090-000FF              70
        BANK1            00100-001FF             100
        BANK10           00A00-00AFF             100
        BANK11           00B00-00BFF             100
        BANK12           00C00-00CFF             100
        BANK13           00D00-00DFF             100
        BANK14           00E00-00EFF             100
        BANK15           00F00-00F3F              40
        BANK2            00200-002FF             100
        BANK3            00300-003FF             100
        BANK4            00400-004FF             100
        BANK5            00500-005FF             100
        BANK6            00600-006FF             100
        BANK7            00700-007FF             100
        BANK8            00800-008FF             100
        BANK9            00900-009FF             100
        BIGRAM           00040-0005F              20
                         00090-00F3F             EB0
        CODE             00004-00007               4
                         000D6-00FFF             F2A
                         01ABC-1FFF7           1E53C
        COMRAM           00040-0005F              20
        CONST            00004-00007               4
                         000D6-00FFF             F2A
                         01ABC-1FFF7           1E53C
        MEDIUMCONST      01ABC-0FFFF            E544
                         11000-1FFF7            EFF8
        RAM              00090-00F3F             100
        SFR              00F5A-00FFF               6
        SMALLCONST       01ABC-1FFF7             100
        STACK            00090-00F3F             EB0

                                  Symbol Table

?___lwdiv                  cstackBANK0   00060
?___lwmod                  cstackBANK0   00067
?_sprintf                  cstackBANK0   0006C
?i2___lwdiv                cstackCOMRAM  00001
?i2___lwmod                cstackCOMRAM  00008
?i2_sprintf                cstackCOMRAM  0000D
HighIsr@rx                 cstackCOMRAM  0002B
I2CReadByte@rx             cstackCOMRAM  00001
I2CWriteByte@byte          cstackCOMRAM  00003
I2CWriteByte@choice        cstackCOMRAM  00001
I2CWriteByte@data          cstackCOMRAM  00002
LCDClearLine@c             cstackBANK0   0006D
LCDClearLine@line          cstackBANK0   0006E
LCDCommand@command         cstackBANK0   00065
LCDInit@functionSet        cstackBANK0   00067
LCDInitCommand@command     cstackBANK0   00065
LCDSetPos@col              cstackBANK0   00068
LCDSetPos@pos              cstackBANK0   0006B
LCDSetPos@row              cstackBANK0   00066
LCDWriteByte@c             cstackBANK0   00063
LCDWriteByte@comFlags      cstackBANK0   00064
LCDWriteByte@rs            cstackBANK0   00062
LCDWriteData@c             cstackBANK0   00065
LCDWriteLine@line          cstackBANK0   0006F
LCDWriteLine@str           cstackBANK0   0006D
WriteRegister@b            cstackBANK0   00060
WriteRegister@reg          cstackBANK0   00061
_ConfigInterrupts          text21        01A98
_ConfigPeriph              text20        01A7C
_HighIsr                   intcode       00008
_I2CReadByte               text37        015C4
_I2CWriteByte              text36        018F4
_INTCON2bits               (abs)         00FF1
_INTCONbits                (abs)         00FF2
_InitPins                  text19        01A56
_LATAbits                  (abs)         00F89
_LATD                      (abs)         00F8C
_LCDClear                  text12        01A8C
_LCDClearLine              text8         01810
_LCDCommand                text14        019FA
_LCDInit                   text5         0168C
_LCDInitCommand            text7         01A42
_LCDInitPort               text6         0188C
_LCDSetPos                 text10        0155E
_LCDWriteByte              text17        0173E
_LCDWriteData              text9         019DE
_LCDWriteLine              text4         013B4
_OSCTUNEbits               (abs)         00F9B
_RCONbits                  (abs)         00FD0
_SSP2ADD                   (abs)         00F6E
_SSP2BUF                   (abs)         00F6F
_SSP2CON1bits              (abs)         00F6C
_SSP2CON2bits              (abs)         00F6B
_SSP2STATbits              (abs)         00F6D
_SSPBUF                    (abs)         00FC9
_SSPCON1                   (abs)         00FC6
_SSPIF                     (abs)         07CF3
_SSPSTATbits               (abs)         00FC7
_TRISAbits                 (abs)         00F92
_TRISB                     (abs)         00F93
_TRISCbits                 (abs)         00F94
_TRISD                     (abs)         00F95
_WriteRegister             text18        01950
__CFG_FOSC$HSPLL           (abs)         00000
__CFG_WDTEN$OFF            (abs)         00000
__CFG_XINST$OFF            (abs)         00000
__HRAM                     (abs)         00000
__Habs1                    abs1          00000
__Hbank0                   bank0         00000
__Hbank1                   bank1         00000
__Hbank10                  bank10        00000
__Hbank11                  bank11        00000
__Hbank12                  bank12        00000
__Hbank13                  bank13        00000
__Hbank14                  bank14        00000
__Hbank15                  bank15        00000
__Hbank2                   bank2         00000
__Hbank3                   bank3         00000
__Hbank4                   bank4         00000
__Hbank5                   bank5         00000
__Hbank6                   bank6         00000
__Hbank7                   bank7         00000
__Hbank8                   bank8         00000
__Hbank9                   bank9         00000
__Hbigbss                  bigbss        00000
__Hbigdata                 bigdata       00000
__Hbigram                  bigram        00000
__Hbss                     bss           00000
__HbssBANK0                bssBANK0      00000
__HbssCOMRAM               bssCOMRAM     00000
__Hcinit                   cinit         00000
__Hclrtext                 clrtext       00000
__Hcomram                  comram        00000
__Hconfig                  config        1FFFE
__Hconst                   const         00000
__HcstackBANK0             cstackBANK0   00000
__HcstackCOMRAM            cstackCOMRAM  00000
__Hdata                    data          00000
__Hend_init                end_init      000D6
__Hfarbss                  farbss        00000
__Hfardata                 fardata       00000
__Hibigdata                ibigdata      00000
__Hidata                   idata         00000
__Hidloc                   idloc         00000
__Hifardata                ifardata      00000
__Hinit                    init          000D2
__Hintcode                 intcode       000D2
__Hintcode_body            intcode_body  00000
__Hintcodelo               intcodelo     000D2
__Hintentry                intentry      00000
__Hintret                  intret        00000
__Hintsave_regs            intsave_regs  00000
__Hirdata                  irdata        00000
__Hjflash_buffer           jflash_buffer 1F800
__Hmediumconst             mediumconst   00000
__HnvFARRAM                nvFARRAM      00000
__Hnvbit                   nvbit         00000
__Hnvrram                  nvrram        00000
__Hparam                   rparam        00000
__Hpowerup                 powerup       000D2
__Hram                     ram           00000
__Hramtop                  ramtop        01000
__Hrbit                    rbit          00000
__Hrbss                    rbss          00000
__Hrdata                   rdata         00000
__Hreset_vec               reset_vec     00004
__Hrparam                  rparam        00000
__Hsfr                     sfr           00000
__Hsmallconst              smallconst    0101E
__Hspace_0                 (abs)         1FFFE
__Hspace_1                 (abs)         00090
__Hspace_2                 (abs)         00000
__Hstack                   stack         00000
__Hstruct                  struct        00000
__Htemp                    temp          00040
__Htext                    text          00000
__Htext0                   text0         00000
__Htext1                   text1         00000
__Htext10                  text10        00000
__Htext11                  text11        00000
__Htext12                  text12        00000
__Htext13                  text13        00000
__Htext14                  text14        00000
__Htext15                  text15        00000
__Htext16                  text16        00000
__Htext17                  text17        00000
__Htext18                  text18        00000
__Htext19                  text19        00000
__Htext2                   text2         00000
__Htext20                  text20        00000
__Htext21                  text21        00000
__Htext23                  text23        00000
__Htext24                  text24        00000
__Htext25                  text25        00000
__Htext26                  text26        00000
__Htext27                  text27        00000
__Htext28                  text28        00000
__Htext29                  text29        00000
__Htext3                   text3         00000
__Htext30                  text30        00000
__Htext31                  text31        00000
__Htext32                  text32        00000
__Htext33                  text33        00000
__Htext34                  text34        00000
__Htext35                  text35        00000
__Htext36                  text36        00000
__Htext37                  text37        00000
__Htext4                   text4         00000
__Htext5                   text5         00000
__Htext6                   text6         00000
__Htext7                   text7         00000
__Htext8                   text8         00000
__Htext9                   text9         00000
__LRAM                     (abs)         00001
__Labs1                    abs1          00000
__Lbank0                   bank0         00000
__Lbank1                   bank1         00000
__Lbank10                  bank10        00000
__Lbank11                  bank11        00000
__Lbank12                  bank12        00000
__Lbank13                  bank13        00000
__Lbank14                  bank14        00000
__Lbank15                  bank15        00000
__Lbank2                   bank2         00000
__Lbank3                   bank3         00000
__Lbank4                   bank4         00000
__Lbank5                   bank5         00000
__Lbank6                   bank6         00000
__Lbank7                   bank7         00000
__Lbank8                   bank8         00000
__Lbank9                   bank9         00000
__Lbigbss                  bigbss        00000
__Lbigdata                 bigdata       00000
__Lbigram                  bigram        00000
__Lbss                     bss           00000
__LbssBANK0                bssBANK0      00000
__LbssCOMRAM               bssCOMRAM     00000
__Lcinit                   cinit         00000
__Lclrtext                 clrtext       00000
__Lcomram                  comram        00000
__Lconfig                  config        1FFF8
__Lconst                   const         00000
__LcstackBANK0             cstackBANK0   00000
__LcstackCOMRAM            cstackCOMRAM  00000
__Ldata                    data          00000
__Lend_init                end_init      000D2
__Lfarbss                  farbss        00000
__Lfardata                 fardata       00000
__Libigdata                ibigdata      00000
__Lidata                   idata         00000
__Lidloc                   idloc         00000
__Lifardata                ifardata      00000
__Linit                    init          000D2
__Lintcode                 intcode       00008
__Lintcode_body            intcode_body  00000
__Lintcodelo               intcodelo     000D2
__Lintentry                intentry      00000
__Lintret                  intret        00000
__Lintsave_regs            intsave_regs  00000
__Lirdata                  irdata        00000
__Ljflash_buffer           jflash_buffer 1F800
__Lmediumconst             mediumconst   00000
__LnvFARRAM                nvFARRAM      00000
__Lnvbit                   nvbit         00000
__Lnvrram                  nvrram        00000
__Lparam                   rparam        00000
__Lpowerup                 powerup       000D2
__Lram                     ram           00000
__Lramtop                  ramtop        01000
__Lrbit                    rbit          00000
__Lrbss                    rbss          00000
__Lrdata                   rdata         00000
__Lreset_vec               reset_vec     00000
__Lrparam                  rparam        00000
__Lsfr                     sfr           00000
__Lsmallconst              smallconst    01000
__Lspace_0                 (abs)         00000
__Lspace_1                 (abs)         00000
__Lspace_2                 (abs)         00000
__Lstack                   stack         00000
__Lstruct                  struct        00000
__Ltemp                    temp          0003F
__Ltext                    text          00000
__Ltext0                   text0         00000
__Ltext1                   text1         00000
__Ltext10                  text10        00000
__Ltext11                  text11        00000
__Ltext12                  text12        00000
__Ltext13                  text13        00000
__Ltext14                  text14        00000
__Ltext15                  text15        00000
__Ltext16                  text16        00000
__Ltext17                  text17        00000
__Ltext18                  text18        00000
__Ltext19                  text19        00000
__Ltext2                   text2         00000
__Ltext20                  text20        00000
__Ltext21                  text21        00000
__Ltext23                  text23        00000
__Ltext24                  text24        00000
__Ltext25                  text25        00000
__Ltext26                  text26        00000
__Ltext27                  text27        00000
__Ltext28                  text28        00000
__Ltext29                  text29        00000
__Ltext3                   text3         00000
__Ltext30                  text30        00000
__Ltext31                  text31        00000
__Ltext32                  text32        00000
__Ltext33                  text33        00000
__Ltext34                  text34        00000
__Ltext35                  text35        00000
__Ltext36                  text36        00000
__Ltext37                  text37        00000
__Ltext4                   text4         00000
__Ltext5                   text5         00000
__Ltext6                   text6         00000
__Ltext7                   text7         00000
__Ltext8                   text8         00000
__Ltext9                   text9         00000
__S0                       (abs)         1FFFE
__S1                       (abs)         00090
__S2                       (abs)         00000
___extmem_base             (abs)         20000
___inthi_sp                stack         00000
___intlo_sp                stack         00000
___lwdiv                   text3         014E6
___lwdiv@counter           cstackBANK0   00064
___lwdiv@dividend          cstackBANK0   00060
___lwdiv@divisor           cstackBANK0   00062
___lwdiv@quotient          cstackBANK0   00065
___lwmod                   text2         0162A
___lwmod@counter           cstackBANK0   0006B
___lwmod@dividend          cstackBANK0   00067
___lwmod@divisor           cstackBANK0   00069
___param_bank              (abs)         00010
___rparam_used             (abs)         00001
___sp                      stack         00000
__accesstop                (abs)         00060
__activetblptr             (abs)         00003
__end_of_ConfigInterrupts  text21        01AA4
__end_of_ConfigPeriph      text20        01A8C
__end_of_HighIsr           intcode       000D2
__end_of_I2CReadByte       text37        0162A
__end_of_I2CWriteByte      text36        01926
__end_of_InitPins          text19        01A6A
__end_of_LCDClear          text12        01A98
__end_of_LCDClearLine      text8         01850
__end_of_LCDCommand        text14        01A16
__end_of_LCDInit           text5         016EC
__end_of_LCDInitCommand    text7         01A56
__end_of_LCDInitPort       text6         018C2
__end_of_LCDSetPos         text10        015C4
__end_of_LCDWriteByte      text17        01788
__end_of_LCDWriteData      text9         019FA
__end_of_LCDWriteLine      text4         01456
__end_of_WriteRegister     text18        01978
__end_of___lwdiv           text3         0155E
__end_of___lwmod           text2         0168C
__end_of__initialization   cinit         019B6
__end_of_calculateBase     text11        01950
__end_of_dpowers           smallconst    0100B
__end_of_longDelay         text13        01A7C
__end_of_main              text0         013B4
__end_of_shortDelay        text16        01AAE
__end_of_sprintf           text1         011B2
__end_of_wait              text15        01ABA
__end_ofi2_LCDClearLine    text27        018F4
__end_ofi2_LCDCommand      text31        01A42
__end_ofi2_LCDSetPos       text29        017CE
__end_ofi2_LCDWriteByte    text34        0188C
__end_ofi2_LCDWriteData    text28        01A2C
__end_ofi2_LCDWriteLine    text26        014E6
__end_ofi2_WriteRegister   text35        0199E
__end_ofi2___lwdiv         text25        0173E
__end_ofi2___lwmod         text24        01810
__end_ofi2_calculateBase   text30        019DE
__end_ofi2_shortDelay      text33        01AB8
__end_ofi2_sprintf         text23        0130E
__end_ofi2_wait            text32        01ABC
__initialization           cinit         0199E
__mediumconst              mediumconst   00000
__pbssBANK0                bssBANK0      0007E
__pbssCOMRAM               bssCOMRAM     0002C
__pcinit                   cinit         0199E
__pcstackBANK0             cstackBANK0   00060
__pcstackCOMRAM            cstackCOMRAM  00001
__pintcode                 intcode       00008
__psmallconst              smallconst    01000
__ptext0                   text0         0130E
__ptext1                   text1         0101E
__ptext10                  text10        0155E
__ptext11                  text11        01926
__ptext12                  text12        01A8C
__ptext13                  text13        01A6A
__ptext14                  text14        019FA
__ptext15                  text15        01AB8
__ptext16                  text16        01AA4
__ptext17                  text17        0173E
__ptext18                  text18        01950
__ptext19                  text19        01A56
__ptext2                   text2         0162A
__ptext20                  text20        01A7C
__ptext21                  text21        01A98
__ptext23                  text23        011B2
__ptext24                  text24        017CE
__ptext25                  text25        016EC
__ptext26                  text26        01456
__ptext27                  text27        018C2
__ptext28                  text28        01A16
__ptext29                  text29        01788
__ptext3                   text3         014E6
__ptext30                  text30        019C0
__ptext31                  text31        01A2C
__ptext32                  text32        01ABA
__ptext33                  text33        01AAE
__ptext34                  text34        01850
__ptext35                  text35        01978
__ptext36                  text36        018F4
__ptext37                  text37        015C4
__ptext4                   text4         013B4
__ptext5                   text5         0168C
__ptext6                   text6         0188C
__ptext7                   text7         01A42
__ptext8                   text8         01810
__ptext9                   text9         019DE
__ramtop                   ramtop        01000
__size_of_ConfigInterrupts (abs)         00000
__size_of_ConfigPeriph     (abs)         00000
__size_of_HighIsr          (abs)         00000
__size_of_I2CReadByte      (abs)         00000
__size_of_I2CWriteByte     (abs)         00000
__size_of_InitPins         (abs)         00000
__size_of_LCDClear         (abs)         00000
__size_of_LCDClearLine     (abs)         00000
__size_of_LCDCommand       (abs)         00000
__size_of_LCDInit          (abs)         00000
__size_of_LCDInitCommand   (abs)         00000
__size_of_LCDInitPort      (abs)         00000
__size_of_LCDSetPos        (abs)         00000
__size_of_LCDWriteByte     (abs)         00000
__size_of_LCDWriteData     (abs)         00000
__size_of_LCDWriteLine     (abs)         00000
__size_of_WriteRegister    (abs)         00000
__size_of___lwdiv          (abs)         00000
__size_of___lwmod          (abs)         00000
__size_of_calculateBase    (abs)         00000
__size_of_longDelay        (abs)         00000
__size_of_main             (abs)         00000
__size_of_shortDelay       (abs)         00000
__size_of_sprintf          (abs)         00000
__size_of_wait             (abs)         00000
__size_ofi2_LCDClearLine   (abs)         00000
__size_ofi2_LCDCommand     (abs)         00000
__size_ofi2_LCDSetPos      (abs)         00000
__size_ofi2_LCDWriteByte   (abs)         00000
__size_ofi2_LCDWriteData   (abs)         00000
__size_ofi2_LCDWriteLine   (abs)         00000
__size_ofi2_WriteRegister  (abs)         00000
__size_ofi2___lwdiv        (abs)         00000
__size_ofi2___lwmod        (abs)         00000
__size_ofi2_calculateBase  (abs)         00000
__size_ofi2_shortDelay     (abs)         00000
__size_ofi2_sprintf        (abs)         00000
__size_ofi2_wait           (abs)         00000
__smallconst               smallconst    01000
_calculateBase             text11        01926
_count                     bssBANK0      0007E
_dpowers                   smallconst    01001
_line1str                  bssBANK0      0007F
_line2str                  bssCOMRAM     0002E
_longDelay                 text13        01A6A
_main                      text0         0130E
_rx                        bssCOMRAM     0002C
_shortDelay                text16        01AA4
_sprintf                   text1         0101E
_toggle                    bssCOMRAM     0002D
_wait                      text15        01AB8
btemp                      temp          0003F
calculateBase@base         cstackBANK0   00060
calculateBase@line         cstackBANK0   00061
end_of_initialization      cinit         019B6
i2LCDClearLine@c           cstackCOMRAM  0000F
i2LCDClearLine@line        cstackCOMRAM  0000E
i2LCDCommand@command       cstackCOMRAM  00006
i2LCDSetPos@col            cstackCOMRAM  00009
i2LCDSetPos@pos            cstackCOMRAM  0000C
i2LCDSetPos@row            cstackCOMRAM  00007
i2LCDWriteByte@c           cstackCOMRAM  00004
i2LCDWriteByte@comFlags    cstackCOMRAM  00005
i2LCDWriteByte@rs          cstackCOMRAM  00003
i2LCDWriteData@c           cstackCOMRAM  00006
i2LCDWriteLine@line        cstackCOMRAM  00010
i2LCDWriteLine@str         cstackCOMRAM  0000E
i2WriteRegister@b          cstackCOMRAM  00001
i2WriteRegister@reg        cstackCOMRAM  00002
i2_LCDClearLine            text27        018C2
i2_LCDCommand              text31        01A2C
i2_LCDSetPos               text29        01788
i2_LCDWriteByte            text34        01850
i2_LCDWriteData            text28        01A16
i2_LCDWriteLine            text26        01456
i2_WriteRegister           text35        01978
i2___lwdiv                 text25        016EC
i2___lwdiv@counter         cstackCOMRAM  00007
i2___lwdiv@dividend        cstackCOMRAM  00001
i2___lwdiv@divisor         cstackCOMRAM  00003
i2___lwdiv@quotient        cstackCOMRAM  00005
i2___lwmod                 text24        017CE
i2___lwmod@counter         cstackCOMRAM  0000C
i2___lwmod@dividend        cstackCOMRAM  00008
i2___lwmod@divisor         cstackCOMRAM  0000A
i2_calculateBase           text30        019C0
i2_shortDelay              text33        01AAE
i2_sprintf                 text23        011B2
i2_wait                    text32        01ABA
i2calculateBase@base       cstackCOMRAM  00001
i2calculateBase@line       cstackCOMRAM  00002
i2sprintf@ap               cstackCOMRAM  00016
i2sprintf@c                cstackCOMRAM  0001C
i2sprintf@f                cstackCOMRAM  0000F
i2sprintf@flag             cstackCOMRAM  00018
i2sprintf@prec             cstackCOMRAM  00019
i2sprintf@sp               cstackCOMRAM  0000D
i2sprintf@val              cstackCOMRAM  0001A
int$flags                  temp          0003F
intlevel0                  text          00000
intlevel1                  text          00000
intlevel2                  text          00000
intlevel3                  text          00000
main@i                     cstackBANK0   0007A
sprintf@ap                 cstackBANK0   00073
sprintf@c                  cstackBANK0   00079
sprintf@f                  cstackBANK0   0006E
sprintf@flag               cstackBANK0   00075
sprintf@prec               cstackBANK0   00076
sprintf@sp                 cstackBANK0   0006C
sprintf@val                cstackBANK0   00077
stackhi                    (abs)         00F3F
stacklo                    (abs)         00090
start                      init          000D2
start_initialization       cinit         0199E


FUNCTION INFORMATION:

 *************** function _main *****************
 Defined at:
		line 32 in file "I2CMaster.c"
 Parameters:    Size  Location     Type
		None
 Auto vars:     Size  Location     Type
  i               4   26[BANK0 ] long 
 Return value:  Size  Location     Type
		None               void
 Registers used:
		wreg, fsr2l, fsr2h, status,2, status,0, tblptrl, tblptrh, tblptru, prodl, prodh, cstack
 Tracked objects:
		On entry : 
		On exit  : 
		Unchanged: 
 Data sizes:     COMRAM   BANK0   BANK1   BANK2   BANK3   BANK4   BANK5   BANK6   BANK7   BANK8   BANK9  BANK10  BANK11  BANK12  BANK13  BANK14  BANK15
      Params:         0       0       0       0       0       0       0       0       0       0       0       0       0       0       0       0       0
      Locals:         0       4       0       0       0       0       0       0       0       0       0       0       0       0       0       0       0
      Temps:          0       0       0       0       0       0       0       0       0       0       0       0       0       0       0       0       0
      Totals:         0       4       0       0       0       0       0       0       0       0       0       0       0       0       0       0       0
Total ram usage:        4 bytes
 Hardware stack levels required when called:   11
 This function calls:
		_ConfigInterrupts
		_ConfigPeriph
		_InitPins
		_LCDClear
		_LCDClearLine
		_LCDInit
		_LCDWriteLine
		_sprintf
 This function is called by:
		Startup code after reset
 This function uses a non-reentrant model


 *************** function _sprintf *****************
 Defined at:
		line 492 in file "C:\Program Files (x86)\Microchip\xc8\v1.35\sources\common\doprnt.c"
 Parameters:    Size  Location     Type
  sp              2   12[BANK0 ] PTR unsigned char 
		 -> line2str(17), line1str(17), 
  f               2   14[BANK0 ] PTR const unsigned char 
		 -> STR_2(17), STR_1(3), 
 Auto vars:     Size  Location     Type
  tmpval          4    0        struct .
  cp              3    0        PTR const unsigned char 
  val             2   23[BANK0 ] unsigned int 
  ap              2   19[BANK0 ] PTR void [1]
		 -> ?i2_sprintf(2), ?_sprintf(2), 
  len             2    0        unsigned int 
  c               1   25[BANK0 ] char 
  prec            1   22[BANK0 ] char 
  flag            1   21[BANK0 ] unsigned char 
 Return value:  Size  Location     Type
                  2   12[BANK0 ] int 
 Registers used:
		wreg, fsr2l, fsr2h, status,2, status,0, tblptrl, tblptrh, tblptru, prodl, prodh, cstack
 Tracked objects:
		On entry : 
		On exit  : 
		Unchanged: 
 Data sizes:     COMRAM   BANK0   BANK1   BANK2   BANK3   BANK4   BANK5   BANK6   BANK7   BANK8   BANK9  BANK10  BANK11  BANK12  BANK13  BANK14  BANK15
      Params:         0       6       0       0       0       0       0       0       0       0       0       0       0       0       0       0       0
      Locals:         0       7       0       0       0       0       0       0       0       0       0       0       0       0       0       0       0
      Temps:          0       1       0       0       0       0       0       0       0       0       0       0       0       0       0       0       0
      Totals:         0      14       0       0       0       0       0       0       0       0       0       0       0       0       0       0       0
Total ram usage:       14 bytes
 Hardware stack levels used:    1
 Hardware stack levels required when called:    7
 This function calls:
		___lwdiv
		___lwmod
 This function is called by:
		_main
 This function uses a non-reentrant model


 *************** function ___lwmod *****************
 Defined at:
		line 8 in file "C:\Program Files (x86)\Microchip\xc8\v1.35\sources\common\lwmod.c"
 Parameters:    Size  Location     Type
  dividend        2    7[BANK0 ] unsigned int 
  divisor         2    9[BANK0 ] unsigned int 
 Auto vars:     Size  Location     Type
  counter         1   11[BANK0 ] unsigned char 
 Return value:  Size  Location     Type
                  2    7[BANK0 ] unsigned int 
 Registers used:
		wreg, status,2, status,0
 Tracked objects:
		On entry : 
		On exit  : 
		Unchanged: 
 Data sizes:     COMRAM   BANK0   BANK1   BANK2   BANK3   BANK4   BANK5   BANK6   BANK7   BANK8   BANK9  BANK10  BANK11  BANK12  BANK13  BANK14  BANK15
      Params:         0       4       0       0       0       0       0       0       0       0       0       0       0       0       0       0       0
      Locals:         0       1       0       0       0       0       0       0       0       0       0       0       0       0       0       0       0
      Temps:          0       0       0       0       0       0       0       0       0       0       0       0       0       0       0       0       0
      Totals:         0       5       0       0       0       0       0       0       0       0       0       0       0       0       0       0       0
Total ram usage:        5 bytes
 Hardware stack levels used:    1
 Hardware stack levels required when called:    6
 This function calls:
		Nothing
 This function is called by:
		_sprintf
 This function uses a non-reentrant model


 *************** function ___lwdiv *****************
 Defined at:
		line 8 in file "C:\Program Files (x86)\Microchip\xc8\v1.35\sources\common\lwdiv.c"
 Parameters:    Size  Location     Type
  dividend        2    0[BANK0 ] unsigned int 
  divisor         2    2[BANK0 ] unsigned int 
 Auto vars:     Size  Location     Type
  quotient        2    5[BANK0 ] unsigned int 
  counter         1    4[BANK0 ] unsigned char 
 Return value:  Size  Location     Type
                  2    0[BANK0 ] unsigned int 
 Registers used:
		wreg, status,2, status,0
 Tracked objects:
		On entry : 
		On exit  : 
		Unchanged: 
 Data sizes:     COMRAM   BANK0   BANK1   BANK2   BANK3   BANK4   BANK5   BANK6   BANK7   BANK8   BANK9  BANK10  BANK11  BANK12  BANK13  BANK14  BANK15
      Params:         0       4       0       0       0       0       0       0       0       0       0       0       0       0       0       0       0
      Locals:         0       3       0       0       0       0       0       0       0       0       0       0       0       0       0       0       0
      Temps:          0       0       0       0       0       0       0       0       0       0       0       0       0       0       0       0       0
      Totals:         0       7       0       0       0       0       0       0       0       0       0       0       0       0       0       0       0
Total ram usage:        7 bytes
 Hardware stack levels used:    1
 Hardware stack levels required when called:    6
 This function calls:
		Nothing
 This function is called by:
		_sprintf
 This function uses a non-reentrant model


 *************** function _LCDWriteLine *****************
 Defined at:
		line 59 in file "LCD.c"
 Parameters:    Size  Location     Type
  str             2   13[BANK0 ] PTR const unsigned char 
		 -> LCDScroll@str(17), line2str(17), line1str(17), 
  line            1   15[BANK0 ] unsigned char 
 Auto vars:     Size  Location     Type
		None
 Return value:  Size  Location     Type
		None               void
 Registers used:
		wreg, fsr2l, fsr2h, status,2, status,0, prodl, prodh, cstack
 Tracked objects:
		On entry : 
		On exit  : 
		Unchanged: 
 Data sizes:     COMRAM   BANK0   BANK1   BANK2   BANK3   BANK4   BANK5   BANK6   BANK7   BANK8   BANK9  BANK10  BANK11  BANK12  BANK13  BANK14  BANK15
      Params:         0       3       0       0       0       0       0       0       0       0       0       0       0       0       0       0       0
      Locals:         0       0       0       0       0       0       0       0       0       0       0       0       0       0       0       0       0
      Temps:          0       1       0       0       0       0       0       0       0       0       0       0       0       0       0       0       0
      Totals:         0       4       0       0       0       0       0       0       0       0       0       0       0       0       0       0       0
Total ram usage:        4 bytes
 Hardware stack levels used:    1
 Hardware stack levels required when called:   10
 This function calls:
		_LCDSetPos
		_LCDWriteData
 This function is called by:
		_main
		_LCDScroll
 This function uses a non-reentrant model


 *************** function _LCDInit *****************
 Defined at:
		line 24 in file "LCD.c"
 Parameters:    Size  Location     Type
		None
 Auto vars:     Size  Location     Type
  functionSet     1    7[BANK0 ] unsigned char 
 Return value:  Size  Location     Type
		None               void
 Registers used:
		wreg, status,2, status,0, cstack
 Tracked objects:
		On entry : 
		On exit  : 
		Unchanged: 
 Data sizes:     COMRAM   BANK0   BANK1   BANK2   BANK3   BANK4   BANK5   BANK6   BANK7   BANK8   BANK9  BANK10  BANK11  BANK12  BANK13  BANK14  BANK15
      Params:         0       0       0       0       0       0       0       0       0       0       0       0       0       0       0       0       0
      Locals:         0       1       0       0       0       0       0       0       0       0       0       0       0       0       0       0       0
      Temps:          0       1       0       0       0       0       0       0       0       0       0       0       0       0       0       0       0
      Totals:         0       2       0       0       0       0       0       0       0       0       0       0       0       0       0       0       0
Total ram usage:        2 bytes
 Hardware stack levels used:    1
 Hardware stack levels required when called:    9
 This function calls:
		_LCDInitCommand
		_LCDInitPort
 This function is called by:
		_main
 This function uses a non-reentrant model


 *************** function _LCDInitPort *****************
 Defined at:
		line 287 in file "LCD.c"
 Parameters:    Size  Location     Type
		None
 Auto vars:     Size  Location     Type
		None
 Return value:  Size  Location     Type
		None               void
 Registers used:
		wreg, status,2, cstack
 Tracked objects:
		On entry : 
		On exit  : 
		Unchanged: 
 Data sizes:     COMRAM   BANK0   BANK1   BANK2   BANK3   BANK4   BANK5   BANK6   BANK7   BANK8   BANK9  BANK10  BANK11  BANK12  BANK13  BANK14  BANK15
      Params:         0       0       0       0       0       0       0       0       0       0       0       0       0       0       0       0       0
      Locals:         0       0       0       0       0       0       0       0       0       0       0       0       0       0       0       0       0
      Temps:          0       0       0       0       0       0       0       0       0       0       0       0       0       0       0       0       0
      Totals:         0       0       0       0       0       0       0       0       0       0       0       0       0       0       0       0       0
Total ram usage:        0 bytes
 Hardware stack levels used:    1
 Hardware stack levels required when called:    7
 This function calls:
		_WriteRegister
 This function is called by:
		_LCDInit
 This function uses a non-reentrant model


 *************** function _LCDInitCommand *****************
 Defined at:
		line 193 in file "LCD.c"
 Parameters:    Size  Location     Type
  command         1    wreg     unsigned char 
 Auto vars:     Size  Location     Type
  command         1    5[BANK0 ] unsigned char 
 Return value:  Size  Location     Type
		None               void
 Registers used:
		wreg, status,2, status,0, cstack
 Tracked objects:
		On entry : 
		On exit  : 
		Unchanged: 
 Data sizes:     COMRAM   BANK0   BANK1   BANK2   BANK3   BANK4   BANK5   BANK6   BANK7   BANK8   BANK9  BANK10  BANK11  BANK12  BANK13  BANK14  BANK15
      Params:         0       0       0       0       0       0       0       0       0       0       0       0       0       0       0       0       0
      Locals:         0       1       0       0       0       0       0       0       0       0       0       0       0       0       0       0       0
      Temps:          0       0       0       0       0       0       0       0       0       0       0       0       0       0       0       0       0
      Totals:         0       1       0       0       0       0       0       0       0       0       0       0       0       0       0       0       0
Total ram usage:        1 bytes
 Hardware stack levels used:    1
 Hardware stack levels required when called:    8
 This function calls:
		_LCDWriteByte
 This function is called by:
		_LCDInit
 This function uses a non-reentrant model


 *************** function _LCDClearLine *****************
 Defined at:
		line 80 in file "LCD.c"
 Parameters:    Size  Location     Type
  line            1    wreg     unsigned char 
 Auto vars:     Size  Location     Type
  line            1   14[BANK0 ] unsigned char 
  c               1   13[BANK0 ] unsigned char 
 Return value:  Size  Location     Type
		None               void
 Registers used:
		wreg, status,2, status,0, prodl, prodh, cstack
 Tracked objects:
		On entry : 
		On exit  : 
		Unchanged: 
 Data sizes:     COMRAM   BANK0   BANK1   BANK2   BANK3   BANK4   BANK5   BANK6   BANK7   BANK8   BANK9  BANK10  BANK11  BANK12  BANK13  BANK14  BANK15
      Params:         0       0       0       0       0       0       0       0       0       0       0       0       0       0       0       0       0
      Locals:         0       2       0       0       0       0       0       0       0       0       0       0       0       0       0       0       0
      Temps:          0       0       0       0       0       0       0       0       0       0       0       0       0       0       0       0       0
      Totals:         0       2       0       0       0       0       0       0       0       0       0       0       0       0       0       0       0
Total ram usage:        2 bytes
 Hardware stack levels used:    1
 Hardware stack levels required when called:   10
 This function calls:
		_LCDSetPos
		_LCDWriteData
 This function is called by:
		_main
		_LCDScroll
 This function uses a non-reentrant model


 *************** function _LCDWriteData *****************
 Defined at:
		line 197 in file "LCD.c"
 Parameters:    Size  Location     Type
  c               1    wreg     unsigned char 
 Auto vars:     Size  Location     Type
  c               1    5[BANK0 ] unsigned char 
 Return value:  Size  Location     Type
		None               void
 Registers used:
		wreg, status,2, status,0, cstack
 Tracked objects:
		On entry : 
		On exit  : 
		Unchanged: 
 Data sizes:     COMRAM   BANK0   BANK1   BANK2   BANK3   BANK4   BANK5   BANK6   BANK7   BANK8   BANK9  BANK10  BANK11  BANK12  BANK13  BANK14  BANK15
      Params:         0       0       0       0       0       0       0       0       0       0       0       0       0       0       0       0       0
      Locals:         0       1       0       0       0       0       0       0       0       0       0       0       0       0       0       0       0
      Temps:          0       0       0       0       0       0       0       0       0       0       0       0       0       0       0       0       0
      Totals:         0       1       0       0       0       0       0       0       0       0       0       0       0       0       0       0       0
Total ram usage:        1 bytes
 Hardware stack levels used:    1
 Hardware stack levels required when called:    8
 This function calls:
		_LCDWriteByte
		_shortDelay
		_wait
 This function is called by:
		_LCDWriteLine
		_LCDClearLine
		_LCDPutStr
		_LCDPutChar
		_LCDLoadCustomChar
 This function uses a non-reentrant model


 *************** function _LCDSetPos *****************
 Defined at:
		line 96 in file "LCD.c"
 Parameters:    Size  Location     Type
  row             2    6[BANK0 ] int 
  col             2    8[BANK0 ] int 
 Auto vars:     Size  Location     Type
  pos             2   11[BANK0 ] int 
 Return value:  Size  Location     Type
		None               void
 Registers used:
		wreg, status,2, status,0, prodl, prodh, cstack
 Tracked objects:
		On entry : 
		On exit  : 
		Unchanged: 
 Data sizes:     COMRAM   BANK0   BANK1   BANK2   BANK3   BANK4   BANK5   BANK6   BANK7   BANK8   BANK9  BANK10  BANK11  BANK12  BANK13  BANK14  BANK15
      Params:         0       4       0       0       0       0       0       0       0       0       0       0       0       0       0       0       0
      Locals:         0       2       0       0       0       0       0       0       0       0       0       0       0       0       0       0       0
      Temps:          0       1       0       0       0       0       0       0       0       0       0       0       0       0       0       0       0
      Totals:         0       7       0       0       0       0       0       0       0       0       0       0       0       0       0       0       0
Total ram usage:        7 bytes
 Hardware stack levels used:    1
 Hardware stack levels required when called:    9
 This function calls:
		_LCDCommand
		_calculateBase
 This function is called by:
		_LCDWriteLine
		_LCDClearLine
		_LCDReadLine
 This function uses a non-reentrant model


 *************** function _calculateBase *****************
 Defined at:
		line 225 in file "LCD.c"
 Parameters:    Size  Location     Type
  line            1    wreg     unsigned char 
 Auto vars:     Size  Location     Type
  line            1    1[BANK0 ] unsigned char 
  base            1    0[BANK0 ] unsigned char 
 Return value:  Size  Location     Type
                  1    wreg      unsigned char 
 Registers used:
		wreg, status,2, status,0, prodl, prodh
 Tracked objects:
		On entry : 
		On exit  : 
		Unchanged: 
 Data sizes:     COMRAM   BANK0   BANK1   BANK2   BANK3   BANK4   BANK5   BANK6   BANK7   BANK8   BANK9  BANK10  BANK11  BANK12  BANK13  BANK14  BANK15
      Params:         0       0       0       0       0       0       0       0       0       0       0       0       0       0       0       0       0
      Locals:         0       2       0       0       0       0       0       0       0       0       0       0       0       0       0       0       0
      Temps:          0       0       0       0       0       0       0       0       0       0       0       0       0       0       0       0       0
      Totals:         0       2       0       0       0       0       0       0       0       0       0       0       0       0       0       0       0
Total ram usage:        2 bytes
 Hardware stack levels used:    1
 Hardware stack levels required when called:    6
 This function calls:
		Nothing
 This function is called by:
		_LCDSetPos
 This function uses a non-reentrant model


 *************** function _LCDClear *****************
 Defined at:
		line 47 in file "LCD.c"
 Parameters:    Size  Location     Type
		None
 Auto vars:     Size  Location     Type
		None
 Return value:  Size  Location     Type
		None               void
 Registers used:
		wreg, status,2, status,0, cstack
 Tracked objects:
		On entry : 
		On exit  : 
		Unchanged: 
 Data sizes:     COMRAM   BANK0   BANK1   BANK2   BANK3   BANK4   BANK5   BANK6   BANK7   BANK8   BANK9  BANK10  BANK11  BANK12  BANK13  BANK14  BANK15
      Params:         0       0       0       0       0       0       0       0       0       0       0       0       0       0       0       0       0
      Locals:         0       0       0       0       0       0       0       0       0       0       0       0       0       0       0       0       0
      Temps:          0       0       0       0       0       0       0       0       0       0       0       0       0       0       0       0       0
      Totals:         0       0       0       0       0       0       0       0       0       0       0       0       0       0       0       0       0
Total ram usage:        0 bytes
 Hardware stack levels used:    1
 Hardware stack levels required when called:    9
 This function calls:
		_LCDCommand
		_longDelay
 This function is called by:
		_main
 This function uses a non-reentrant model


 *************** function _longDelay *****************
 Defined at:
		line 241 in file "LCD.c"
 Parameters:    Size  Location     Type
		None
 Auto vars:     Size  Location     Type
		None
 Return value:  Size  Location     Type
		None               void
 Registers used:
		wreg
 Tracked objects:
		On entry : 
		On exit  : 
		Unchanged: 
 Data sizes:     COMRAM   BANK0   BANK1   BANK2   BANK3   BANK4   BANK5   BANK6   BANK7   BANK8   BANK9  BANK10  BANK11  BANK12  BANK13  BANK14  BANK15
      Params:         0       0       0       0       0       0       0       0       0       0       0       0       0       0       0       0       0
      Locals:         0       0       0       0       0       0       0       0       0       0       0       0       0       0       0       0       0
      Temps:          0       1       0       0       0       0       0       0       0       0       0       0       0       0       0       0       0
      Totals:         0       1       0       0       0       0       0       0       0       0       0       0       0       0       0       0       0
Total ram usage:        1 bytes
 Hardware stack levels used:    1
 Hardware stack levels required when called:    6
 This function calls:
		Nothing
 This function is called by:
		_LCDClear
 This function uses a non-reentrant model


 *************** function _LCDCommand *****************
 Defined at:
		line 187 in file "LCD.c"
 Parameters:    Size  Location     Type
  command         1    wreg     unsigned char 
 Auto vars:     Size  Location     Type
  command         1    5[BANK0 ] unsigned char 
 Return value:  Size  Location     Type
		None               void
 Registers used:
		wreg, status,2, status,0, cstack
 Tracked objects:
		On entry : 
		On exit  : 
		Unchanged: 
 Data sizes:     COMRAM   BANK0   BANK1   BANK2   BANK3   BANK4   BANK5   BANK6   BANK7   BANK8   BANK9  BANK10  BANK11  BANK12  BANK13  BANK14  BANK15
      Params:         0       0       0       0       0       0       0       0       0       0       0       0       0       0       0       0       0
      Locals:         0       1       0       0       0       0       0       0       0       0       0       0       0       0       0       0       0
      Temps:          0       0       0       0       0       0       0       0       0       0       0       0       0       0       0       0       0
      Totals:         0       1       0       0       0       0       0       0       0       0       0       0       0       0       0       0       0
Total ram usage:        1 bytes
 Hardware stack levels used:    1
 Hardware stack levels required when called:    8
 This function calls:
		_LCDWriteByte
		_shortDelay
		_wait
 This function is called by:
		_LCDClear
		_LCDSetPos
		_LCDLoadCustomChar
		_LCDScroll
		_LCDDisplay
 This function uses a non-reentrant model


 *************** function _wait *****************
 Defined at:
		line 235 in file "LCD.c"
 Parameters:    Size  Location     Type
		None
 Auto vars:     Size  Location     Type
		None
 Return value:  Size  Location     Type
		None               void
 Registers used:
		None
 Tracked objects:
		On entry : 
		On exit  : 
		Unchanged: 
 Data sizes:     COMRAM   BANK0   BANK1   BANK2   BANK3   BANK4   BANK5   BANK6   BANK7   BANK8   BANK9  BANK10  BANK11  BANK12  BANK13  BANK14  BANK15
      Params:         0       0       0       0       0       0       0       0       0       0       0       0       0       0       0       0       0
      Locals:         0       0       0       0       0       0       0       0       0       0       0       0       0       0       0       0       0
      Temps:          0       0       0       0       0       0       0       0       0       0       0       0       0       0       0       0       0
      Totals:         0       0       0       0       0       0       0       0       0       0       0       0       0       0       0       0       0
Total ram usage:        0 bytes
 Hardware stack levels used:    1
 Hardware stack levels required when called:    6
 This function calls:
		Nothing
 This function is called by:
		_LCDCommand
		_LCDWriteData
		_LCDReadData
		_LCDGetAC
 This function uses a non-reentrant model


 *************** function _shortDelay *****************
 Defined at:
		line 247 in file "LCD.c"
 Parameters:    Size  Location     Type
		None
 Auto vars:     Size  Location     Type
		None
 Return value:  Size  Location     Type
		None               void
 Registers used:
		wreg
 Tracked objects:
		On entry : 
		On exit  : 
		Unchanged: 
 Data sizes:     COMRAM   BANK0   BANK1   BANK2   BANK3   BANK4   BANK5   BANK6   BANK7   BANK8   BANK9  BANK10  BANK11  BANK12  BANK13  BANK14  BANK15
      Params:         0       0       0       0       0       0       0       0       0       0       0       0       0       0       0       0       0
      Locals:         0       0       0       0       0       0       0       0       0       0       0       0       0       0       0       0       0
      Temps:          0       0       0       0       0       0       0       0       0       0       0       0       0       0       0       0       0
      Totals:         0       0       0       0       0       0       0       0       0       0       0       0       0       0       0       0       0
Total ram usage:        0 bytes
 Hardware stack levels used:    1
 Hardware stack levels required when called:    6
 This function calls:
		Nothing
 This function is called by:
		_LCDCommand
		_LCDWriteData
		_LCDReadData
		_LCDGetAC
 This function uses a non-reentrant model


 *************** function _LCDWriteByte *****************
 Defined at:
		line 260 in file "LCD.c"
 Parameters:    Size  Location     Type
  c               1    wreg     unsigned char 
  rs              1    2[BANK0 ] unsigned char 
 Auto vars:     Size  Location     Type
  c               1    3[BANK0 ] unsigned char 
  comFlags        1    4[BANK0 ] unsigned char 
 Return value:  Size  Location     Type
		None               void
 Registers used:
		wreg, status,2, status,0, cstack
 Tracked objects:
		On entry : 
		On exit  : 
		Unchanged: 
 Data sizes:     COMRAM   BANK0   BANK1   BANK2   BANK3   BANK4   BANK5   BANK6   BANK7   BANK8   BANK9  BANK10  BANK11  BANK12  BANK13  BANK14  BANK15
      Params:         0       1       0       0       0       0       0       0       0       0       0       0       0       0       0       0       0
      Locals:         0       2       0       0       0       0       0       0       0       0       0       0       0       0       0       0       0
      Temps:          0       0       0       0       0       0       0       0       0       0       0       0       0       0       0       0       0
      Totals:         0       3       0       0       0       0       0       0       0       0       0       0       0       0       0       0       0
Total ram usage:        3 bytes
 Hardware stack levels used:    1
 Hardware stack levels required when called:    7
 This function calls:
		_WriteRegister
 This function is called by:
		_LCDCommand
		_LCDInitCommand
		_LCDWriteData
 This function uses a non-reentrant model


 *************** function _WriteRegister *****************
 Defined at:
		line 320 in file "LCD.c"
 Parameters:    Size  Location     Type
  reg             1    wreg     unsigned char 
  b               1    0[BANK0 ] unsigned char 
 Auto vars:     Size  Location     Type
  reg             1    1[BANK0 ] unsigned char 
 Return value:  Size  Location     Type
		None               void
 Registers used:
		wreg, status,2
 Tracked objects:
		On entry : 
		On exit  : 
		Unchanged: 
 Data sizes:     COMRAM   BANK0   BANK1   BANK2   BANK3   BANK4   BANK5   BANK6   BANK7   BANK8   BANK9  BANK10  BANK11  BANK12  BANK13  BANK14  BANK15
      Params:         0       1       0       0       0       0       0       0       0       0       0       0       0       0       0       0       0
      Locals:         0       1       0       0       0       0       0       0       0       0       0       0       0       0       0       0       0
      Temps:          0       0       0       0       0       0       0       0       0       0       0       0       0       0       0       0       0
      Totals:         0       2       0       0       0       0       0       0       0       0       0       0       0       0       0       0       0
Total ram usage:        2 bytes
 Hardware stack levels used:    1
 Hardware stack levels required when called:    6
 This function calls:
		Nothing
 This function is called by:
		_LCDWriteByte
		_LCDInitPort
 This function uses a non-reentrant model


 *************** function _InitPins *****************
 Defined at:
		line 119 in file "I2CMaster.c"
 Parameters:    Size  Location     Type
		None
 Auto vars:     Size  Location     Type
		None
 Return value:  Size  Location     Type
		None               void
 Registers used:
		wreg, status,2
 Tracked objects:
		On entry : 
		On exit  : 
		Unchanged: 
 Data sizes:     COMRAM   BANK0   BANK1   BANK2   BANK3   BANK4   BANK5   BANK6   BANK7   BANK8   BANK9  BANK10  BANK11  BANK12  BANK13  BANK14  BANK15
      Params:         0       0       0       0       0       0       0       0       0       0       0       0       0       0       0       0       0
      Locals:         0       0       0       0       0       0       0       0       0       0       0       0       0       0       0       0       0
      Temps:          0       0       0       0       0       0       0       0       0       0       0       0       0       0       0       0       0
      Totals:         0       0       0       0       0       0       0       0       0       0       0       0       0       0       0       0       0
Total ram usage:        0 bytes
 Hardware stack levels used:    1
 Hardware stack levels required when called:    6
 This function calls:
		Nothing
 This function is called by:
		_main
 This function uses a non-reentrant model


 *************** function _ConfigPeriph *****************
 Defined at:
		line 148 in file "I2CMaster.c"
 Parameters:    Size  Location     Type
		None
 Auto vars:     Size  Location     Type
		None
 Return value:  Size  Location     Type
		None               void
 Registers used:
		wreg, status,2
 Tracked objects:
		On entry : 
		On exit  : 
		Unchanged: 
 Data sizes:     COMRAM   BANK0   BANK1   BANK2   BANK3   BANK4   BANK5   BANK6   BANK7   BANK8   BANK9  BANK10  BANK11  BANK12  BANK13  BANK14  BANK15
      Params:         0       0       0       0       0       0       0       0       0       0       0       0       0       0       0       0       0
      Locals:         0       0       0       0       0       0       0       0       0       0       0       0       0       0       0       0       0
      Temps:          0       0       0       0       0       0       0       0       0       0       0       0       0       0       0       0       0
      Totals:         0       0       0       0       0       0       0       0       0       0       0       0       0       0       0       0       0
Total ram usage:        0 bytes
 Hardware stack levels used:    1
 Hardware stack levels required when called:    6
 This function calls:
		Nothing
 This function is called by:
		_main
 This function uses a non-reentrant model


 *************** function _ConfigInterrupts *****************
 Defined at:
		line 133 in file "I2CMaster.c"
 Parameters:    Size  Location     Type
		None
 Auto vars:     Size  Location     Type
		None
 Return value:  Size  Location     Type
		None               void
 Registers used:
		None
 Tracked objects:
		On entry : 
		On exit  : 
		Unchanged: 
 Data sizes:     COMRAM   BANK0   BANK1   BANK2   BANK3   BANK4   BANK5   BANK6   BANK7   BANK8   BANK9  BANK10  BANK11  BANK12  BANK13  BANK14  BANK15
      Params:         0       0       0       0       0       0       0       0       0       0       0       0       0       0       0       0       0
      Locals:         0       0       0       0       0       0       0       0       0       0       0       0       0       0       0       0       0
      Temps:          0       0       0       0       0       0       0       0       0       0       0       0       0       0       0       0       0
      Totals:         0       0       0       0       0       0       0       0       0       0       0       0       0       0       0       0       0
Total ram usage:        0 bytes
 Hardware stack levels used:    1
 Hardware stack levels required when called:    6
 This function calls:
		Nothing
 This function is called by:
		_main
 This function uses a non-reentrant model


 *************** function _HighIsr *****************
 Defined at:
		line 158 in file "I2CMaster.c"
 Parameters:    Size  Location     Type
		None
 Auto vars:     Size  Location     Type
  rx              1   42[COMRAM] unsigned char 
 Return value:  Size  Location     Type
		None               void
 Registers used:
		wreg, fsr2l, fsr2h, status,2, status,0, tblptrl, tblptrh, tblptru, prodl, prodh, cstack
 Tracked objects:
		On entry : 
		On exit  : 
		Unchanged: 
 Data sizes:     COMRAM   BANK0   BANK1   BANK2   BANK3   BANK4   BANK5   BANK6   BANK7   BANK8   BANK9  BANK10  BANK11  BANK12  BANK13  BANK14  BANK15
      Params:         0       0       0       0       0       0       0       0       0       0       0       0       0       0       0       0       0
      Locals:         1       0       0       0       0       0       0       0       0       0       0       0       0       0       0       0       0
      Temps:         14       0       0       0       0       0       0       0       0       0       0       0       0       0       0       0       0
      Totals:        15       0       0       0       0       0       0       0       0       0       0       0       0       0       0       0       0
Total ram usage:       15 bytes
 Hardware stack levels used:    1
 Hardware stack levels required when called:    5
 This function calls:
		_I2CReadByte
		_I2CWriteByte
		i2_LCDClearLine
		i2_LCDWriteLine
		i2_sprintf
 This function is called by:
		Interrupt level 2
 This function uses a non-reentrant model


 *************** function i2_sprintf *****************
 Defined at:
		line 492 in file "C:\Program Files (x86)\Microchip\xc8\v1.35\sources\common\doprnt.c"
 Parameters:    Size  Location     Type
  sp              2   12[COMRAM] PTR unsigned char 
		 -> line2str(17), line1str(17), 
  f               2   14[COMRAM] PTR const unsigned char 
		 -> STR_2(17), STR_1(3), 
 Auto vars:     Size  Location     Type
  sprintf         4    0        struct .
  sprintf         3    0        PTR const unsigned char 
  sprintf         2   25[COMRAM] unsigned int 
  sprintf         2   21[COMRAM] PTR void [1]
		 -> ?i2_sprintf(2), ?_sprintf(2), 
  sprintf         2    0        unsigned int 
  sprintf         1   27[COMRAM] char 
  sprintf         1   24[COMRAM] char 
  sprintf         1   23[COMRAM] unsigned char 
 Return value:  Size  Location     Type
                  2   12[COMRAM] int 
 Registers used:
		wreg, fsr2l, fsr2h, status,2, status,0, tblptrl, tblptrh, tblptru, prodl, prodh, cstack
 Tracked objects:
		On entry : 
		On exit  : 
		Unchanged: 
 Data sizes:     COMRAM   BANK0   BANK1   BANK2   BANK3   BANK4   BANK5   BANK6   BANK7   BANK8   BANK9  BANK10  BANK11  BANK12  BANK13  BANK14  BANK15
      Params:         8       0       0       0       0       0       0       0       0       0       0       0       0       0       0       0       0
      Locals:         7       0       0       0       0       0       0       0       0       0       0       0       0       0       0       0       0
      Temps:          1       0       0       0       0       0       0       0       0       0       0       0       0       0       0       0       0
      Totals:        16       0       0       0       0       0       0       0       0       0       0       0       0       0       0       0       0
Total ram usage:       16 bytes
 Hardware stack levels used:    1
 Hardware stack levels required when called:    1
 This function calls:
		i2___lwdiv
		i2___lwmod
 This function is called by:
		_HighIsr
 This function uses a non-reentrant model


 *************** function i2___lwmod *****************
 Defined at:
		line 8 in file "C:\Program Files (x86)\Microchip\xc8\v1.35\sources\common\lwmod.c"
 Parameters:    Size  Location     Type
  dividend        2    7[COMRAM] unsigned int 
  divisor         2    9[COMRAM] unsigned int 
 Auto vars:     Size  Location     Type
  __lwmod         1   11[COMRAM] unsigned char 
 Return value:  Size  Location     Type
                  2    7[COMRAM] unsigned int 
 Registers used:
		wreg, status,2, status,0
 Tracked objects:
		On entry : 
		On exit  : 
		Unchanged: 
 Data sizes:     COMRAM   BANK0   BANK1   BANK2   BANK3   BANK4   BANK5   BANK6   BANK7   BANK8   BANK9  BANK10  BANK11  BANK12  BANK13  BANK14  BANK15
      Params:         4       0       0       0       0       0       0       0       0       0       0       0       0       0       0       0       0
      Locals:         1       0       0       0       0       0       0       0       0       0       0       0       0       0       0       0       0
      Temps:          0       0       0       0       0       0       0       0       0       0       0       0       0       0       0       0       0
      Totals:         5       0       0       0       0       0       0       0       0       0       0       0       0       0       0       0       0
Total ram usage:        5 bytes
 Hardware stack levels used:    1
 This function calls:
		Nothing
 This function is called by:
		i2_sprintf
 This function uses a non-reentrant model


 *************** function i2___lwdiv *****************
 Defined at:
		line 8 in file "C:\Program Files (x86)\Microchip\xc8\v1.35\sources\common\lwdiv.c"
 Parameters:    Size  Location     Type
  dividend        2    0[COMRAM] unsigned int 
  divisor         2    2[COMRAM] unsigned int 
 Auto vars:     Size  Location     Type
  __lwdiv         2    4[COMRAM] unsigned int 
  __lwdiv         1    6[COMRAM] unsigned char 
 Return value:  Size  Location     Type
                  2    0[COMRAM] unsigned int 
 Registers used:
		wreg, status,2, status,0
 Tracked objects:
		On entry : 
		On exit  : 
		Unchanged: 
 Data sizes:     COMRAM   BANK0   BANK1   BANK2   BANK3   BANK4   BANK5   BANK6   BANK7   BANK8   BANK9  BANK10  BANK11  BANK12  BANK13  BANK14  BANK15
      Params:         4       0       0       0       0       0       0       0       0       0       0       0       0       0       0       0       0
      Locals:         3       0       0       0       0       0       0       0       0       0       0       0       0       0       0       0       0
      Temps:          0       0       0       0       0       0       0       0       0       0       0       0       0       0       0       0       0
      Totals:         7       0       0       0       0       0       0       0       0       0       0       0       0       0       0       0       0
Total ram usage:        7 bytes
 Hardware stack levels used:    1
 This function calls:
		Nothing
 This function is called by:
		i2_sprintf
 This function uses a non-reentrant model


 *************** function i2_LCDWriteLine *****************
 Defined at:
		line 59 in file "LCD.c"
 Parameters:    Size  Location     Type
  str             2   13[COMRAM] PTR const unsigned char 
		 -> LCDScroll@str(17), line2str(17), line1str(17), 
  line            1   15[COMRAM] unsigned char 
 Auto vars:     Size  Location     Type
		None
 Return value:  Size  Location     Type
		None               void
 Registers used:
		wreg, fsr2l, fsr2h, status,2, status,0, prodl, prodh, cstack
 Tracked objects:
		On entry : 
		On exit  : 
		Unchanged: 
 Data sizes:     COMRAM   BANK0   BANK1   BANK2   BANK3   BANK4   BANK5   BANK6   BANK7   BANK8   BANK9  BANK10  BANK11  BANK12  BANK13  BANK14  BANK15
      Params:         3       0       0       0       0       0       0       0       0       0       0       0       0       0       0       0       0
      Locals:         0       0       0       0       0       0       0       0       0       0       0       0       0       0       0       0       0
      Temps:          1       0       0       0       0       0       0       0       0       0       0       0       0       0       0       0       0
      Totals:         4       0       0       0       0       0       0       0       0       0       0       0       0       0       0       0       0
Total ram usage:        4 bytes
 Hardware stack levels used:    1
 Hardware stack levels required when called:    4
 This function calls:
		i2_LCDSetPos
		i2_LCDWriteData
 This function is called by:
		_HighIsr
 This function uses a non-reentrant model


 *************** function i2_LCDClearLine *****************
 Defined at:
		line 80 in file "LCD.c"
 Parameters:    Size  Location     Type
  line            1    wreg     unsigned char 
 Auto vars:     Size  Location     Type
  line            1   13[COMRAM] unsigned char 
  LCDClearLine    1   14[COMRAM] unsigned char 
 Return value:  Size  Location     Type
		None               void
 Registers used:
		wreg, status,2, status,0, prodl, prodh, cstack
 Tracked objects:
		On entry : 
		On exit  : 
		Unchanged: 
 Data sizes:     COMRAM   BANK0   BANK1   BANK2   BANK3   BANK4   BANK5   BANK6   BANK7   BANK8   BANK9  BANK10  BANK11  BANK12  BANK13  BANK14  BANK15
      Params:         0       0       0       0       0       0       0       0       0       0       0       0       0       0       0       0       0
      Locals:         2       0       0       0       0       0       0       0       0       0       0       0       0       0       0       0       0
      Temps:          0       0       0       0       0       0       0       0       0       0       0       0       0       0       0       0       0
      Totals:         2       0       0       0       0       0       0       0       0       0       0       0       0       0       0       0       0
Total ram usage:        2 bytes
 Hardware stack levels used:    1
 Hardware stack levels required when called:    4
 This function calls:
		i2_LCDSetPos
		i2_LCDWriteData
 This function is called by:
		_HighIsr
 This function uses a non-reentrant model


 *************** function i2_LCDWriteData *****************
 Defined at:
		line 197 in file "LCD.c"
 Parameters:    Size  Location     Type
  c               1    wreg     unsigned char 
 Auto vars:     Size  Location     Type
  c               1    5[COMRAM] unsigned char 
 Return value:  Size  Location     Type
		None               void
 Registers used:
		wreg, status,2, status,0, cstack
 Tracked objects:
		On entry : 
		On exit  : 
		Unchanged: 
 Data sizes:     COMRAM   BANK0   BANK1   BANK2   BANK3   BANK4   BANK5   BANK6   BANK7   BANK8   BANK9  BANK10  BANK11  BANK12  BANK13  BANK14  BANK15
      Params:         0       0       0       0       0       0       0       0       0       0       0       0       0       0       0       0       0
      Locals:         1       0       0       0       0       0       0       0       0       0       0       0       0       0       0       0       0
      Temps:          0       0       0       0       0       0       0       0       0       0       0       0       0       0       0       0       0
      Totals:         1       0       0       0       0       0       0       0       0       0       0       0       0       0       0       0       0
Total ram usage:        1 bytes
 Hardware stack levels used:    1
 Hardware stack levels required when called:    2
 This function calls:
		i2_LCDWriteByte
		i2_shortDelay
		i2_wait
 This function is called by:
		i2_LCDWriteLine
		i2_LCDClearLine
 This function uses a non-reentrant model


 *************** function i2_LCDSetPos *****************
 Defined at:
		line 96 in file "LCD.c"
 Parameters:    Size  Location     Type
  row             2    6[COMRAM] int 
  col             2    8[COMRAM] int 
 Auto vars:     Size  Location     Type
  LCDSetPos       2   11[COMRAM] int 
 Return value:  Size  Location     Type
		None               void
 Registers used:
		wreg, status,2, status,0, prodl, prodh, cstack
 Tracked objects:
		On entry : 
		On exit  : 
		Unchanged: 
 Data sizes:     COMRAM   BANK0   BANK1   BANK2   BANK3   BANK4   BANK5   BANK6   BANK7   BANK8   BANK9  BANK10  BANK11  BANK12  BANK13  BANK14  BANK15
      Params:         4       0       0       0       0       0       0       0       0       0       0       0       0       0       0       0       0
      Locals:         2       0       0       0       0       0       0       0       0       0       0       0       0       0       0       0       0
      Temps:          1       0       0       0       0       0       0       0       0       0       0       0       0       0       0       0       0
      Totals:         7       0       0       0       0       0       0       0       0       0       0       0       0       0       0       0       0
Total ram usage:        7 bytes
 Hardware stack levels used:    1
 Hardware stack levels required when called:    3
 This function calls:
		i2_LCDCommand
		i2_calculateBase
 This function is called by:
		i2_LCDWriteLine
		i2_LCDClearLine
 This function uses a non-reentrant model


 *************** function i2_calculateBase *****************
 Defined at:
		line 225 in file "LCD.c"
 Parameters:    Size  Location     Type
  line            1    wreg     unsigned char 
 Auto vars:     Size  Location     Type
  line            1    1[COMRAM] unsigned char 
  calculateBas    1    0[COMRAM] unsigned char 
 Return value:  Size  Location     Type
                  1    wreg      unsigned char 
 Registers used:
		wreg, status,2, status,0, prodl, prodh
 Tracked objects:
		On entry : 
		On exit  : 
		Unchanged: 
 Data sizes:     COMRAM   BANK0   BANK1   BANK2   BANK3   BANK4   BANK5   BANK6   BANK7   BANK8   BANK9  BANK10  BANK11  BANK12  BANK13  BANK14  BANK15
      Params:         0       0       0       0       0       0       0       0       0       0       0       0       0       0       0       0       0
      Locals:         2       0       0       0       0       0       0       0       0       0       0       0       0       0       0       0       0
      Temps:          0       0       0       0       0       0       0       0       0       0       0       0       0       0       0       0       0
      Totals:         2       0       0       0       0       0       0       0       0       0       0       0       0       0       0       0       0
Total ram usage:        2 bytes
 Hardware stack levels used:    1
 This function calls:
		Nothing
 This function is called by:
		i2_LCDSetPos
 This function uses a non-reentrant model


 *************** function i2_LCDCommand *****************
 Defined at:
		line 187 in file "LCD.c"
 Parameters:    Size  Location     Type
  command         1    wreg     unsigned char 
 Auto vars:     Size  Location     Type
  command         1    5[COMRAM] unsigned char 
 Return value:  Size  Location     Type
		None               void
 Registers used:
		wreg, status,2, status,0, cstack
 Tracked objects:
		On entry : 
		On exit  : 
		Unchanged: 
 Data sizes:     COMRAM   BANK0   BANK1   BANK2   BANK3   BANK4   BANK5   BANK6   BANK7   BANK8   BANK9  BANK10  BANK11  BANK12  BANK13  BANK14  BANK15
      Params:         0       0       0       0       0       0       0       0       0       0       0       0       0       0       0       0       0
      Locals:         1       0       0       0       0       0       0       0       0       0       0       0       0       0       0       0       0
      Temps:          0       0       0       0       0       0       0       0       0       0       0       0       0       0       0       0       0
      Totals:         1       0       0       0       0       0       0       0       0       0       0       0       0       0       0       0       0
Total ram usage:        1 bytes
 Hardware stack levels used:    1
 Hardware stack levels required when called:    2
 This function calls:
		i2_LCDWriteByte
		i2_shortDelay
		i2_wait
 This function is called by:
		i2_LCDSetPos
 This function uses a non-reentrant model


 *************** function i2_wait *****************
 Defined at:
		line 235 in file "LCD.c"
 Parameters:    Size  Location     Type
		None
 Auto vars:     Size  Location     Type
		None
 Return value:  Size  Location     Type
		None               void
 Registers used:
		None
 Tracked objects:
		On entry : 
		On exit  : 
		Unchanged: 
 Data sizes:     COMRAM   BANK0   BANK1   BANK2   BANK3   BANK4   BANK5   BANK6   BANK7   BANK8   BANK9  BANK10  BANK11  BANK12  BANK13  BANK14  BANK15
      Params:         0       0       0       0       0       0       0       0       0       0       0       0       0       0       0       0       0
      Locals:         0       0       0       0       0       0       0       0       0       0       0       0       0       0       0       0       0
      Temps:          0       0       0       0       0       0       0       0       0       0       0       0       0       0       0       0       0
      Totals:         0       0       0       0       0       0       0       0       0       0       0       0       0       0       0       0       0
Total ram usage:        0 bytes
 Hardware stack levels used:    1
 This function calls:
		Nothing
 This function is called by:
		i2_LCDCommand
		i2_LCDWriteData
 This function uses a non-reentrant model


 *************** function i2_shortDelay *****************
 Defined at:
		line 247 in file "LCD.c"
 Parameters:    Size  Location     Type
		None
 Auto vars:     Size  Location     Type
		None
 Return value:  Size  Location     Type
		None               void
 Registers used:
		wreg
 Tracked objects:
		On entry : 
		On exit  : 
		Unchanged: 
 Data sizes:     COMRAM   BANK0   BANK1   BANK2   BANK3   BANK4   BANK5   BANK6   BANK7   BANK8   BANK9  BANK10  BANK11  BANK12  BANK13  BANK14  BANK15
      Params:         0       0       0       0       0       0       0       0       0       0       0       0       0       0       0       0       0
      Locals:         0       0       0       0       0       0       0       0       0       0       0       0       0       0       0       0       0
      Temps:          0       0       0       0       0       0       0       0       0       0       0       0       0       0       0       0       0
      Totals:         0       0       0       0       0       0       0       0       0       0       0       0       0       0       0       0       0
Total ram usage:        0 bytes
 Hardware stack levels used:    1
 This function calls:
		Nothing
 This function is called by:
		i2_LCDCommand
		i2_LCDWriteData
 This function uses a non-reentrant model


 *************** function i2_LCDWriteByte *****************
 Defined at:
		line 260 in file "LCD.c"
 Parameters:    Size  Location     Type
  c               1    wreg     unsigned char 
  rs              1    2[COMRAM] unsigned char 
 Auto vars:     Size  Location     Type
  c               1    3[COMRAM] unsigned char 
  LCDWriteByte    1    4[COMRAM] unsigned char 
 Return value:  Size  Location     Type
		None               void
 Registers used:
		wreg, status,2, status,0, cstack
 Tracked objects:
		On entry : 
		On exit  : 
		Unchanged: 
 Data sizes:     COMRAM   BANK0   BANK1   BANK2   BANK3   BANK4   BANK5   BANK6   BANK7   BANK8   BANK9  BANK10  BANK11  BANK12  BANK13  BANK14  BANK15
      Params:         1       0       0       0       0       0       0       0       0       0       0       0       0       0       0       0       0
      Locals:         2       0       0       0       0       0       0       0       0       0       0       0       0       0       0       0       0
      Temps:          0       0       0       0       0       0       0       0       0       0       0       0       0       0       0       0       0
      Totals:         3       0       0       0       0       0       0       0       0       0       0       0       0       0       0       0       0
Total ram usage:        3 bytes
 Hardware stack levels used:    1
 Hardware stack levels required when called:    1
 This function calls:
		i2_WriteRegister
 This function is called by:
		i2_LCDCommand
		i2_LCDWriteData
 This function uses a non-reentrant model


 *************** function i2_WriteRegister *****************
 Defined at:
		line 320 in file "LCD.c"
 Parameters:    Size  Location     Type
  reg             1    wreg     unsigned char 
  b               1    0[COMRAM] unsigned char 
 Auto vars:     Size  Location     Type
  reg             1    1[COMRAM] unsigned char 
 Return value:  Size  Location     Type
		None               void
 Registers used:
		wreg, status,2
 Tracked objects:
		On entry : 
		On exit  : 
		Unchanged: 
 Data sizes:     COMRAM   BANK0   BANK1   BANK2   BANK3   BANK4   BANK5   BANK6   BANK7   BANK8   BANK9  BANK10  BANK11  BANK12  BANK13  BANK14  BANK15
      Params:         1       0       0       0       0       0       0       0       0       0       0       0       0       0       0       0       0
      Locals:         1       0       0       0       0       0       0       0       0       0       0       0       0       0       0       0       0
      Temps:          0       0       0       0       0       0       0       0       0       0       0       0       0       0       0       0       0
      Totals:         2       0       0       0       0       0       0       0       0       0       0       0       0       0       0       0       0
Total ram usage:        2 bytes
 Hardware stack levels used:    1
 This function calls:
		Nothing
 This function is called by:
		i2_LCDWriteByte
 This function uses a non-reentrant model


 *************** function _I2CWriteByte *****************
 Defined at:
		line 51 in file "I2CMaster.c"
 Parameters:    Size  Location     Type
  byte            1    wreg     unsigned char 
  choice          1    0[COMRAM] unsigned char 
 Auto vars:     Size  Location     Type
  byte            1    2[COMRAM] unsigned char 
  data            1    1[COMRAM] unsigned char 
 Return value:  Size  Location     Type
		None               void
 Registers used:
		wreg, status,2
 Tracked objects:
		On entry : 
		On exit  : 
		Unchanged: 
 Data sizes:     COMRAM   BANK0   BANK1   BANK2   BANK3   BANK4   BANK5   BANK6   BANK7   BANK8   BANK9  BANK10  BANK11  BANK12  BANK13  BANK14  BANK15
      Params:         1       0       0       0       0       0       0       0       0       0       0       0       0       0       0       0       0
      Locals:         2       0       0       0       0       0       0       0       0       0       0       0       0       0       0       0       0
      Temps:          0       0       0       0       0       0       0       0       0       0       0       0       0       0       0       0       0
      Totals:         3       0       0       0       0       0       0       0       0       0       0       0       0       0       0       0       0
Total ram usage:        3 bytes
 Hardware stack levels used:    1
 This function calls:
		Nothing
 This function is called by:
		_HighIsr
 This function uses a non-reentrant model


 *************** function _I2CReadByte *****************
 Defined at:
		line 75 in file "I2CMaster.c"
 Parameters:    Size  Location     Type
		None
 Auto vars:     Size  Location     Type
  rx              1    0[COMRAM] unsigned char 
 Return value:  Size  Location     Type
                  1    wreg      unsigned char 
 Registers used:
		wreg, status,2, status,0
 Tracked objects:
		On entry : 
		On exit  : 
		Unchanged: 
 Data sizes:     COMRAM   BANK0   BANK1   BANK2   BANK3   BANK4   BANK5   BANK6   BANK7   BANK8   BANK9  BANK10  BANK11  BANK12  BANK13  BANK14  BANK15
      Params:         0       0       0       0       0       0       0       0       0       0       0       0       0       0       0       0       0
      Locals:         1       0       0       0       0       0       0       0       0       0       0       0       0       0       0       0       0
      Temps:          0       0       0       0       0       0       0       0       0       0       0       0       0       0       0       0       0
      Totals:         1       0       0       0       0       0       0       0       0       0       0       0       0       0       0       0       0
Total ram usage:        1 bytes
 Hardware stack levels used:    1
 This function calls:
		Nothing
 This function is called by:
		_HighIsr
 This function uses a non-reentrant model



MODULE INFORMATION

Module		Function		Class		Link	Load	Size
I2CMaster.c
		_HighIsr       		CODE           	0008	0000	203
		_InitPins      		CODE           	1A56	0000	21
		_ConfigPeriph  		CODE           	1A7C	0000	17
		_main          		CODE           	130E	0000	167
		_I2CReadByte   		CODE           	15C4	0000	103
		_ConfigInterrupts		CODE           	1A98	0000	13
		_I2CWriteByte  		CODE           	18F4	0000	51

I2CMaster.c estimated size: 575

C:\Program Files (x86)\Microchip\xc8\v1.35\sources\common\lwmod.c
		___lwmod       		CODE           	162A	0000	99

C:\Program Files (x86)\Microchip\xc8\v1.35\sources\common\lwmod.c estimated size: 99

C:\Program Files (x86)\Microchip\xc8\v1.35\sources\common\doprnt.c
		_sprintf       		CODE           	101E	0000	405

C:\Program Files (x86)\Microchip\xc8\v1.35\sources\common\doprnt.c estimated size: 405

shared
		i2_LCDClearLine		CODE           	18C2	0000	51
		i2_LCDWriteData		CODE           	1A16	0000	23
		i2_LCDWriteLine		CODE           	1456	0000	145
		i2_LCDWriteByte		CODE           	1850	0000	61
		i2_wait        		CODE           	1ABA	0000	3
		_dpowers       		SMALLCONST     	1001	0000	11
		i2___lwdiv     		CODE           	16EC	0000	83
		i2_WriteRegister		CODE           	1978	0000	39
		i2___lwmod     		CODE           	17CE	0000	67
		__initialization		CODE           	199E	0000	25
		i2_LCDSetPos   		CODE           	1788	0000	71
		i2_sprintf     		CODE           	11B2	0000	349
		i2_shortDelay  		CODE           	1AAE	0000	11
		i2_LCDCommand  		CODE           	1A2C	0000	23
		i2_calculateBase		CODE           	19C0	0000	31

shared estimated size: 993

C:\Program Files (x86)\Microchip\xc8\v1.35\sources\common\lwdiv.c
		___lwdiv       		CODE           	14E6	0000	121

C:\Program Files (x86)\Microchip\xc8\v1.35\sources\common\lwdiv.c estimated size: 121

LCD.c
		_LCDClear      		CODE           	1A8C	0000	13
		_LCDClearLine  		CODE           	1810	0000	65
		_WriteRegister 		CODE           	1950	0000	41
		_LCDWriteData  		CODE           	19DE	0000	29
		_LCDWriteLine  		CODE           	13B4	0000	163
		_LCDWriteByte  		CODE           	173E	0000	75
		_LCDInit       		CODE           	168C	0000	97
		_LCDInitPort   		CODE           	188C	0000	55
		_calculateBase 		CODE           	1926	0000	43
		_LCDCommand    		CODE           	19FA	0000	29
		_LCDInitCommand		CODE           	1A42	0000	21
		_LCDSetPos     		CODE           	155E	0000	103
		_wait          		CODE           	1AB8	0000	3
		_longDelay     		CODE           	1A6A	0000	19
		_shortDelay    		CODE           	1AA4	0000	11

LCD.c estimated size: 767

