------------------------------------------------------------
TimeQuest Timing Analyzer Summary
------------------------------------------------------------

Type  : Slow 1100mV 85C Model Setup 'clock'
Slack : -0.400
TNS   : -1.560

Type  : Slow 1100mV 85C Model Hold 'clock'
Slack : 0.375
TNS   : 0.000

Type  : Slow 1100mV 85C Model Minimum Pulse Width 'clock'
Slack : -0.394
TNS   : -4.072

Type  : Slow 1100mV 0C Model Setup 'clock'
Slack : -0.392
TNS   : -1.638

Type  : Slow 1100mV 0C Model Hold 'clock'
Slack : 0.393
TNS   : 0.000

Type  : Slow 1100mV 0C Model Minimum Pulse Width 'clock'
Slack : -0.394
TNS   : -4.413

Type  : Fast 1100mV 85C Model Setup 'clock'
Slack : 0.192
TNS   : 0.000

Type  : Fast 1100mV 85C Model Hold 'clock'
Slack : 0.182
TNS   : 0.000

Type  : Fast 1100mV 85C Model Minimum Pulse Width 'clock'
Slack : -0.084
TNS   : -0.666

Type  : Fast 1100mV 0C Model Setup 'clock'
Slack : 0.236
TNS   : 0.000

Type  : Fast 1100mV 0C Model Hold 'clock'
Slack : 0.173
TNS   : 0.000

Type  : Fast 1100mV 0C Model Minimum Pulse Width 'clock'
Slack : -0.085
TNS   : -0.670

------------------------------------------------------------
