Microchip MPLAB XC8 Compiler V1.35 ()

Linker command line:

--edf=C:\Program Files (x86)\Microchip\xc8\v1.35\dat\en_msgs.txt -cs \
  -h+dist/default/production\Lab1.X.production.sym \
  --cmf=dist/default/production\Lab1.X.production.cmf -z -Q18F87J11 \
  -oC:\Users\jtwogoo1\AppData\Local\Temp\s30c.2 \
  -Mdist/default/production/Lab1.X.production.map -E1 -ver=XC8 \
  -ASTACK=067h-0f3fh -pstack=STACK -ACODE=00h-01FFF7h -ACONST=00h-01FFF7h \
  -ASMALLCONST=01000h-010FFhx495,01FF00h-01FFF7h \
  -AMEDIUMCONST=01000h-0FFFFh,011000h-01FFF7h -ACOMRAM=01h-05Fh \
  -AABS1=00h-0F3Fh -ABIGRAM=01h-0F3Fh \
  -ARAM=060h-0FFh,0100h-01FFhx14,0F00h-0F3Fh -ABANK0=060h-0FFh \
  -ABANK1=0100h-01FFh -ABANK2=0200h-02FFh -ABANK3=0300h-03FFh \
  -ABANK4=0400h-04FFh -ABANK5=0500h-05FFh -ABANK6=0600h-06FFh \
  -ABANK7=0700h-07FFh -ABANK8=0800h-08FFh -ABANK9=0900h-09FFh \
  -ABANK10=0A00h-0AFFh -ABANK11=0B00h-0BFFh -ABANK12=0C00h-0CFFh \
  -ABANK13=0D00h-0DFFh -ABANK14=0E00h-0EFFh -ABANK15=0F00h-0F3Fh \
  -ASFR=0F5Ah-0F5Fh,0F60h-0FFFh \
  -preset_vec=00h,intcode=08h,intcodelo,powerup,init,end_init \
  -pramtop=01000h -psmallconst=SMALLCONST -pmediumconst=MEDIUMCONST \
  -pconst=CONST -AFARRAM=00h-00h -ACONFIG=01FFF8h-01FFFDh -pconfig=CONFIG \
  -pjflash_buffer=01F800h \
  -prdata=COMRAM,nvrram=COMRAM,nvbit=COMRAM,rbss=COMRAM,rbit=COMRAM \
  -pfarbss=FARRAM,fardata=FARRAM,nvFARRAM=FARRAM \
  -pintsave_regs=BIGRAM,bigbss=BIGRAM,bigdata=BIGRAM -pbss=RAM \
  -pidata=CODE,irdata=CODE,ibigdata=CODE,ifardata=CODE -prparam=COMRAM \
  C:\Users\jtwogoo1\AppData\Local\Temp\s30c.obj \
  dist/default/production\Lab1.X.production.obj 

Object code version is 3.11

Machine type is 18F87J11

Call graph: (short form)




                Name                               Link     Load   Length Selector   Space Scale
C:\Users\jtwogoo1\AppData\Local\Temp\s30c.obj
                end_init                             B0       B0        4        4       0
                reset_vec                             0        0        4        0       0
                config                            1FFF8    1FFF8        6    1FFF8       0
dist/default/production\Lab1.X.production.obj
                intcode                               8        8       A8        4       0
                temp                                 51       51        1        1       1
                text18                              4B8      4B8        8      251       0
                text17                              452      452       14        4       0
                text16                              476      476       10        4       0
                text15                              3E2      3E2       26        4       0
                text14                              340      340       3C        4       0
                text13                              4AE      4AE        A      251       0
                text12                              4C0      4C0        2      251       0
                text11                              43C      43C       16        4       0
                text10                              466      466       10        4       0
                text9                               4A2      4A2        C      251       0
                text8                               408      408       1E        4       0
                text7                               2B8      2B8       4C        4       0
                text6                               426      426       16        4       0
                text5                               304      304       3C        4       0
                text4                               486      486        E        4       0
                text3                               3B2      3B2       30        4       0
                text2                               260      260       58        4       0
                text1                               1C6      1C6       9A        4       0
                text0                                B4       B4      112        4       0
                cstackCOMRAM                         2A       2A       1A        1       1
                cstackBANK0                          60       60        7       60       1
                dataCOMRAM                           44       44        D        1       1
                bssCOMRAM                             1        1       29        1       1
                cinit                               37C      37C       36        4       0
                idataCOMRAM                         494      494        D        4       0

TOTAL           Name                               Link     Load   Length     Space
        CLASS   STACK          

        CLASS   CODE           
                end_init                             B0       B0        4         0
                intcode                               8        8       A8         0
                reset_vec                             0        0        4         0
                text18                              4B8      4B8        8         0
                text17                              452      452       14         0
                text16                              476      476       10         0
                text15                              3E2      3E2       26         0
                text14                              340      340       3C         0
                text13                              4AE      4AE        A         0
                text12                              4C0      4C0        2         0
                text11                              43C      43C       16         0
                text10                              466      466       10         0
                text9                               4A2      4A2        C         0
                text8                               408      408       1E         0
                text7                               2B8      2B8       4C         0
                text6                               426      426       16         0
                text5                               304      304       3C         0
                text4                               486      486        E         0
                text3                               3B2      3B2       30         0
                text2                               260      260       58         0
                text1                               1C6      1C6       9A         0
                text0                                B4       B4      112         0
                cinit                               37C      37C       36         0
                idataCOMRAM                         494      494        D         0

        CLASS   CONST          

        CLASS   SMALLCONST     

        CLASS   MEDIUMCONST    

        CLASS   COMRAM         
                temp                                 51       51        1         1
                cstackCOMRAM                         2A       2A       1A         1
                dataCOMRAM                           44       44        D         1
                bssCOMRAM                             1        1       29         1

        CLASS   ABS1           

        CLASS   BIGRAM         

        CLASS   RAM            

        CLASS   BANK0          
                cstackBANK0                          60       60        7         1

        CLASS   BANK1          

        CLASS   BANK2          

        CLASS   BANK3          

        CLASS   BANK4          

        CLASS   BANK5          

        CLASS   BANK6          

        CLASS   BANK7          

        CLASS   BANK8          

        CLASS   BANK9          

        CLASS   BANK10         

        CLASS   BANK11         

        CLASS   BANK12         

        CLASS   BANK13         

        CLASS   BANK14         

        CLASS   BANK15         

        CLASS   SFR            

        CLASS   FARRAM         

        CLASS   CONFIG         
                config                            1FFF8    1FFF8        6         0

        CLASS   IDLOC          



SEGMENTS        Name                           Load    Length   Top    Selector   Space  Class

                reset_vec                      000000  000004  000004         0       0  CODE    
                bssCOMRAM                      000001  000051  000052         1       1  COMRAM  
                intcode                        000008  000499  0004A1         4       0  CODE    
                cstackBANK0                    000060  000007  000067        60       1  BANK0   
                text9                          0004A2  000020  0004C2       251       0  CODE    
                config                         01FFF8  000006  01FFFE     1FFF8       0  CONFIG  


UNUSED ADDRESS RANGES

        Name                Unused          Largest block    Delta
        BANK0            00067-000FF              99
        BANK1            00100-001FF             100
        BANK10           00A00-00AFF             100
        BANK11           00B00-00BFF             100
        BANK12           00C00-00CFF             100
        BANK13           00D00-00DFF             100
        BANK14           00E00-00EFF             100
        BANK15           00F00-00F3F              40
        BANK2            00200-002FF             100
        BANK3            00300-003FF             100
        BANK4            00400-004FF             100
        BANK5            00500-005FF             100
        BANK6            00600-006FF             100
        BANK7            00700-007FF             100
        BANK8            00800-008FF             100
        BANK9            00900-009FF             100
        BIGRAM           00052-0005F               E
                         00067-00F3F             ED9
        CODE             00004-00007               4
                         004A1-004A1               1
                         004C2-1FFF7           1FB36
        COMRAM           00052-0005F               E
        CONST            00004-00007               4
                         004A1-004A1               1
                         004C2-1FFF7           1FB36
        MEDIUMCONST      01000-0FFFF            F000
                         11000-1FFF7            EFF8
        RAM              00067-00F3F             100
        SFR              00F5A-00FFF               6
        SMALLCONST       01000-1FFF7             100
        STACK            00067-00F3F             ED9

                                  Symbol Table

LCDClearLine@c             cstackBANK0   00062
LCDClearLine@line          cstackBANK0   00063
LCDCommand@command         cstackCOMRAM  0003D
LCDInit@functionSet        cstackCOMRAM  0003F
LCDInitCommand@command     cstackCOMRAM  0003D
LCDSetPos@col              cstackCOMRAM  00040
LCDSetPos@pos              cstackBANK0   00060
LCDSetPos@row              cstackCOMRAM  0003E
LCDWriteByte@c             cstackCOMRAM  0003B
LCDWriteByte@comFlags      cstackCOMRAM  0003C
LCDWriteByte@rs            cstackCOMRAM  0003A
LCDWriteData@c             cstackCOMRAM  0003D
LCDWriteLine@line          cstackBANK0   00064
LCDWriteLine@str           cstackBANK0   00062
WriteRegister@b            cstackCOMRAM  00038
WriteRegister@reg          cstackCOMRAM  00039
_BAUDCON1bits              (abs)         00F7E
_ConfigInterrupts          text18        004B8
_ConfigPeriph              text17        00452
_HighIsr                   intcode       00008
_INTCONbits                (abs)         00FF2
_InitPins                  text16        00476
_LATAbits                  (abs)         00F89
_LATD                      (abs)         00F8C
_LATDbits                  (abs)         00F8C
_LCDClear                  text9         004A2
_LCDClearLine              text5         00304
_LCDCommand                text11        0043C
_LCDInit                   text2         00260
_LCDInitCommand            text4         00486
_LCDInitPort               text3         003B2
_LCDSetPos                 text7         002B8
_LCDWriteByte              text14        00340
_LCDWriteData              text6         00426
_LCDWriteLine              text1         001C6
_OSCTUNEbits               (abs)         00F9B
_PIR1bits                  (abs)         00F9E
_RCONbits                  (abs)         00FD0
_RCREG1                    (abs)         00FAF
_RCSTA1bits                (abs)         00FAC
_SPBRG1                    (abs)         00FB0
_SPBRGH1                   (abs)         00F7F
_SSPBUF                    (abs)         00FC9
_SSPCON1                   (abs)         00FC6
_SSPIF                     (abs)         07CF3
_SSPSTATbits               (abs)         00FC7
_TRISAbits                 (abs)         00F92
_TRISBbits                 (abs)         00F93
_TRISC                     (abs)         00F94
_TRISCbits                 (abs)         00F94
_TRISD                     (abs)         00F95
_TXREG1                    (abs)         00FAE
_TXSTA1bits                (abs)         00FAD
_WriteRegister             text15        003E2
__CFG_FOSC$HSPLL           (abs)         00000
__CFG_WDTEN$OFF            (abs)         00000
__CFG_XINST$OFF            (abs)         00000
__HRAM                     (abs)         00000
__Habs1                    abs1          00000
__Hbank0                   bank0         00000
__Hbank1                   bank1         00000
__Hbank10                  bank10        00000
__Hbank11                  bank11        00000
__Hbank12                  bank12        00000
__Hbank13                  bank13        00000
__Hbank14                  bank14        00000
__Hbank15                  bank15        00000
__Hbank2                   bank2         00000
__Hbank3                   bank3         00000
__Hbank4                   bank4         00000
__Hbank5                   bank5         00000
__Hbank6                   bank6         00000
__Hbank7                   bank7         00000
__Hbank8                   bank8         00000
__Hbank9                   bank9         00000
__Hbigbss                  bigbss        00000
__Hbigdata                 bigdata       00000
__Hbigram                  bigram        00000
__Hbss                     bss           00000
__HbssCOMRAM               bssCOMRAM     00000
__Hcinit                   cinit         00000
__Hclrtext                 clrtext       00000
__Hcomram                  comram        00000
__Hconfig                  config        1FFFE
__Hconst                   const         00000
__HcstackBANK0             cstackBANK0   00000
__HcstackCOMRAM            cstackCOMRAM  00000
__Hdata                    data          00000
__HdataCOMRAM              dataCOMRAM    00000
__Hend_init                end_init      000B4
__Hfarbss                  farbss        00000
__Hfardata                 fardata       00000
__Hibigdata                ibigdata      00000
__Hidata                   idata         00000
__HidataCOMRAM             idataCOMRAM   00000
__Hidloc                   idloc         00000
__Hifardata                ifardata      00000
__Hinit                    init          000B0
__Hintcode                 intcode       000B0
__Hintcode_body            intcode_body  00000
__Hintcodelo               intcodelo     000B0
__Hintentry                intentry      00000
__Hintret                  intret        00000
__Hintsave_regs            intsave_regs  00000
__Hirdata                  irdata        00000
__Hjflash_buffer           jflash_buffer 1F800
__Hmediumconst             mediumconst   00000
__HnvFARRAM                nvFARRAM      00000
__Hnvbit                   nvbit         00000
__Hnvrram                  nvrram        00000
__Hparam                   rparam        00000
__Hpowerup                 powerup       000B0
__Hram                     ram           00000
__Hramtop                  ramtop        01000
__Hrbit                    rbit          00000
__Hrbss                    rbss          00000
__Hrdata                   rdata         00000
__Hreset_vec               reset_vec     00004
__Hrparam                  rparam        00000
__Hsfr                     sfr           00000
__Hsmallconst              smallconst    00000
__Hspace_0                 (abs)         1FFFE
__Hspace_1                 (abs)         00067
__Hspace_2                 (abs)         00000
__Hstack                   stack         00000
__Hstruct                  struct        00000
__Htemp                    temp          00052
__Htext                    text          00000
__Htext0                   text0         00000
__Htext1                   text1         00000
__Htext10                  text10        00000
__Htext11                  text11        00000
__Htext12                  text12        00000
__Htext13                  text13        00000
__Htext14                  text14        00000
__Htext15                  text15        00000
__Htext16                  text16        00000
__Htext17                  text17        00000
__Htext18                  text18        00000
__Htext2                   text2         00000
__Htext3                   text3         00000
__Htext4                   text4         00000
__Htext5                   text5         00000
__Htext6                   text6         00000
__Htext7                   text7         00000
__Htext8                   text8         00000
__Htext9                   text9         00000
__LRAM                     (abs)         00001
__Labs1                    abs1          00000
__Lbank0                   bank0         00000
__Lbank1                   bank1         00000
__Lbank10                  bank10        00000
__Lbank11                  bank11        00000
__Lbank12                  bank12        00000
__Lbank13                  bank13        00000
__Lbank14                  bank14        00000
__Lbank15                  bank15        00000
__Lbank2                   bank2         00000
__Lbank3                   bank3         00000
__Lbank4                   bank4         00000
__Lbank5                   bank5         00000
__Lbank6                   bank6         00000
__Lbank7                   bank7         00000
__Lbank8                   bank8         00000
__Lbank9                   bank9         00000
__Lbigbss                  bigbss        00000
__Lbigdata                 bigdata       00000
__Lbigram                  bigram        00000
__Lbss                     bss           00000
__LbssCOMRAM               bssCOMRAM     00000
__Lcinit                   cinit         00000
__Lclrtext                 clrtext       00000
__Lcomram                  comram        00000
__Lconfig                  config        1FFF8
__Lconst                   const         00000
__LcstackBANK0             cstackBANK0   00000
__LcstackCOMRAM            cstackCOMRAM  00000
__Ldata                    data          00000
__LdataCOMRAM              dataCOMRAM    00000
__Lend_init                end_init      000B0
__Lfarbss                  farbss        00000
__Lfardata                 fardata       00000
__Libigdata                ibigdata      00000
__Lidata                   idata         00000
__LidataCOMRAM             idataCOMRAM   00000
__Lidloc                   idloc         00000
__Lifardata                ifardata      00000
__Linit                    init          000B0
__Lintcode                 intcode       00008
__Lintcode_body            intcode_body  00000
__Lintcodelo               intcodelo     000B0
__Lintentry                intentry      00000
__Lintret                  intret        00000
__Lintsave_regs            intsave_regs  00000
__Lirdata                  irdata        00000
__Ljflash_buffer           jflash_buffer 1F800
__Lmediumconst             mediumconst   00000
__LnvFARRAM                nvFARRAM      00000
__Lnvbit                   nvbit         00000
__Lnvrram                  nvrram        00000
__Lparam                   rparam        00000
__Lpowerup                 powerup       000B0
__Lram                     ram           00000
__Lramtop                  ramtop        01000
__Lrbit                    rbit          00000
__Lrbss                    rbss          00000
__Lrdata                   rdata         00000
__Lreset_vec               reset_vec     00000
__Lrparam                  rparam        00000
__Lsfr                     sfr           00000
__Lsmallconst              smallconst    00000
__Lspace_0                 (abs)         00000
__Lspace_1                 (abs)         00000
__Lspace_2                 (abs)         00000
__Lstack                   stack         00000
__Lstruct                  struct        00000
__Ltemp                    temp          00051
__Ltext                    text          00000
__Ltext0                   text0         00000
__Ltext1                   text1         00000
__Ltext10                  text10        00000
__Ltext11                  text11        00000
__Ltext12                  text12        00000
__Ltext13                  text13        00000
__Ltext14                  text14        00000
__Ltext15                  text15        00000
__Ltext16                  text16        00000
__Ltext17                  text17        00000
__Ltext18                  text18        00000
__Ltext2                   text2         00000
__Ltext3                   text3         00000
__Ltext4                   text4         00000
__Ltext5                   text5         00000
__Ltext6                   text6         00000
__Ltext7                   text7         00000
__Ltext8                   text8         00000
__Ltext9                   text9         00000
__S0                       (abs)         1FFFE
__S1                       (abs)         00067
__S2                       (abs)         00000
___extmem_base             (abs)         20000
___inthi_sp                stack         00000
___intlo_sp                stack         00000
___param_bank              (abs)         00010
___rparam_used             (abs)         00001
___sp                      stack         00000
__accesstop                (abs)         00060
__activetblptr             (abs)         00000
__end_of_ConfigInterrupts  text18        004C0
__end_of_ConfigPeriph      text17        00466
__end_of_HighIsr           intcode       000B0
__end_of_InitPins          text16        00486
__end_of_LCDClear          text9         004AE
__end_of_LCDClearLine      text5         00340
__end_of_LCDCommand        text11        00452
__end_of_LCDInit           text2         002B8
__end_of_LCDInitCommand    text4         00494
__end_of_LCDInitPort       text3         003E2
__end_of_LCDSetPos         text7         00304
__end_of_LCDWriteByte      text14        0037C
__end_of_LCDWriteData      text6         0043C
__end_of_LCDWriteLine      text1         00260
__end_of_WriteRegister     text15        00408
__end_of__initialization   cinit         003A8
__end_of_calculateBase     text8         00426
__end_of_longDelay         text10        00476
__end_of_main              text0         001C6
__end_of_shortDelay        text13        004B8
__end_of_wait              text12        004C2
__initialization           cinit         0037C
__mediumconst              mediumconst   00000
__pbssCOMRAM               bssCOMRAM     00001
__pcinit                   cinit         0037C
__pcstackBANK0             cstackBANK0   00060
__pcstackCOMRAM            cstackCOMRAM  0002A
__pdataCOMRAM              dataCOMRAM    00044
__pidataCOMRAM             idataCOMRAM   00494
__pintcode                 intcode       00008
__ptext0                   text0         000B4
__ptext1                   text1         001C6
__ptext10                  text10        00466
__ptext11                  text11        0043C
__ptext12                  text12        004C0
__ptext13                  text13        004AE
__ptext14                  text14        00340
__ptext15                  text15        003E2
__ptext16                  text16        00476
__ptext17                  text17        00452
__ptext18                  text18        004B8
__ptext2                   text2         00260
__ptext3                   text3         003B2
__ptext4                   text4         00486
__ptext5                   text5         00304
__ptext6                   text6         00426
__ptext7                   text7         002B8
__ptext8                   text8         00408
__ptext9                   text9         004A2
__ramtop                   ramtop        01000
__size_of_ConfigInterrupts (abs)         00000
__size_of_ConfigPeriph     (abs)         00000
__size_of_HighIsr          (abs)         00000
__size_of_InitPins         (abs)         00000
__size_of_LCDClear         (abs)         00000
__size_of_LCDClearLine     (abs)         00000
__size_of_LCDCommand       (abs)         00000
__size_of_LCDInit          (abs)         00000
__size_of_LCDInitCommand   (abs)         00000
__size_of_LCDInitPort      (abs)         00000
__size_of_LCDSetPos        (abs)         00000
__size_of_LCDWriteByte     (abs)         00000
__size_of_LCDWriteData     (abs)         00000
__size_of_LCDWriteLine     (abs)         00000
__size_of_WriteRegister    (abs)         00000
__size_of_calculateBase    (abs)         00000
__size_of_longDelay        (abs)         00000
__size_of_main             (abs)         00000
__size_of_shortDelay       (abs)         00000
__size_of_wait             (abs)         00000
__smallconst               smallconst    00000
_calculateBase             text8         00408
_longDelay                 text10        00466
_main                      text0         000B4
_rxBuffer                  bssCOMRAM     00016
_rxCount                   bssCOMRAM     00012
_shortDelay                text13        004AE
_string                    bssCOMRAM     00001
_txCount                   bssCOMRAM     00014
_txStr                     dataCOMRAM    00044
_wait                      text12        004C0
btemp                      temp          00051
calculateBase@base         cstackCOMRAM  00038
calculateBase@line         cstackCOMRAM  00039
end_of_initialization      cinit         003A8
int$flags                  temp          00051
intlevel0                  text          00000
intlevel1                  text          00000
intlevel2                  text          00000
intlevel3                  text          00000
main@temp                  cstackBANK0   00066
stackhi                    (abs)         00F3F
stacklo                    (abs)         00067
start                      init          000B0
start_initialization       cinit         0037C


FUNCTION INFORMATION:

 *************** function _main *****************
 Defined at:
		line 31 in file "usart.c"
 Parameters:    Size  Location     Type
		None
 Auto vars:     Size  Location     Type
  temp            1    6[BANK0 ] unsigned char 
 Return value:  Size  Location     Type
		None               void
 Registers used:
		wreg, fsr2l, fsr2h, status,2, status,0, prodl, prodh, cstack
 Tracked objects:
		On entry : 
		On exit  : 
		Unchanged: 
 Data sizes:     COMRAM   BANK0   BANK1   BANK2   BANK3   BANK4   BANK5   BANK6   BANK7   BANK8   BANK9  BANK10  BANK11  BANK12  BANK13  BANK14  BANK15
      Params:         0       0       0       0       0       0       0       0       0       0       0       0       0       0       0       0       0
      Locals:         0       1       0       0       0       0       0       0       0       0       0       0       0       0       0       0       0
      Temps:          0       1       0       0       0       0       0       0       0       0       0       0       0       0       0       0       0
      Totals:         0       2       0       0       0       0       0       0       0       0       0       0       0       0       0       0       0
Total ram usage:        2 bytes
 Hardware stack levels required when called:    6
 This function calls:
		_ConfigInterrupts
		_ConfigPeriph
		_InitPins
		_LCDClear
		_LCDClearLine
		_LCDInit
		_LCDWriteLine
 This function is called by:
		Startup code after reset
 This function uses a non-reentrant model


 *************** function _LCDWriteLine *****************
 Defined at:
		line 59 in file "LCD.c"
 Parameters:    Size  Location     Type
  str             2    2[BANK0 ] PTR const unsigned char 
		 -> rxBuffer(20), LCDScroll@str(17), 
  line            1    4[BANK0 ] unsigned char 
 Auto vars:     Size  Location     Type
		None
 Return value:  Size  Location     Type
		None               void
 Registers used:
		wreg, fsr2l, fsr2h, status,2, status,0, prodl, prodh, cstack
 Tracked objects:
		On entry : 
		On exit  : 
		Unchanged: 
 Data sizes:     COMRAM   BANK0   BANK1   BANK2   BANK3   BANK4   BANK5   BANK6   BANK7   BANK8   BANK9  BANK10  BANK11  BANK12  BANK13  BANK14  BANK15
      Params:         0       3       0       0       0       0       0       0       0       0       0       0       0       0       0       0       0
      Locals:         0       0       0       0       0       0       0       0       0       0       0       0       0       0       0       0       0
      Temps:          1       0       0       0       0       0       0       0       0       0       0       0       0       0       0       0       0
      Totals:         1       3       0       0       0       0       0       0       0       0       0       0       0       0       0       0       0
Total ram usage:        4 bytes
 Hardware stack levels used:    1
 Hardware stack levels required when called:    5
 This function calls:
		_LCDSetPos
		_LCDWriteData
 This function is called by:
		_main
		_LCDScroll
 This function uses a non-reentrant model


 *************** function _LCDInit *****************
 Defined at:
		line 24 in file "LCD.c"
 Parameters:    Size  Location     Type
		None
 Auto vars:     Size  Location     Type
  functionSet     1   21[COMRAM] unsigned char 
 Return value:  Size  Location     Type
		None               void
 Registers used:
		wreg, status,2, status,0, cstack
 Tracked objects:
		On entry : 
		On exit  : 
		Unchanged: 
 Data sizes:     COMRAM   BANK0   BANK1   BANK2   BANK3   BANK4   BANK5   BANK6   BANK7   BANK8   BANK9  BANK10  BANK11  BANK12  BANK13  BANK14  BANK15
      Params:         0       0       0       0       0       0       0       0       0       0       0       0       0       0       0       0       0
      Locals:         1       0       0       0       0       0       0       0       0       0       0       0       0       0       0       0       0
      Temps:          1       0       0       0       0       0       0       0       0       0       0       0       0       0       0       0       0
      Totals:         2       0       0       0       0       0       0       0       0       0       0       0       0       0       0       0       0
Total ram usage:        2 bytes
 Hardware stack levels used:    1
 Hardware stack levels required when called:    4
 This function calls:
		_LCDInitCommand
		_LCDInitPort
 This function is called by:
		_main
 This function uses a non-reentrant model


 *************** function _LCDInitPort *****************
 Defined at:
		line 287 in file "LCD.c"
 Parameters:    Size  Location     Type
		None
 Auto vars:     Size  Location     Type
		None
 Return value:  Size  Location     Type
		None               void
 Registers used:
		wreg, status,2, cstack
 Tracked objects:
		On entry : 
		On exit  : 
		Unchanged: 
 Data sizes:     COMRAM   BANK0   BANK1   BANK2   BANK3   BANK4   BANK5   BANK6   BANK7   BANK8   BANK9  BANK10  BANK11  BANK12  BANK13  BANK14  BANK15
      Params:         0       0       0       0       0       0       0       0       0       0       0       0       0       0       0       0       0
      Locals:         0       0       0       0       0       0       0       0       0       0       0       0       0       0       0       0       0
      Temps:          0       0       0       0       0       0       0       0       0       0       0       0       0       0       0       0       0
      Totals:         0       0       0       0       0       0       0       0       0       0       0       0       0       0       0       0       0
Total ram usage:        0 bytes
 Hardware stack levels used:    1
 Hardware stack levels required when called:    2
 This function calls:
		_WriteRegister
 This function is called by:
		_LCDInit
 This function uses a non-reentrant model


 *************** function _LCDInitCommand *****************
 Defined at:
		line 193 in file "LCD.c"
 Parameters:    Size  Location     Type
  command         1    wreg     unsigned char 
 Auto vars:     Size  Location     Type
  command         1   19[COMRAM] unsigned char 
 Return value:  Size  Location     Type
		None               void
 Registers used:
		wreg, status,2, status,0, cstack
 Tracked objects:
		On entry : 
		On exit  : 
		Unchanged: 
 Data sizes:     COMRAM   BANK0   BANK1   BANK2   BANK3   BANK4   BANK5   BANK6   BANK7   BANK8   BANK9  BANK10  BANK11  BANK12  BANK13  BANK14  BANK15
      Params:         0       0       0       0       0       0       0       0       0       0       0       0       0       0       0       0       0
      Locals:         1       0       0       0       0       0       0       0       0       0       0       0       0       0       0       0       0
      Temps:          0       0       0       0       0       0       0       0       0       0       0       0       0       0       0       0       0
      Totals:         1       0       0       0       0       0       0       0       0       0       0       0       0       0       0       0       0
Total ram usage:        1 bytes
 Hardware stack levels used:    1
 Hardware stack levels required when called:    3
 This function calls:
		_LCDWriteByte
 This function is called by:
		_LCDInit
 This function uses a non-reentrant model


 *************** function _LCDClearLine *****************
 Defined at:
		line 80 in file "LCD.c"
 Parameters:    Size  Location     Type
  line            1    wreg     unsigned char 
 Auto vars:     Size  Location     Type
  line            1    3[BANK0 ] unsigned char 
  c               1    2[BANK0 ] unsigned char 
 Return value:  Size  Location     Type
		None               void
 Registers used:
		wreg, status,2, status,0, prodl, prodh, cstack
 Tracked objects:
		On entry : 
		On exit  : 
		Unchanged: 
 Data sizes:     COMRAM   BANK0   BANK1   BANK2   BANK3   BANK4   BANK5   BANK6   BANK7   BANK8   BANK9  BANK10  BANK11  BANK12  BANK13  BANK14  BANK15
      Params:         0       0       0       0       0       0       0       0       0       0       0       0       0       0       0       0       0
      Locals:         0       2       0       0       0       0       0       0       0       0       0       0       0       0       0       0       0
      Temps:          0       0       0       0       0       0       0       0       0       0       0       0       0       0       0       0       0
      Totals:         0       2       0       0       0       0       0       0       0       0       0       0       0       0       0       0       0
Total ram usage:        2 bytes
 Hardware stack levels used:    1
 Hardware stack levels required when called:    5
 This function calls:
		_LCDSetPos
		_LCDWriteData
 This function is called by:
		_main
		_LCDScroll
 This function uses a non-reentrant model


 *************** function _LCDWriteData *****************
 Defined at:
		line 197 in file "LCD.c"
 Parameters:    Size  Location     Type
  c               1    wreg     unsigned char 
 Auto vars:     Size  Location     Type
  c               1   19[COMRAM] unsigned char 
 Return value:  Size  Location     Type
		None               void
 Registers used:
		wreg, status,2, status,0, cstack
 Tracked objects:
		On entry : 
		On exit  : 
		Unchanged: 
 Data sizes:     COMRAM   BANK0   BANK1   BANK2   BANK3   BANK4   BANK5   BANK6   BANK7   BANK8   BANK9  BANK10  BANK11  BANK12  BANK13  BANK14  BANK15
      Params:         0       0       0       0       0       0       0       0       0       0       0       0       0       0       0       0       0
      Locals:         1       0       0       0       0       0       0       0       0       0       0       0       0       0       0       0       0
      Temps:          0       0       0       0       0       0       0       0       0       0       0       0       0       0       0       0       0
      Totals:         1       0       0       0       0       0       0       0       0       0       0       0       0       0       0       0       0
Total ram usage:        1 bytes
 Hardware stack levels used:    1
 Hardware stack levels required when called:    3
 This function calls:
		_LCDWriteByte
		_shortDelay
		_wait
 This function is called by:
		_LCDWriteLine
		_LCDClearLine
		_LCDPutStr
		_LCDPutChar
		_LCDLoadCustomChar
 This function uses a non-reentrant model


 *************** function _LCDSetPos *****************
 Defined at:
		line 96 in file "LCD.c"
 Parameters:    Size  Location     Type
  row             2   20[COMRAM] int 
  col             2   22[COMRAM] int 
 Auto vars:     Size  Location     Type
  pos             2    0[BANK0 ] int 
 Return value:  Size  Location     Type
		None               void
 Registers used:
		wreg, status,2, status,0, prodl, prodh, cstack
 Tracked objects:
		On entry : 
		On exit  : 
		Unchanged: 
 Data sizes:     COMRAM   BANK0   BANK1   BANK2   BANK3   BANK4   BANK5   BANK6   BANK7   BANK8   BANK9  BANK10  BANK11  BANK12  BANK13  BANK14  BANK15
      Params:         4       0       0       0       0       0       0       0       0       0       0       0       0       0       0       0       0
      Locals:         0       2       0       0       0       0       0       0       0       0       0       0       0       0       0       0       0
      Temps:          1       0       0       0       0       0       0       0       0       0       0       0       0       0       0       0       0
      Totals:         5       2       0       0       0       0       0       0       0       0       0       0       0       0       0       0       0
Total ram usage:        7 bytes
 Hardware stack levels used:    1
 Hardware stack levels required when called:    4
 This function calls:
		_LCDCommand
		_calculateBase
 This function is called by:
		_LCDWriteLine
		_LCDClearLine
		_LCDReadLine
 This function uses a non-reentrant model


 *************** function _calculateBase *****************
 Defined at:
		line 225 in file "LCD.c"
 Parameters:    Size  Location     Type
  line            1    wreg     unsigned char 
 Auto vars:     Size  Location     Type
  line            1   15[COMRAM] unsigned char 
  base            1   14[COMRAM] unsigned char 
 Return value:  Size  Location     Type
                  1    wreg      unsigned char 
 Registers used:
		wreg, status,2, status,0, prodl, prodh
 Tracked objects:
		On entry : 
		On exit  : 
		Unchanged: 
 Data sizes:     COMRAM   BANK0   BANK1   BANK2   BANK3   BANK4   BANK5   BANK6   BANK7   BANK8   BANK9  BANK10  BANK11  BANK12  BANK13  BANK14  BANK15
      Params:         0       0       0       0       0       0       0       0       0       0       0       0       0       0       0       0       0
      Locals:         2       0       0       0       0       0       0       0       0       0       0       0       0       0       0       0       0
      Temps:          0       0       0       0       0       0       0       0       0       0       0       0       0       0       0       0       0
      Totals:         2       0       0       0       0       0       0       0       0       0       0       0       0       0       0       0       0
Total ram usage:        2 bytes
 Hardware stack levels used:    1
 Hardware stack levels required when called:    1
 This function calls:
		Nothing
 This function is called by:
		_LCDSetPos
 This function uses a non-reentrant model


 *************** function _LCDClear *****************
 Defined at:
		line 47 in file "LCD.c"
 Parameters:    Size  Location     Type
		None
 Auto vars:     Size  Location     Type
		None
 Return value:  Size  Location     Type
		None               void
 Registers used:
		wreg, status,2, status,0, cstack
 Tracked objects:
		On entry : 
		On exit  : 
		Unchanged: 
 Data sizes:     COMRAM   BANK0   BANK1   BANK2   BANK3   BANK4   BANK5   BANK6   BANK7   BANK8   BANK9  BANK10  BANK11  BANK12  BANK13  BANK14  BANK15
      Params:         0       0       0       0       0       0       0       0       0       0       0       0       0       0       0       0       0
      Locals:         0       0       0       0       0       0       0       0       0       0       0       0       0       0       0       0       0
      Temps:          0       0       0       0       0       0       0       0       0       0       0       0       0       0       0       0       0
      Totals:         0       0       0       0       0       0       0       0       0       0       0       0       0       0       0       0       0
Total ram usage:        0 bytes
 Hardware stack levels used:    1
 Hardware stack levels required when called:    4
 This function calls:
		_LCDCommand
		_longDelay
 This function is called by:
		_main
 This function uses a non-reentrant model


 *************** function _longDelay *****************
 Defined at:
		line 241 in file "LCD.c"
 Parameters:    Size  Location     Type
		None
 Auto vars:     Size  Location     Type
		None
 Return value:  Size  Location     Type
		None               void
 Registers used:
		wreg
 Tracked objects:
		On entry : 
		On exit  : 
		Unchanged: 
 Data sizes:     COMRAM   BANK0   BANK1   BANK2   BANK3   BANK4   BANK5   BANK6   BANK7   BANK8   BANK9  BANK10  BANK11  BANK12  BANK13  BANK14  BANK15
      Params:         0       0       0       0       0       0       0       0       0       0       0       0       0       0       0       0       0
      Locals:         0       0       0       0       0       0       0       0       0       0       0       0       0       0       0       0       0
      Temps:          1       0       0       0       0       0       0       0       0       0       0       0       0       0       0       0       0
      Totals:         1       0       0       0       0       0       0       0       0       0       0       0       0       0       0       0       0
Total ram usage:        1 bytes
 Hardware stack levels used:    1
 Hardware stack levels required when called:    1
 This function calls:
		Nothing
 This function is called by:
		_LCDClear
 This function uses a non-reentrant model


 *************** function _LCDCommand *****************
 Defined at:
		line 187 in file "LCD.c"
 Parameters:    Size  Location     Type
  command         1    wreg     unsigned char 
 Auto vars:     Size  Location     Type
  command         1   19[COMRAM] unsigned char 
 Return value:  Size  Location     Type
		None               void
 Registers used:
		wreg, status,2, status,0, cstack
 Tracked objects:
		On entry : 
		On exit  : 
		Unchanged: 
 Data sizes:     COMRAM   BANK0   BANK1   BANK2   BANK3   BANK4   BANK5   BANK6   BANK7   BANK8   BANK9  BANK10  BANK11  BANK12  BANK13  BANK14  BANK15
      Params:         0       0       0       0       0       0       0       0       0       0       0       0       0       0       0       0       0
      Locals:         1       0       0       0       0       0       0       0       0       0       0       0       0       0       0       0       0
      Temps:          0       0       0       0       0       0       0       0       0       0       0       0       0       0       0       0       0
      Totals:         1       0       0       0       0       0       0       0       0       0       0       0       0       0       0       0       0
Total ram usage:        1 bytes
 Hardware stack levels used:    1
 Hardware stack levels required when called:    3
 This function calls:
		_LCDWriteByte
		_shortDelay
		_wait
 This function is called by:
		_LCDClear
		_LCDSetPos
		_LCDLoadCustomChar
		_LCDScroll
		_LCDDisplay
 This function uses a non-reentrant model


 *************** function _wait *****************
 Defined at:
		line 235 in file "LCD.c"
 Parameters:    Size  Location     Type
		None
 Auto vars:     Size  Location     Type
		None
 Return value:  Size  Location     Type
		None               void
 Registers used:
		None
 Tracked objects:
		On entry : 
		On exit  : 
		Unchanged: 
 Data sizes:     COMRAM   BANK0   BANK1   BANK2   BANK3   BANK4   BANK5   BANK6   BANK7   BANK8   BANK9  BANK10  BANK11  BANK12  BANK13  BANK14  BANK15
      Params:         0       0       0       0       0       0       0       0       0       0       0       0       0       0       0       0       0
      Locals:         0       0       0       0       0       0       0       0       0       0       0       0       0       0       0       0       0
      Temps:          0       0       0       0       0       0       0       0       0       0       0       0       0       0       0       0       0
      Totals:         0       0       0       0       0       0       0       0       0       0       0       0       0       0       0       0       0
Total ram usage:        0 bytes
 Hardware stack levels used:    1
 Hardware stack levels required when called:    1
 This function calls:
		Nothing
 This function is called by:
		_LCDCommand
		_LCDWriteData
		_LCDReadData
		_LCDGetAC
 This function uses a non-reentrant model


 *************** function _shortDelay *****************
 Defined at:
		line 247 in file "LCD.c"
 Parameters:    Size  Location     Type
		None
 Auto vars:     Size  Location     Type
		None
 Return value:  Size  Location     Type
		None               void
 Registers used:
		wreg
 Tracked objects:
		On entry : 
		On exit  : 
		Unchanged: 
 Data sizes:     COMRAM   BANK0   BANK1   BANK2   BANK3   BANK4   BANK5   BANK6   BANK7   BANK8   BANK9  BANK10  BANK11  BANK12  BANK13  BANK14  BANK15
      Params:         0       0       0       0       0       0       0       0       0       0       0       0       0       0       0       0       0
      Locals:         0       0       0       0       0       0       0       0       0       0       0       0       0       0       0       0       0
      Temps:          0       0       0       0       0       0       0       0       0       0       0       0       0       0       0       0       0
      Totals:         0       0       0       0       0       0       0       0       0       0       0       0       0       0       0       0       0
Total ram usage:        0 bytes
 Hardware stack levels used:    1
 Hardware stack levels required when called:    1
 This function calls:
		Nothing
 This function is called by:
		_LCDCommand
		_LCDWriteData
		_LCDReadData
		_LCDGetAC
 This function uses a non-reentrant model


 *************** function _LCDWriteByte *****************
 Defined at:
		line 260 in file "LCD.c"
 Parameters:    Size  Location     Type
  c               1    wreg     unsigned char 
  rs              1   16[COMRAM] unsigned char 
 Auto vars:     Size  Location     Type
  c               1   17[COMRAM] unsigned char 
  comFlags        1   18[COMRAM] unsigned char 
 Return value:  Size  Location     Type
		None               void
 Registers used:
		wreg, status,2, status,0, cstack
 Tracked objects:
		On entry : 
		On exit  : 
		Unchanged: 
 Data sizes:     COMRAM   BANK0   BANK1   BANK2   BANK3   BANK4   BANK5   BANK6   BANK7   BANK8   BANK9  BANK10  BANK11  BANK12  BANK13  BANK14  BANK15
      Params:         1       0       0       0       0       0       0       0       0       0       0       0       0       0       0       0       0
      Locals:         2       0       0       0       0       0       0       0       0       0       0       0       0       0       0       0       0
      Temps:          0       0       0       0       0       0       0       0       0       0       0       0       0       0       0       0       0
      Totals:         3       0       0       0       0       0       0       0       0       0       0       0       0       0       0       0       0
Total ram usage:        3 bytes
 Hardware stack levels used:    1
 Hardware stack levels required when called:    2
 This function calls:
		_WriteRegister
 This function is called by:
		_LCDCommand
		_LCDInitCommand
		_LCDWriteData
 This function uses a non-reentrant model


 *************** function _WriteRegister *****************
 Defined at:
		line 320 in file "LCD.c"
 Parameters:    Size  Location     Type
  reg             1    wreg     unsigned char 
  b               1   14[COMRAM] unsigned char 
 Auto vars:     Size  Location     Type
  reg             1   15[COMRAM] unsigned char 
 Return value:  Size  Location     Type
		None               void
 Registers used:
		wreg, status,2
 Tracked objects:
		On entry : 
		On exit  : 
		Unchanged: 
 Data sizes:     COMRAM   BANK0   BANK1   BANK2   BANK3   BANK4   BANK5   BANK6   BANK7   BANK8   BANK9  BANK10  BANK11  BANK12  BANK13  BANK14  BANK15
      Params:         1       0       0       0       0       0       0       0       0       0       0       0       0       0       0       0       0
      Locals:         1       0       0       0       0       0       0       0       0       0       0       0       0       0       0       0       0
      Temps:          0       0       0       0       0       0       0       0       0       0       0       0       0       0       0       0       0
      Totals:         2       0       0       0       0       0       0       0       0       0       0       0       0       0       0       0       0
Total ram usage:        2 bytes
 Hardware stack levels used:    1
 Hardware stack levels required when called:    1
 This function calls:
		Nothing
 This function is called by:
		_LCDWriteByte
		_LCDInitPort
 This function uses a non-reentrant model


 *************** function _InitPins *****************
 Defined at:
		line 92 in file "usart.c"
 Parameters:    Size  Location     Type
		None
 Auto vars:     Size  Location     Type
		None
 Return value:  Size  Location     Type
		None               void
 Registers used:
		wreg, status,2
 Tracked objects:
		On entry : 
		On exit  : 
		Unchanged: 
 Data sizes:     COMRAM   BANK0   BANK1   BANK2   BANK3   BANK4   BANK5   BANK6   BANK7   BANK8   BANK9  BANK10  BANK11  BANK12  BANK13  BANK14  BANK15
      Params:         0       0       0       0       0       0       0       0       0       0       0       0       0       0       0       0       0
      Locals:         0       0       0       0       0       0       0       0       0       0       0       0       0       0       0       0       0
      Temps:          0       0       0       0       0       0       0       0       0       0       0       0       0       0       0       0       0
      Totals:         0       0       0       0       0       0       0       0       0       0       0       0       0       0       0       0       0
Total ram usage:        0 bytes
 Hardware stack levels used:    1
 Hardware stack levels required when called:    1
 This function calls:
		Nothing
 This function is called by:
		_main
 This function uses a non-reentrant model


 *************** function _ConfigPeriph *****************
 Defined at:
		line 114 in file "usart.c"
 Parameters:    Size  Location     Type
		None
 Auto vars:     Size  Location     Type
		None
 Return value:  Size  Location     Type
		None               void
 Registers used:
		wreg, status,2
 Tracked objects:
		On entry : 
		On exit  : 
		Unchanged: 
 Data sizes:     COMRAM   BANK0   BANK1   BANK2   BANK3   BANK4   BANK5   BANK6   BANK7   BANK8   BANK9  BANK10  BANK11  BANK12  BANK13  BANK14  BANK15
      Params:         0       0       0       0       0       0       0       0       0       0       0       0       0       0       0       0       0
      Locals:         0       0       0       0       0       0       0       0       0       0       0       0       0       0       0       0       0
      Temps:          0       0       0       0       0       0       0       0       0       0       0       0       0       0       0       0       0
      Totals:         0       0       0       0       0       0       0       0       0       0       0       0       0       0       0       0       0
Total ram usage:        0 bytes
 Hardware stack levels used:    1
 Hardware stack levels required when called:    1
 This function calls:
		Nothing
 This function is called by:
		_main
 This function uses a non-reentrant model


 *************** function _ConfigInterrupts *****************
 Defined at:
		line 101 in file "usart.c"
 Parameters:    Size  Location     Type
		None
 Auto vars:     Size  Location     Type
		None
 Return value:  Size  Location     Type
		None               void
 Registers used:
		None
 Tracked objects:
		On entry : 
		On exit  : 
		Unchanged: 
 Data sizes:     COMRAM   BANK0   BANK1   BANK2   BANK3   BANK4   BANK5   BANK6   BANK7   BANK8   BANK9  BANK10  BANK11  BANK12  BANK13  BANK14  BANK15
      Params:         0       0       0       0       0       0       0       0       0       0       0       0       0       0       0       0       0
      Locals:         0       0       0       0       0       0       0       0       0       0       0       0       0       0       0       0       0
      Temps:          0       0       0       0       0       0       0       0       0       0       0       0       0       0       0       0       0
      Totals:         0       0       0       0       0       0       0       0       0       0       0       0       0       0       0       0       0
Total ram usage:        0 bytes
 Hardware stack levels used:    1
 Hardware stack levels required when called:    1
 This function calls:
		Nothing
 This function is called by:
		_main
 This function uses a non-reentrant model


 *************** function _HighIsr *****************
 Defined at:
		line 129 in file "usart.c"
 Parameters:    Size  Location     Type
		None
 Auto vars:     Size  Location     Type
		None
 Return value:  Size  Location     Type
		None               void
 Registers used:
		wreg, fsr2l, fsr2h, status,2, status,0
 Tracked objects:
		On entry : 
		On exit  : 
		Unchanged: 
 Data sizes:     COMRAM   BANK0   BANK1   BANK2   BANK3   BANK4   BANK5   BANK6   BANK7   BANK8   BANK9  BANK10  BANK11  BANK12  BANK13  BANK14  BANK15
      Params:         0       0       0       0       0       0       0       0       0       0       0       0       0       0       0       0       0
      Locals:         0       0       0       0       0       0       0       0       0       0       0       0       0       0       0       0       0
      Temps:         14       0       0       0       0       0       0       0       0       0       0       0       0       0       0       0       0
      Totals:        14       0       0       0       0       0       0       0       0       0       0       0       0       0       0       0       0
Total ram usage:       14 bytes
 Hardware stack levels used:    1
 This function calls:
		Nothing
 This function is called by:
		Interrupt level 2
 This function uses a non-reentrant model



MODULE INFORMATION

Module		Function		Class		Link	Load	Size
usart.c
		_HighIsr       		CODE           	0008	0000	169
		_InitPins      		CODE           	0476	0000	17
		_ConfigPeriph  		CODE           	0452	0000	21
		_main          		CODE           	00B4	0000	275
		_ConfigInterrupts		CODE           	04B8	0000	9

usart.c estimated size: 491

shared
		__initialization		CODE           	037C	0000	45

shared estimated size: 45

LCD.c
		_LCDClear      		CODE           	04A2	0000	13
		_LCDClearLine  		CODE           	0304	0000	61
		_WriteRegister 		CODE           	03E2	0000	39
		_LCDWriteData  		CODE           	0426	0000	23
		_LCDWriteLine  		CODE           	01C6	0000	155
		_LCDWriteByte  		CODE           	0340	0000	61
		_LCDInit       		CODE           	0260	0000	89
		_LCDInitPort   		CODE           	03B2	0000	49
		_calculateBase 		CODE           	0408	0000	31
		_LCDCommand    		CODE           	043C	0000	23
		_LCDInitCommand		CODE           	0486	0000	15
		_LCDSetPos     		CODE           	02B8	0000	77
		_wait          		CODE           	04C0	0000	3
		_longDelay     		CODE           	0466	0000	17
		_shortDelay    		CODE           	04AE	0000	11

LCD.c estimated size: 667

