Microchip MPLAB XC8 Compiler V1.35 ()

Linker command line:

--edf=C:\Program Files (x86)\Microchip\xc8\v1.35\dat\en_msgs.txt -cs \
  -h+dist/default/production\lab2.2.X.production.sym \
  --cmf=dist/default/production\lab2.2.X.production.cmf -z -Q18F87J11 \
  -oC:\Users\tton1\AppData\Local\Temp\s4rk.2 \
  -Mdist/default/production/lab2.2.X.production.map -E1 -ver=XC8 \
  -ASTACK=060h-0f3fh -pstack=STACK -ACODE=00h-01FFF7h -ACONST=00h-01FFF7h \
  -ASMALLCONST=01000h-010FFhx495,01FF00h-01FFF7h \
  -AMEDIUMCONST=01000h-0FFFFh,011000h-01FFF7h -ACOMRAM=01h-05Fh \
  -AABS1=00h-0F3Fh -ABIGRAM=01h-0F3Fh \
  -ARAM=060h-0FFh,0100h-01FFhx14,0F00h-0F3Fh -ABANK0=060h-0FFh \
  -ABANK1=0100h-01FFh -ABANK2=0200h-02FFh -ABANK3=0300h-03FFh \
  -ABANK4=0400h-04FFh -ABANK5=0500h-05FFh -ABANK6=0600h-06FFh \
  -ABANK7=0700h-07FFh -ABANK8=0800h-08FFh -ABANK9=0900h-09FFh \
  -ABANK10=0A00h-0AFFh -ABANK11=0B00h-0BFFh -ABANK12=0C00h-0CFFh \
  -ABANK13=0D00h-0DFFh -ABANK14=0E00h-0EFFh -ABANK15=0F00h-0F3Fh \
  -ASFR=0F5Ah-0F5Fh,0F60h-0FFFh \
  -preset_vec=00h,intcode=08h,intcodelo,powerup,init,end_init \
  -pramtop=01000h -psmallconst=SMALLCONST -pmediumconst=MEDIUMCONST \
  -pconst=CONST -AFARRAM=00h-00h -ACONFIG=01FFF8h-01FFFDh -pconfig=CONFIG \
  -pjflash_buffer=01F800h \
  -prdata=COMRAM,nvrram=COMRAM,nvbit=COMRAM,rbss=COMRAM,rbit=COMRAM \
  -pfarbss=FARRAM,fardata=FARRAM,nvFARRAM=FARRAM \
  -pintsave_regs=BIGRAM,bigbss=BIGRAM,bigdata=BIGRAM -pbss=RAM \
  -pidata=CODE,irdata=CODE,ibigdata=CODE,ifardata=CODE -prparam=COMRAM \
  C:\Users\tton1\AppData\Local\Temp\s4rk.obj \
  dist/default/production\lab2.2.X.production.obj 

Object code version is 3.11

Machine type is 18F87J11

Call graph: (short form)




                Name                               Link     Load   Length Selector   Space Scale
C:\Users\tton1\AppData\Local\Temp\s4rk.obj
                end_init                            11C      11C        4        4       0
                reset_vec                             0        0        4        0       0
                config                            1FFF8    1FFF8        6    1FFF8       0
dist/default/production\lab2.2.X.production.obj
                intcode                               8        8      114        4       0
                temp                                 4B       4B        1        1       1
                smallconst                         1000     1000       10      800       0
                text23                             14B8     14B8       1C      808       0
                text21                             1550     1550        C      808       0
                text20                             1526     1526       10      808       0
                text19                             149A     149A       1E      808       0
                text18                             1456     1456       26      808       0
                text17                             13B8     13B8       3C      808       0
                text16                             155C     155C        A      808       0
                text15                             1566     1566        2      808       0
                text14                             1500     1500       16      808       0
                text13                             1516     1516       10      808       0
                text12                             1544     1544        C      808       0
                text11                             147C     147C       1E      808       0
                text10                             1330     1330       46      808       0
                text9                              14EA     14EA       16      808       0
                text8                              13F4     13F4       32      808       0
                text7                              1536     1536        E      808       0
                text6                              1426     1426       30      808       0
                text5                              1286     1286       58      808       0
                text4                              116C     116C       90      808       0
                text3                              12DE     12DE       52      808       0
                text2                              1376     1376       42      808       0
                text1                              1010     1010      15C      808       0
                text0                              11FC     11FC       8A      808       0
                cstackCOMRAM                          1        1       2F        1       1
                bssCOMRAM                            30       30       1B        1       1
                cinit                              14D4     14D4       16      808       0

TOTAL           Name                               Link     Load   Length     Space
        CLASS   STACK          

        CLASS   CODE           
                end_init                            11C      11C        4         0
                intcode                               8        8      114         0
                reset_vec                             0        0        4         0
                text23                             14B8     14B8       1C         0
                text21                             1550     1550        C         0
                text20                             1526     1526       10         0
                text19                             149A     149A       1E         0
                text18                             1456     1456       26         0
                text17                             13B8     13B8       3C         0
                text16                             155C     155C        A         0
                text15                             1566     1566        2         0
                text14                             1500     1500       16         0
                text13                             1516     1516       10         0
                text12                             1544     1544        C         0
                text11                             147C     147C       1E         0
                text10                             1330     1330       46         0
                text9                              14EA     14EA       16         0
                text8                              13F4     13F4       32         0
                text7                              1536     1536        E         0
                text6                              1426     1426       30         0
                text5                              1286     1286       58         0
                text4                              116C     116C       90         0
                text3                              12DE     12DE       52         0
                text2                              1376     1376       42         0
                text1                              1010     1010      15C         0
                text0                              11FC     11FC       8A         0
                cinit                              14D4     14D4       16         0

        CLASS   CONST          

        CLASS   SMALLCONST     
                smallconst                         1000     1000       10         0

        CLASS   MEDIUMCONST    

        CLASS   COMRAM         
                temp                                 4B       4B        1         1
                cstackCOMRAM                          1        1       2F         1
                bssCOMRAM                            30       30       1B         1

        CLASS   ABS1           

        CLASS   BIGRAM         

        CLASS   RAM            

        CLASS   BANK0          

        CLASS   BANK1          

        CLASS   BANK2          

        CLASS   BANK3          

        CLASS   BANK4          

        CLASS   BANK5          

        CLASS   BANK6          

        CLASS   BANK7          

        CLASS   BANK8          

        CLASS   BANK9          

        CLASS   BANK10         

        CLASS   BANK11         

        CLASS   BANK12         

        CLASS   BANK13         

        CLASS   BANK14         

        CLASS   BANK15         

        CLASS   SFR            

        CLASS   FARRAM         

        CLASS   CONFIG         
                config                            1FFF8    1FFF8        6         0

        CLASS   IDLOC          



SEGMENTS        Name                           Load    Length   Top    Selector   Space  Class

                reset_vec                      000000  000004  000004         0       0  CODE    
                cstackCOMRAM                   000001  00004B  00004C         1       1  COMRAM  
                intcode                        000008  000118  000120         4       0  CODE    
                smallconst                     001000  000010  001010       800       0  SMALLCON
                text1                          001010  000558  001568       808       0  CODE    
                config                         01FFF8  000006  01FFFE     1FFF8       0  CONFIG  


UNUSED ADDRESS RANGES

        Name                Unused          Largest block    Delta
        BANK0            00060-000FF              A0
        BANK1            00100-001FF             100
        BANK10           00A00-00AFF             100
        BANK11           00B00-00BFF             100
        BANK12           00C00-00CFF             100
        BANK13           00D00-00DFF             100
        BANK14           00E00-00EFF             100
        BANK15           00F00-00F3F              40
        BANK2            00200-002FF             100
        BANK3            00300-003FF             100
        BANK4            00400-004FF             100
        BANK5            00500-005FF             100
        BANK6            00600-006FF             100
        BANK7            00700-007FF             100
        BANK8            00800-008FF             100
        BANK9            00900-009FF             100
        BIGRAM           0004C-00F3F             EF4
        CODE             00004-00007               4
                         00120-00FFF             EE0
                         01568-1FFF7           1EA90
        COMRAM           0004C-0005F              14
        CONST            00004-00007               4
                         00120-00FFF             EE0
                         01568-1FFF7           1EA90
        MEDIUMCONST      01568-0FFFF            EA98
                         11000-1FFF7            EFF8
        RAM              00060-00F3F             100
        SFR              00F5A-00FFF               6
        SMALLCONST       01568-1FFF7             100
        STACK            00060-00F3F             EE0

                                  Symbol Table

?_ReadPot                  cstackCOMRAM  00001
?___lwdiv                  cstackCOMRAM  00012
?___lwmod                  cstackCOMRAM  00019
?_sprintf                  cstackCOMRAM  0001E
HighIsr@rx                 cstackCOMRAM  00011
LCDClearLine@c             cstackCOMRAM  0001F
LCDClearLine@line          cstackCOMRAM  00020
LCDCommand@command         cstackCOMRAM  00017
LCDInit@functionSet        cstackCOMRAM  00019
LCDInitCommand@command     cstackCOMRAM  00017
LCDSetPos@col              cstackCOMRAM  0001A
LCDSetPos@pos              cstackCOMRAM  0001D
LCDSetPos@row              cstackCOMRAM  00018
LCDWriteByte@c             cstackCOMRAM  00015
LCDWriteByte@comFlags      cstackCOMRAM  00016
LCDWriteByte@rs            cstackCOMRAM  00014
LCDWriteData@c             cstackCOMRAM  00017
LCDWriteLine@line          cstackCOMRAM  00021
LCDWriteLine@str           cstackCOMRAM  0001F
WriteRegister@b            cstackCOMRAM  00012
WriteRegister@reg          cstackCOMRAM  00013
_ADCON0bits                (abs)         00FC2
_ADCON1                    (abs)         00FC1
_ADRES                     (abs)         00FC3
_ANCON0                    (abs)         00FC1
_ConfigInterrupts          text21        01550
_ConfigPeriph              text20        01526
_HighIsr                   intcode       00008
_INTCONbits                (abs)         00FF2
_InitPins                  text19        0149A
_LATAbits                  (abs)         00F89
_LATD                      (abs)         00F8C
_LCDClear                  text12        01544
_LCDClearLine              text8         013F4
_LCDCommand                text14        01500
_LCDInit                   text5         01286
_LCDInitCommand            text7         01536
_LCDInitPort               text6         01426
_LCDSetPos                 text10        01330
_LCDWriteByte              text17        013B8
_LCDWriteData              text9         014EA
_LCDWriteLine              text4         0116C
_OSCTUNEbits               (abs)         00F9B
_RCONbits                  (abs)         00FD0
_ReadPot                   text23        014B8
_SSP2BUF                   (abs)         00F6F
_SSP2CON1bits              (abs)         00F6C
_SSP2IE                    (abs)         07D1F
_SSP2IF                    (abs)         07D27
_SSP2STATbits              (abs)         00F6D
_SSPBUF                    (abs)         00FC9
_SSPCON1                   (abs)         00FC6
_SSPIF                     (abs)         07CF3
_SSPSTATbits               (abs)         00FC7
_TRISA                     (abs)         00F92
_TRISAbits                 (abs)         00F92
_TRISCbits                 (abs)         00F94
_TRISD                     (abs)         00F95
_WDTCONbits                (abs)         00FC0
_WriteRegister             text18        01456
__CFG_FOSC$HSPLL           (abs)         00000
__CFG_WDTEN$OFF            (abs)         00000
__CFG_XINST$OFF            (abs)         00000
__HRAM                     (abs)         00000
__Habs1                    abs1          00000
__Hbank0                   bank0         00000
__Hbank1                   bank1         00000
__Hbank10                  bank10        00000
__Hbank11                  bank11        00000
__Hbank12                  bank12        00000
__Hbank13                  bank13        00000
__Hbank14                  bank14        00000
__Hbank15                  bank15        00000
__Hbank2                   bank2         00000
__Hbank3                   bank3         00000
__Hbank4                   bank4         00000
__Hbank5                   bank5         00000
__Hbank6                   bank6         00000
__Hbank7                   bank7         00000
__Hbank8                   bank8         00000
__Hbank9                   bank9         00000
__Hbigbss                  bigbss        00000
__Hbigdata                 bigdata       00000
__Hbigram                  bigram        00000
__Hbss                     bss           00000
__HbssCOMRAM               bssCOMRAM     00000
__Hcinit                   cinit         00000
__Hclrtext                 clrtext       00000
__Hcomram                  comram        00000
__Hconfig                  config        1FFFE
__Hconst                   const         00000
__HcstackCOMRAM            cstackCOMRAM  00000
__Hdata                    data          00000
__Hend_init                end_init      00120
__Hfarbss                  farbss        00000
__Hfardata                 fardata       00000
__Hibigdata                ibigdata      00000
__Hidata                   idata         00000
__Hidloc                   idloc         00000
__Hifardata                ifardata      00000
__Hinit                    init          0011C
__Hintcode                 intcode       0011C
__Hintcode_body            intcode_body  00000
__Hintcodelo               intcodelo     0011C
__Hintentry                intentry      00000
__Hintret                  intret        00000
__Hintsave_regs            intsave_regs  00000
__Hirdata                  irdata        00000
__Hjflash_buffer           jflash_buffer 1F800
__Hmediumconst             mediumconst   00000
__HnvFARRAM                nvFARRAM      00000
__Hnvbit                   nvbit         00000
__Hnvrram                  nvrram        00000
__Hparam                   rparam        00000
__Hpowerup                 powerup       0011C
__Hram                     ram           00000
__Hramtop                  ramtop        01000
__Hrbit                    rbit          00000
__Hrbss                    rbss          00000
__Hrdata                   rdata         00000
__Hreset_vec               reset_vec     00004
__Hrparam                  rparam        00000
__Hsfr                     sfr           00000
__Hsmallconst              smallconst    01010
__Hspace_0                 (abs)         1FFFE
__Hspace_1                 (abs)         0004C
__Hspace_2                 (abs)         00000
__Hstack                   stack         00000
__Hstruct                  struct        00000
__Htemp                    temp          0004C
__Htext                    text          00000
__Htext0                   text0         00000
__Htext1                   text1         00000
__Htext10                  text10        00000
__Htext11                  text11        00000
__Htext12                  text12        00000
__Htext13                  text13        00000
__Htext14                  text14        00000
__Htext15                  text15        00000
__Htext16                  text16        00000
__Htext17                  text17        00000
__Htext18                  text18        00000
__Htext19                  text19        00000
__Htext2                   text2         00000
__Htext20                  text20        00000
__Htext21                  text21        00000
__Htext23                  text23        00000
__Htext3                   text3         00000
__Htext4                   text4         00000
__Htext5                   text5         00000
__Htext6                   text6         00000
__Htext7                   text7         00000
__Htext8                   text8         00000
__Htext9                   text9         00000
__LRAM                     (abs)         00001
__Labs1                    abs1          00000
__Lbank0                   bank0         00000
__Lbank1                   bank1         00000
__Lbank10                  bank10        00000
__Lbank11                  bank11        00000
__Lbank12                  bank12        00000
__Lbank13                  bank13        00000
__Lbank14                  bank14        00000
__Lbank15                  bank15        00000
__Lbank2                   bank2         00000
__Lbank3                   bank3         00000
__Lbank4                   bank4         00000
__Lbank5                   bank5         00000
__Lbank6                   bank6         00000
__Lbank7                   bank7         00000
__Lbank8                   bank8         00000
__Lbank9                   bank9         00000
__Lbigbss                  bigbss        00000
__Lbigdata                 bigdata       00000
__Lbigram                  bigram        00000
__Lbss                     bss           00000
__LbssCOMRAM               bssCOMRAM     00000
__Lcinit                   cinit         00000
__Lclrtext                 clrtext       00000
__Lcomram                  comram        00000
__Lconfig                  config        1FFF8
__Lconst                   const         00000
__LcstackCOMRAM            cstackCOMRAM  00000
__Ldata                    data          00000
__Lend_init                end_init      0011C
__Lfarbss                  farbss        00000
__Lfardata                 fardata       00000
__Libigdata                ibigdata      00000
__Lidata                   idata         00000
__Lidloc                   idloc         00000
__Lifardata                ifardata      00000
__Linit                    init          0011C
__Lintcode                 intcode       00008
__Lintcode_body            intcode_body  00000
__Lintcodelo               intcodelo     0011C
__Lintentry                intentry      00000
__Lintret                  intret        00000
__Lintsave_regs            intsave_regs  00000
__Lirdata                  irdata        00000
__Ljflash_buffer           jflash_buffer 1F800
__Lmediumconst             mediumconst   00000
__LnvFARRAM                nvFARRAM      00000
__Lnvbit                   nvbit         00000
__Lnvrram                  nvrram        00000
__Lparam                   rparam        00000
__Lpowerup                 powerup       0011C
__Lram                     ram           00000
__Lramtop                  ramtop        01000
__Lrbit                    rbit          00000
__Lrbss                    rbss          00000
__Lrdata                   rdata         00000
__Lreset_vec               reset_vec     00000
__Lrparam                  rparam        00000
__Lsfr                     sfr           00000
__Lsmallconst              smallconst    01000
__Lspace_0                 (abs)         00000
__Lspace_1                 (abs)         00000
__Lspace_2                 (abs)         00000
__Lstack                   stack         00000
__Lstruct                  struct        00000
__Ltemp                    temp          0004B
__Ltext                    text          00000
__Ltext0                   text0         00000
__Ltext1                   text1         00000
__Ltext10                  text10        00000
__Ltext11                  text11        00000
__Ltext12                  text12        00000
__Ltext13                  text13        00000
__Ltext14                  text14        00000
__Ltext15                  text15        00000
__Ltext16                  text16        00000
__Ltext17                  text17        00000
__Ltext18                  text18        00000
__Ltext19                  text19        00000
__Ltext2                   text2         00000
__Ltext20                  text20        00000
__Ltext21                  text21        00000
__Ltext23                  text23        00000
__Ltext3                   text3         00000
__Ltext4                   text4         00000
__Ltext5                   text5         00000
__Ltext6                   text6         00000
__Ltext7                   text7         00000
__Ltext8                   text8         00000
__Ltext9                   text9         00000
__S0                       (abs)         1FFFE
__S1                       (abs)         0004C
__S2                       (abs)         00000
___extmem_base             (abs)         20000
___inthi_sp                stack         00000
___intlo_sp                stack         00000
___lwdiv                   text3         012DE
___lwdiv@counter           cstackCOMRAM  00018
___lwdiv@dividend          cstackCOMRAM  00012
___lwdiv@divisor           cstackCOMRAM  00014
___lwdiv@quotient          cstackCOMRAM  00016
___lwmod                   text2         01376
___lwmod@counter           cstackCOMRAM  0001D
___lwmod@dividend          cstackCOMRAM  00019
___lwmod@divisor           cstackCOMRAM  0001B
___param_bank              (abs)         00010
___rparam_used             (abs)         00001
___sp                      stack         00000
__accesstop                (abs)         00060
__activetblptr             (abs)         00003
__end_of_ConfigInterrupts  text21        0155C
__end_of_ConfigPeriph      text20        01536
__end_of_HighIsr           intcode       0011C
__end_of_InitPins          text19        014B8
__end_of_LCDClear          text12        01550
__end_of_LCDClearLine      text8         01426
__end_of_LCDCommand        text14        01516
__end_of_LCDInit           text5         012DE
__end_of_LCDInitCommand    text7         01544
__end_of_LCDInitPort       text6         01456
__end_of_LCDSetPos         text10        01376
__end_of_LCDWriteByte      text17        013F4
__end_of_LCDWriteData      text9         01500
__end_of_LCDWriteLine      text4         011FC
__end_of_ReadPot           text23        014D4
__end_of_WriteRegister     text18        0147C
__end_of___lwdiv           text3         01330
__end_of___lwmod           text2         013B8
__end_of__initialization   cinit         014E0
__end_of_calculateBase     text11        0149A
__end_of_dpowers           smallconst    0100B
__end_of_longDelay         text13        01526
__end_of_main              text0         01286
__end_of_shortDelay        text16        01566
__end_of_sprintf           text1         0116C
__end_of_wait              text15        01568
__initialization           cinit         014D4
__mediumconst              mediumconst   00000
__pbssCOMRAM               bssCOMRAM     00030
__pcinit                   cinit         014D4
__pcstackCOMRAM            cstackCOMRAM  00001
__pintcode                 intcode       00008
__psmallconst              smallconst    01000
__ptext0                   text0         011FC
__ptext1                   text1         01010
__ptext10                  text10        01330
__ptext11                  text11        0147C
__ptext12                  text12        01544
__ptext13                  text13        01516
__ptext14                  text14        01500
__ptext15                  text15        01566
__ptext16                  text16        0155C
__ptext17                  text17        013B8
__ptext18                  text18        01456
__ptext19                  text19        0149A
__ptext2                   text2         01376
__ptext20                  text20        01526
__ptext21                  text21        01550
__ptext23                  text23        014B8
__ptext3                   text3         012DE
__ptext4                   text4         0116C
__ptext5                   text5         01286
__ptext6                   text6         01426
__ptext7                   text7         01536
__ptext8                   text8         013F4
__ptext9                   text9         014EA
__ramtop                   ramtop        01000
__size_of_ConfigInterrupts (abs)         00000
__size_of_ConfigPeriph     (abs)         00000
__size_of_HighIsr          (abs)         00000
__size_of_InitPins         (abs)         00000
__size_of_LCDClear         (abs)         00000
__size_of_LCDClearLine     (abs)         00000
__size_of_LCDCommand       (abs)         00000
__size_of_LCDInit          (abs)         00000
__size_of_LCDInitCommand   (abs)         00000
__size_of_LCDInitPort      (abs)         00000
__size_of_LCDSetPos        (abs)         00000
__size_of_LCDWriteByte     (abs)         00000
__size_of_LCDWriteData     (abs)         00000
__size_of_LCDWriteLine     (abs)         00000
__size_of_ReadPot          (abs)         00000
__size_of_WriteRegister    (abs)         00000
__size_of___lwdiv          (abs)         00000
__size_of___lwmod          (abs)         00000
__size_of_calculateBase    (abs)         00000
__size_of_longDelay        (abs)         00000
__size_of_main             (abs)         00000
__size_of_shortDelay       (abs)         00000
__size_of_sprintf          (abs)         00000
__size_of_wait             (abs)         00000
__smallconst               smallconst    01000
_calculateBase             text11        0147C
_cnt                       bssCOMRAM     00030
_command                   bssCOMRAM     00032
_count                     bssCOMRAM     00034
_dpowers                   smallconst    01001
_knob                      bssCOMRAM     00036
_lcdStr                    bssCOMRAM     0003A
_longDelay                 text13        01516
_main                      text0         011FC
_shortDelay                text16        0155C
_sprintf                   text1         01010
_state                     bssCOMRAM     00038
_wait                      text15        01566
btemp                      temp          0004B
calculateBase@base         cstackCOMRAM  00012
calculateBase@line         cstackCOMRAM  00013
end_of_initialization      cinit         014E0
int$flags                  temp          0004B
intlevel0                  text          00000
intlevel1                  text          00000
intlevel2                  text          00000
intlevel3                  text          00000
main@i                     cstackCOMRAM  0002C
sprintf@ap                 cstackCOMRAM  00025
sprintf@c                  cstackCOMRAM  0002B
sprintf@f                  cstackCOMRAM  00020
sprintf@flag               cstackCOMRAM  00027
sprintf@prec               cstackCOMRAM  00028
sprintf@sp                 cstackCOMRAM  0001E
sprintf@val                cstackCOMRAM  00029
stackhi                    (abs)         00F3F
stacklo                    (abs)         00060
start                      init          0011C
start_initialization       cinit         014D4


FUNCTION INFORMATION:

 *************** function _main *****************
 Defined at:
		line 42 in file "../SPISlave.c"
 Parameters:    Size  Location     Type
		None
 Auto vars:     Size  Location     Type
  i               4   43[COMRAM] long 
 Return value:  Size  Location     Type
		None               void
 Registers used:
		wreg, fsr2l, fsr2h, status,2, status,0, tblptrl, tblptrh, tblptru, prodl, prodh, cstack
 Tracked objects:
		On entry : 
		On exit  : 
		Unchanged: 
 Data sizes:     COMRAM   BANK0   BANK1   BANK2   BANK3   BANK4   BANK5   BANK6   BANK7   BANK8   BANK9  BANK10  BANK11  BANK12  BANK13  BANK14  BANK15
      Params:         0       0       0       0       0       0       0       0       0       0       0       0       0       0       0       0       0
      Locals:         4       0       0       0       0       0       0       0       0       0       0       0       0       0       0       0       0
      Temps:          0       0       0       0       0       0       0       0       0       0       0       0       0       0       0       0       0
      Totals:         4       0       0       0       0       0       0       0       0       0       0       0       0       0       0       0       0
Total ram usage:        4 bytes
 Hardware stack levels required when called:    7
 This function calls:
		_ConfigInterrupts
		_ConfigPeriph
		_InitPins
		_LCDClear
		_LCDClearLine
		_LCDInit
		_LCDWriteLine
		_sprintf
 This function is called by:
		Startup code after reset
 This function uses a non-reentrant model


 *************** function _sprintf *****************
 Defined at:
		line 492 in file "C:\Program Files (x86)\Microchip\xc8\v1.35\sources\common\doprnt.c"
 Parameters:    Size  Location     Type
  sp              2   29[COMRAM] PTR unsigned char 
		 -> lcdStr(17), 
  f               2   31[COMRAM] PTR const unsigned char 
		 -> STR_1(3), 
 Auto vars:     Size  Location     Type
  tmpval          4    0        struct .
  cp              3    0        PTR const unsigned char 
  val             2   40[COMRAM] unsigned int 
  ap              2   36[COMRAM] PTR void [1]
		 -> ?_sprintf(2), 
  len             2    0        unsigned int 
  c               1   42[COMRAM] char 
  prec            1   39[COMRAM] char 
  flag            1   38[COMRAM] unsigned char 
 Return value:  Size  Location     Type
                  2   29[COMRAM] int 
 Registers used:
		wreg, fsr2l, fsr2h, status,2, status,0, tblptrl, tblptrh, tblptru, prodl, prodh, cstack
 Tracked objects:
		On entry : 
		On exit  : 
		Unchanged: 
 Data sizes:     COMRAM   BANK0   BANK1   BANK2   BANK3   BANK4   BANK5   BANK6   BANK7   BANK8   BANK9  BANK10  BANK11  BANK12  BANK13  BANK14  BANK15
      Params:         6       0       0       0       0       0       0       0       0       0       0       0       0       0       0       0       0
      Locals:         7       0       0       0       0       0       0       0       0       0       0       0       0       0       0       0       0
      Temps:          1       0       0       0       0       0       0       0       0       0       0       0       0       0       0       0       0
      Totals:        14       0       0       0       0       0       0       0       0       0       0       0       0       0       0       0       0
Total ram usage:       14 bytes
 Hardware stack levels used:    1
 Hardware stack levels required when called:    3
 This function calls:
		___lwdiv
		___lwmod
 This function is called by:
		_main
 This function uses a non-reentrant model


 *************** function ___lwmod *****************
 Defined at:
		line 8 in file "C:\Program Files (x86)\Microchip\xc8\v1.35\sources\common\lwmod.c"
 Parameters:    Size  Location     Type
  dividend        2   24[COMRAM] unsigned int 
  divisor         2   26[COMRAM] unsigned int 
 Auto vars:     Size  Location     Type
  counter         1   28[COMRAM] unsigned char 
 Return value:  Size  Location     Type
                  2   24[COMRAM] unsigned int 
 Registers used:
		wreg, status,2, status,0
 Tracked objects:
		On entry : 
		On exit  : 
		Unchanged: 
 Data sizes:     COMRAM   BANK0   BANK1   BANK2   BANK3   BANK4   BANK5   BANK6   BANK7   BANK8   BANK9  BANK10  BANK11  BANK12  BANK13  BANK14  BANK15
      Params:         4       0       0       0       0       0       0       0       0       0       0       0       0       0       0       0       0
      Locals:         1       0       0       0       0       0       0       0       0       0       0       0       0       0       0       0       0
      Temps:          0       0       0       0       0       0       0       0       0       0       0       0       0       0       0       0       0
      Totals:         5       0       0       0       0       0       0       0       0       0       0       0       0       0       0       0       0
Total ram usage:        5 bytes
 Hardware stack levels used:    1
 Hardware stack levels required when called:    2
 This function calls:
		Nothing
 This function is called by:
		_sprintf
 This function uses a non-reentrant model


 *************** function ___lwdiv *****************
 Defined at:
		line 8 in file "C:\Program Files (x86)\Microchip\xc8\v1.35\sources\common\lwdiv.c"
 Parameters:    Size  Location     Type
  dividend        2   17[COMRAM] unsigned int 
  divisor         2   19[COMRAM] unsigned int 
 Auto vars:     Size  Location     Type
  quotient        2   21[COMRAM] unsigned int 
  counter         1   23[COMRAM] unsigned char 
 Return value:  Size  Location     Type
                  2   17[COMRAM] unsigned int 
 Registers used:
		wreg, status,2, status,0
 Tracked objects:
		On entry : 
		On exit  : 
		Unchanged: 
 Data sizes:     COMRAM   BANK0   BANK1   BANK2   BANK3   BANK4   BANK5   BANK6   BANK7   BANK8   BANK9  BANK10  BANK11  BANK12  BANK13  BANK14  BANK15
      Params:         4       0       0       0       0       0       0       0       0       0       0       0       0       0       0       0       0
      Locals:         3       0       0       0       0       0       0       0       0       0       0       0       0       0       0       0       0
      Temps:          0       0       0       0       0       0       0       0       0       0       0       0       0       0       0       0       0
      Totals:         7       0       0       0       0       0       0       0       0       0       0       0       0       0       0       0       0
Total ram usage:        7 bytes
 Hardware stack levels used:    1
 Hardware stack levels required when called:    2
 This function calls:
		Nothing
 This function is called by:
		_sprintf
 This function uses a non-reentrant model


 *************** function _LCDWriteLine *****************
 Defined at:
		line 59 in file "../LCD.c"
 Parameters:    Size  Location     Type
  str             2   30[COMRAM] PTR const unsigned char 
		 -> LCDScroll@str(17), lcdStr(17), 
  line            1   32[COMRAM] unsigned char 
 Auto vars:     Size  Location     Type
		None
 Return value:  Size  Location     Type
		None               void
 Registers used:
		wreg, fsr2l, fsr2h, status,2, status,0, prodl, prodh, cstack
 Tracked objects:
		On entry : 
		On exit  : 
		Unchanged: 
 Data sizes:     COMRAM   BANK0   BANK1   BANK2   BANK3   BANK4   BANK5   BANK6   BANK7   BANK8   BANK9  BANK10  BANK11  BANK12  BANK13  BANK14  BANK15
      Params:         3       0       0       0       0       0       0       0       0       0       0       0       0       0       0       0       0
      Locals:         0       0       0       0       0       0       0       0       0       0       0       0       0       0       0       0       0
      Temps:          1       0       0       0       0       0       0       0       0       0       0       0       0       0       0       0       0
      Totals:         4       0       0       0       0       0       0       0       0       0       0       0       0       0       0       0       0
Total ram usage:        4 bytes
 Hardware stack levels used:    1
 Hardware stack levels required when called:    6
 This function calls:
		_LCDSetPos
		_LCDWriteData
 This function is called by:
		_main
		_LCDScroll
 This function uses a non-reentrant model


 *************** function _LCDInit *****************
 Defined at:
		line 24 in file "../LCD.c"
 Parameters:    Size  Location     Type
		None
 Auto vars:     Size  Location     Type
  functionSet     1   24[COMRAM] unsigned char 
 Return value:  Size  Location     Type
		None               void
 Registers used:
		wreg, status,2, status,0, cstack
 Tracked objects:
		On entry : 
		On exit  : 
		Unchanged: 
 Data sizes:     COMRAM   BANK0   BANK1   BANK2   BANK3   BANK4   BANK5   BANK6   BANK7   BANK8   BANK9  BANK10  BANK11  BANK12  BANK13  BANK14  BANK15
      Params:         0       0       0       0       0       0       0       0       0       0       0       0       0       0       0       0       0
      Locals:         1       0       0       0       0       0       0       0       0       0       0       0       0       0       0       0       0
      Temps:          1       0       0       0       0       0       0       0       0       0       0       0       0       0       0       0       0
      Totals:         2       0       0       0       0       0       0       0       0       0       0       0       0       0       0       0       0
Total ram usage:        2 bytes
 Hardware stack levels used:    1
 Hardware stack levels required when called:    5
 This function calls:
		_LCDInitCommand
		_LCDInitPort
 This function is called by:
		_main
 This function uses a non-reentrant model


 *************** function _LCDInitPort *****************
 Defined at:
		line 287 in file "../LCD.c"
 Parameters:    Size  Location     Type
		None
 Auto vars:     Size  Location     Type
		None
 Return value:  Size  Location     Type
		None               void
 Registers used:
		wreg, status,2, cstack
 Tracked objects:
		On entry : 
		On exit  : 
		Unchanged: 
 Data sizes:     COMRAM   BANK0   BANK1   BANK2   BANK3   BANK4   BANK5   BANK6   BANK7   BANK8   BANK9  BANK10  BANK11  BANK12  BANK13  BANK14  BANK15
      Params:         0       0       0       0       0       0       0       0       0       0       0       0       0       0       0       0       0
      Locals:         0       0       0       0       0       0       0       0       0       0       0       0       0       0       0       0       0
      Temps:          0       0       0       0       0       0       0       0       0       0       0       0       0       0       0       0       0
      Totals:         0       0       0       0       0       0       0       0       0       0       0       0       0       0       0       0       0
Total ram usage:        0 bytes
 Hardware stack levels used:    1
 Hardware stack levels required when called:    3
 This function calls:
		_WriteRegister
 This function is called by:
		_LCDInit
 This function uses a non-reentrant model


 *************** function _LCDInitCommand *****************
 Defined at:
		line 193 in file "../LCD.c"
 Parameters:    Size  Location     Type
  command         1    wreg     unsigned char 
 Auto vars:     Size  Location     Type
  command         1   22[COMRAM] unsigned char 
 Return value:  Size  Location     Type
		None               void
 Registers used:
		wreg, status,2, status,0, cstack
 Tracked objects:
		On entry : 
		On exit  : 
		Unchanged: 
 Data sizes:     COMRAM   BANK0   BANK1   BANK2   BANK3   BANK4   BANK5   BANK6   BANK7   BANK8   BANK9  BANK10  BANK11  BANK12  BANK13  BANK14  BANK15
      Params:         0       0       0       0       0       0       0       0       0       0       0       0       0       0       0       0       0
      Locals:         1       0       0       0       0       0       0       0       0       0       0       0       0       0       0       0       0
      Temps:          0       0       0       0       0       0       0       0       0       0       0       0       0       0       0       0       0
      Totals:         1       0       0       0       0       0       0       0       0       0       0       0       0       0       0       0       0
Total ram usage:        1 bytes
 Hardware stack levels used:    1
 Hardware stack levels required when called:    4
 This function calls:
		_LCDWriteByte
 This function is called by:
		_LCDInit
 This function uses a non-reentrant model


 *************** function _LCDClearLine *****************
 Defined at:
		line 80 in file "../LCD.c"
 Parameters:    Size  Location     Type
  line            1    wreg     unsigned char 
 Auto vars:     Size  Location     Type
  line            1   31[COMRAM] unsigned char 
  c               1   30[COMRAM] unsigned char 
 Return value:  Size  Location     Type
		None               void
 Registers used:
		wreg, status,2, status,0, prodl, prodh, cstack
 Tracked objects:
		On entry : 
		On exit  : 
		Unchanged: 
 Data sizes:     COMRAM   BANK0   BANK1   BANK2   BANK3   BANK4   BANK5   BANK6   BANK7   BANK8   BANK9  BANK10  BANK11  BANK12  BANK13  BANK14  BANK15
      Params:         0       0       0       0       0       0       0       0       0       0       0       0       0       0       0       0       0
      Locals:         2       0       0       0       0       0       0       0       0       0       0       0       0       0       0       0       0
      Temps:          0       0       0       0       0       0       0       0       0       0       0       0       0       0       0       0       0
      Totals:         2       0       0       0       0       0       0       0       0       0       0       0       0       0       0       0       0
Total ram usage:        2 bytes
 Hardware stack levels used:    1
 Hardware stack levels required when called:    6
 This function calls:
		_LCDSetPos
		_LCDWriteData
 This function is called by:
		_main
		_LCDScroll
 This function uses a non-reentrant model


 *************** function _LCDWriteData *****************
 Defined at:
		line 197 in file "../LCD.c"
 Parameters:    Size  Location     Type
  c               1    wreg     unsigned char 
 Auto vars:     Size  Location     Type
  c               1   22[COMRAM] unsigned char 
 Return value:  Size  Location     Type
		None               void
 Registers used:
		wreg, status,2, status,0, cstack
 Tracked objects:
		On entry : 
		On exit  : 
		Unchanged: 
 Data sizes:     COMRAM   BANK0   BANK1   BANK2   BANK3   BANK4   BANK5   BANK6   BANK7   BANK8   BANK9  BANK10  BANK11  BANK12  BANK13  BANK14  BANK15
      Params:         0       0       0       0       0       0       0       0       0       0       0       0       0       0       0       0       0
      Locals:         1       0       0       0       0       0       0       0       0       0       0       0       0       0       0       0       0
      Temps:          0       0       0       0       0       0       0       0       0       0       0       0       0       0       0       0       0
      Totals:         1       0       0       0       0       0       0       0       0       0       0       0       0       0       0       0       0
Total ram usage:        1 bytes
 Hardware stack levels used:    1
 Hardware stack levels required when called:    4
 This function calls:
		_LCDWriteByte
		_shortDelay
		_wait
 This function is called by:
		_LCDWriteLine
		_LCDClearLine
		_LCDPutStr
		_LCDPutChar
		_LCDLoadCustomChar
 This function uses a non-reentrant model


 *************** function _LCDSetPos *****************
 Defined at:
		line 96 in file "../LCD.c"
 Parameters:    Size  Location     Type
  row             2   23[COMRAM] int 
  col             2   25[COMRAM] int 
 Auto vars:     Size  Location     Type
  pos             2   28[COMRAM] int 
 Return value:  Size  Location     Type
		None               void
 Registers used:
		wreg, status,2, status,0, prodl, prodh, cstack
 Tracked objects:
		On entry : 
		On exit  : 
		Unchanged: 
 Data sizes:     COMRAM   BANK0   BANK1   BANK2   BANK3   BANK4   BANK5   BANK6   BANK7   BANK8   BANK9  BANK10  BANK11  BANK12  BANK13  BANK14  BANK15
      Params:         4       0       0       0       0       0       0       0       0       0       0       0       0       0       0       0       0
      Locals:         2       0       0       0       0       0       0       0       0       0       0       0       0       0       0       0       0
      Temps:          1       0       0       0       0       0       0       0       0       0       0       0       0       0       0       0       0
      Totals:         7       0       0       0       0       0       0       0       0       0       0       0       0       0       0       0       0
Total ram usage:        7 bytes
 Hardware stack levels used:    1
 Hardware stack levels required when called:    5
 This function calls:
		_LCDCommand
		_calculateBase
 This function is called by:
		_LCDWriteLine
		_LCDClearLine
		_LCDReadLine
 This function uses a non-reentrant model


 *************** function _calculateBase *****************
 Defined at:
		line 225 in file "../LCD.c"
 Parameters:    Size  Location     Type
  line            1    wreg     unsigned char 
 Auto vars:     Size  Location     Type
  line            1   18[COMRAM] unsigned char 
  base            1   17[COMRAM] unsigned char 
 Return value:  Size  Location     Type
                  1    wreg      unsigned char 
 Registers used:
		wreg, status,2, status,0, prodl, prodh
 Tracked objects:
		On entry : 
		On exit  : 
		Unchanged: 
 Data sizes:     COMRAM   BANK0   BANK1   BANK2   BANK3   BANK4   BANK5   BANK6   BANK7   BANK8   BANK9  BANK10  BANK11  BANK12  BANK13  BANK14  BANK15
      Params:         0       0       0       0       0       0       0       0       0       0       0       0       0       0       0       0       0
      Locals:         2       0       0       0       0       0       0       0       0       0       0       0       0       0       0       0       0
      Temps:          0       0       0       0       0       0       0       0       0       0       0       0       0       0       0       0       0
      Totals:         2       0       0       0       0       0       0       0       0       0       0       0       0       0       0       0       0
Total ram usage:        2 bytes
 Hardware stack levels used:    1
 Hardware stack levels required when called:    2
 This function calls:
		Nothing
 This function is called by:
		_LCDSetPos
 This function uses a non-reentrant model


 *************** function _LCDClear *****************
 Defined at:
		line 47 in file "../LCD.c"
 Parameters:    Size  Location     Type
		None
 Auto vars:     Size  Location     Type
		None
 Return value:  Size  Location     Type
		None               void
 Registers used:
		wreg, status,2, status,0, cstack
 Tracked objects:
		On entry : 
		On exit  : 
		Unchanged: 
 Data sizes:     COMRAM   BANK0   BANK1   BANK2   BANK3   BANK4   BANK5   BANK6   BANK7   BANK8   BANK9  BANK10  BANK11  BANK12  BANK13  BANK14  BANK15
      Params:         0       0       0       0       0       0       0       0       0       0       0       0       0       0       0       0       0
      Locals:         0       0       0       0       0       0       0       0       0       0       0       0       0       0       0       0       0
      Temps:          0       0       0       0       0       0       0       0       0       0       0       0       0       0       0       0       0
      Totals:         0       0       0       0       0       0       0       0       0       0       0       0       0       0       0       0       0
Total ram usage:        0 bytes
 Hardware stack levels used:    1
 Hardware stack levels required when called:    5
 This function calls:
		_LCDCommand
		_longDelay
 This function is called by:
		_main
 This function uses a non-reentrant model


 *************** function _longDelay *****************
 Defined at:
		line 241 in file "../LCD.c"
 Parameters:    Size  Location     Type
		None
 Auto vars:     Size  Location     Type
		None
 Return value:  Size  Location     Type
		None               void
 Registers used:
		wreg
 Tracked objects:
		On entry : 
		On exit  : 
		Unchanged: 
 Data sizes:     COMRAM   BANK0   BANK1   BANK2   BANK3   BANK4   BANK5   BANK6   BANK7   BANK8   BANK9  BANK10  BANK11  BANK12  BANK13  BANK14  BANK15
      Params:         0       0       0       0       0       0       0       0       0       0       0       0       0       0       0       0       0
      Locals:         0       0       0       0       0       0       0       0       0       0       0       0       0       0       0       0       0
      Temps:          1       0       0       0       0       0       0       0       0       0       0       0       0       0       0       0       0
      Totals:         1       0       0       0       0       0       0       0       0       0       0       0       0       0       0       0       0
Total ram usage:        1 bytes
 Hardware stack levels used:    1
 Hardware stack levels required when called:    2
 This function calls:
		Nothing
 This function is called by:
		_LCDClear
 This function uses a non-reentrant model


 *************** function _LCDCommand *****************
 Defined at:
		line 187 in file "../LCD.c"
 Parameters:    Size  Location     Type
  command         1    wreg     unsigned char 
 Auto vars:     Size  Location     Type
  command         1   22[COMRAM] unsigned char 
 Return value:  Size  Location     Type
		None               void
 Registers used:
		wreg, status,2, status,0, cstack
 Tracked objects:
		On entry : 
		On exit  : 
		Unchanged: 
 Data sizes:     COMRAM   BANK0   BANK1   BANK2   BANK3   BANK4   BANK5   BANK6   BANK7   BANK8   BANK9  BANK10  BANK11  BANK12  BANK13  BANK14  BANK15
      Params:         0       0       0       0       0       0       0       0       0       0       0       0       0       0       0       0       0
      Locals:         1       0       0       0       0       0       0       0       0       0       0       0       0       0       0       0       0
      Temps:          0       0       0       0       0       0       0       0       0       0       0       0       0       0       0       0       0
      Totals:         1       0       0       0       0       0       0       0       0       0       0       0       0       0       0       0       0
Total ram usage:        1 bytes
 Hardware stack levels used:    1
 Hardware stack levels required when called:    4
 This function calls:
		_LCDWriteByte
		_shortDelay
		_wait
 This function is called by:
		_LCDClear
		_LCDSetPos
		_LCDLoadCustomChar
		_LCDScroll
		_LCDDisplay
 This function uses a non-reentrant model


 *************** function _wait *****************
 Defined at:
		line 235 in file "../LCD.c"
 Parameters:    Size  Location     Type
		None
 Auto vars:     Size  Location     Type
		None
 Return value:  Size  Location     Type
		None               void
 Registers used:
		None
 Tracked objects:
		On entry : 
		On exit  : 
		Unchanged: 
 Data sizes:     COMRAM   BANK0   BANK1   BANK2   BANK3   BANK4   BANK5   BANK6   BANK7   BANK8   BANK9  BANK10  BANK11  BANK12  BANK13  BANK14  BANK15
      Params:         0       0       0       0       0       0       0       0       0       0       0       0       0       0       0       0       0
      Locals:         0       0       0       0       0       0       0       0       0       0       0       0       0       0       0       0       0
      Temps:          0       0       0       0       0       0       0       0       0       0       0       0       0       0       0       0       0
      Totals:         0       0       0       0       0       0       0       0       0       0       0       0       0       0       0       0       0
Total ram usage:        0 bytes
 Hardware stack levels used:    1
 Hardware stack levels required when called:    2
 This function calls:
		Nothing
 This function is called by:
		_LCDCommand
		_LCDWriteData
		_LCDReadData
		_LCDGetAC
 This function uses a non-reentrant model


 *************** function _shortDelay *****************
 Defined at:
		line 247 in file "../LCD.c"
 Parameters:    Size  Location     Type
		None
 Auto vars:     Size  Location     Type
		None
 Return value:  Size  Location     Type
		None               void
 Registers used:
		wreg
 Tracked objects:
		On entry : 
		On exit  : 
		Unchanged: 
 Data sizes:     COMRAM   BANK0   BANK1   BANK2   BANK3   BANK4   BANK5   BANK6   BANK7   BANK8   BANK9  BANK10  BANK11  BANK12  BANK13  BANK14  BANK15
      Params:         0       0       0       0       0       0       0       0       0       0       0       0       0       0       0       0       0
      Locals:         0       0       0       0       0       0       0       0       0       0       0       0       0       0       0       0       0
      Temps:          0       0       0       0       0       0       0       0       0       0       0       0       0       0       0       0       0
      Totals:         0       0       0       0       0       0       0       0       0       0       0       0       0       0       0       0       0
Total ram usage:        0 bytes
 Hardware stack levels used:    1
 Hardware stack levels required when called:    2
 This function calls:
		Nothing
 This function is called by:
		_LCDCommand
		_LCDWriteData
		_LCDReadData
		_LCDGetAC
 This function uses a non-reentrant model


 *************** function _LCDWriteByte *****************
 Defined at:
		line 260 in file "../LCD.c"
 Parameters:    Size  Location     Type
  c               1    wreg     unsigned char 
  rs              1   19[COMRAM] unsigned char 
 Auto vars:     Size  Location     Type
  c               1   20[COMRAM] unsigned char 
  comFlags        1   21[COMRAM] unsigned char 
 Return value:  Size  Location     Type
		None               void
 Registers used:
		wreg, status,2, status,0, cstack
 Tracked objects:
		On entry : 
		On exit  : 
		Unchanged: 
 Data sizes:     COMRAM   BANK0   BANK1   BANK2   BANK3   BANK4   BANK5   BANK6   BANK7   BANK8   BANK9  BANK10  BANK11  BANK12  BANK13  BANK14  BANK15
      Params:         1       0       0       0       0       0       0       0       0       0       0       0       0       0       0       0       0
      Locals:         2       0       0       0       0       0       0       0       0       0       0       0       0       0       0       0       0
      Temps:          0       0       0       0       0       0       0       0       0       0       0       0       0       0       0       0       0
      Totals:         3       0       0       0       0       0       0       0       0       0       0       0       0       0       0       0       0
Total ram usage:        3 bytes
 Hardware stack levels used:    1
 Hardware stack levels required when called:    3
 This function calls:
		_WriteRegister
 This function is called by:
		_LCDCommand
		_LCDInitCommand
		_LCDWriteData
 This function uses a non-reentrant model


 *************** function _WriteRegister *****************
 Defined at:
		line 320 in file "../LCD.c"
 Parameters:    Size  Location     Type
  reg             1    wreg     unsigned char 
  b               1   17[COMRAM] unsigned char 
 Auto vars:     Size  Location     Type
  reg             1   18[COMRAM] unsigned char 
 Return value:  Size  Location     Type
		None               void
 Registers used:
		wreg, status,2
 Tracked objects:
		On entry : 
		On exit  : 
		Unchanged: 
 Data sizes:     COMRAM   BANK0   BANK1   BANK2   BANK3   BANK4   BANK5   BANK6   BANK7   BANK8   BANK9  BANK10  BANK11  BANK12  BANK13  BANK14  BANK15
      Params:         1       0       0       0       0       0       0       0       0       0       0       0       0       0       0       0       0
      Locals:         1       0       0       0       0       0       0       0       0       0       0       0       0       0       0       0       0
      Temps:          0       0       0       0       0       0       0       0       0       0       0       0       0       0       0       0       0
      Totals:         2       0       0       0       0       0       0       0       0       0       0       0       0       0       0       0       0
Total ram usage:        2 bytes
 Hardware stack levels used:    1
 Hardware stack levels required when called:    2
 This function calls:
		Nothing
 This function is called by:
		_LCDWriteByte
		_LCDInitPort
 This function uses a non-reentrant model


 *************** function _InitPins *****************
 Defined at:
		line 61 in file "../SPISlave.c"
 Parameters:    Size  Location     Type
		None
 Auto vars:     Size  Location     Type
		None
 Return value:  Size  Location     Type
		None               void
 Registers used:
		wreg, status,2
 Tracked objects:
		On entry : 
		On exit  : 
		Unchanged: 
 Data sizes:     COMRAM   BANK0   BANK1   BANK2   BANK3   BANK4   BANK5   BANK6   BANK7   BANK8   BANK9  BANK10  BANK11  BANK12  BANK13  BANK14  BANK15
      Params:         0       0       0       0       0       0       0       0       0       0       0       0       0       0       0       0       0
      Locals:         0       0       0       0       0       0       0       0       0       0       0       0       0       0       0       0       0
      Temps:          0       0       0       0       0       0       0       0       0       0       0       0       0       0       0       0       0
      Totals:         0       0       0       0       0       0       0       0       0       0       0       0       0       0       0       0       0
Total ram usage:        0 bytes
 Hardware stack levels used:    1
 Hardware stack levels required when called:    2
 This function calls:
		Nothing
 This function is called by:
		_main
 This function uses a non-reentrant model


 *************** function _ConfigPeriph *****************
 Defined at:
		line 100 in file "../SPISlave.c"
 Parameters:    Size  Location     Type
		None
 Auto vars:     Size  Location     Type
		None
 Return value:  Size  Location     Type
		None               void
 Registers used:
		wreg, status,2
 Tracked objects:
		On entry : 
		On exit  : 
		Unchanged: 
 Data sizes:     COMRAM   BANK0   BANK1   BANK2   BANK3   BANK4   BANK5   BANK6   BANK7   BANK8   BANK9  BANK10  BANK11  BANK12  BANK13  BANK14  BANK15
      Params:         0       0       0       0       0       0       0       0       0       0       0       0       0       0       0       0       0
      Locals:         0       0       0       0       0       0       0       0       0       0       0       0       0       0       0       0       0
      Temps:          0       0       0       0       0       0       0       0       0       0       0       0       0       0       0       0       0
      Totals:         0       0       0       0       0       0       0       0       0       0       0       0       0       0       0       0       0
Total ram usage:        0 bytes
 Hardware stack levels used:    1
 Hardware stack levels required when called:    2
 This function calls:
		Nothing
 This function is called by:
		_main
 This function uses a non-reentrant model


 *************** function _ConfigInterrupts *****************
 Defined at:
		line 87 in file "../SPISlave.c"
 Parameters:    Size  Location     Type
		None
 Auto vars:     Size  Location     Type
		None
 Return value:  Size  Location     Type
		None               void
 Registers used:
		None
 Tracked objects:
		On entry : 
		On exit  : 
		Unchanged: 
 Data sizes:     COMRAM   BANK0   BANK1   BANK2   BANK3   BANK4   BANK5   BANK6   BANK7   BANK8   BANK9  BANK10  BANK11  BANK12  BANK13  BANK14  BANK15
      Params:         0       0       0       0       0       0       0       0       0       0       0       0       0       0       0       0       0
      Locals:         0       0       0       0       0       0       0       0       0       0       0       0       0       0       0       0       0
      Temps:          0       0       0       0       0       0       0       0       0       0       0       0       0       0       0       0       0
      Totals:         0       0       0       0       0       0       0       0       0       0       0       0       0       0       0       0       0
Total ram usage:        0 bytes
 Hardware stack levels used:    1
 Hardware stack levels required when called:    2
 This function calls:
		Nothing
 This function is called by:
		_main
 This function uses a non-reentrant model


 *************** function _HighIsr *****************
 Defined at:
		line 110 in file "../SPISlave.c"
 Parameters:    Size  Location     Type
		None
 Auto vars:     Size  Location     Type
  rx              1   16[COMRAM] unsigned char 
 Return value:  Size  Location     Type
		None               void
 Registers used:
		wreg, status,2, status,0, cstack
 Tracked objects:
		On entry : 
		On exit  : 
		Unchanged: 
 Data sizes:     COMRAM   BANK0   BANK1   BANK2   BANK3   BANK4   BANK5   BANK6   BANK7   BANK8   BANK9  BANK10  BANK11  BANK12  BANK13  BANK14  BANK15
      Params:         0       0       0       0       0       0       0       0       0       0       0       0       0       0       0       0       0
      Locals:         1       0       0       0       0       0       0       0       0       0       0       0       0       0       0       0       0
      Temps:         14       0       0       0       0       0       0       0       0       0       0       0       0       0       0       0       0
      Totals:        15       0       0       0       0       0       0       0       0       0       0       0       0       0       0       0       0
Total ram usage:       15 bytes
 Hardware stack levels used:    1
 Hardware stack levels required when called:    1
 This function calls:
		_ReadPot
 This function is called by:
		Interrupt level 2
 This function uses a non-reentrant model


 *************** function _ReadPot *****************
 Defined at:
		line 78 in file "../SPISlave.c"
 Parameters:    Size  Location     Type
		None
 Auto vars:     Size  Location     Type
		None
 Return value:  Size  Location     Type
                  2    0[COMRAM] unsigned int 
 Registers used:
		None
 Tracked objects:
		On entry : 
		On exit  : 
		Unchanged: 
 Data sizes:     COMRAM   BANK0   BANK1   BANK2   BANK3   BANK4   BANK5   BANK6   BANK7   BANK8   BANK9  BANK10  BANK11  BANK12  BANK13  BANK14  BANK15
      Params:         2       0       0       0       0       0       0       0       0       0       0       0       0       0       0       0       0
      Locals:         0       0       0       0       0       0       0       0       0       0       0       0       0       0       0       0       0
      Temps:          0       0       0       0       0       0       0       0       0       0       0       0       0       0       0       0       0
      Totals:         2       0       0       0       0       0       0       0       0       0       0       0       0       0       0       0       0
Total ram usage:        2 bytes
 Hardware stack levels used:    1
 This function calls:
		Nothing
 This function is called by:
		_HighIsr
 This function uses a non-reentrant model



MODULE INFORMATION

Module		Function		Class		Link	Load	Size
../LCD.c
		_LCDClear      		CODE           	1544	0000	13
		_LCDClearLine  		CODE           	13F4	0000	51
		_WriteRegister 		CODE           	1456	0000	39
		_LCDWriteData  		CODE           	14EA	0000	23
		_LCDWriteLine  		CODE           	116C	0000	145
		_LCDWriteByte  		CODE           	13B8	0000	61
		_LCDInit       		CODE           	1286	0000	89
		_LCDInitPort   		CODE           	1426	0000	49
		_calculateBase 		CODE           	147C	0000	31
		_LCDCommand    		CODE           	1500	0000	23
		_LCDInitCommand		CODE           	1536	0000	15
		_LCDSetPos     		CODE           	1330	0000	71
		_wait          		CODE           	1566	0000	3
		_longDelay     		CODE           	1516	0000	17
		_shortDelay    		CODE           	155C	0000	11

../LCD.c estimated size: 641

C:\Program Files (x86)\Microchip\xc8\v1.35\sources\common\lwmod.c
		___lwmod       		CODE           	1376	0000	67

C:\Program Files (x86)\Microchip\xc8\v1.35\sources\common\lwmod.c estimated size: 67

C:\Program Files (x86)\Microchip\xc8\v1.35\sources\common\doprnt.c
		_sprintf       		CODE           	1010	0000	349

C:\Program Files (x86)\Microchip\xc8\v1.35\sources\common\doprnt.c estimated size: 349

shared
		_dpowers       		SMALLCONST     	1001	0000	11
		__initialization		CODE           	14D4	0000	13

shared estimated size: 24

../SPISlave.c
		_HighIsr       		CODE           	0008	0000	277
		_InitPins      		CODE           	149A	0000	31
		_ConfigPeriph  		CODE           	1526	0000	17
		_main          		CODE           	11FC	0000	139
		_ConfigInterrupts		CODE           	1550	0000	13
		_ReadPot       		CODE           	14B8	0000	29

../SPISlave.c estimated size: 506

C:\Program Files (x86)\Microchip\xc8\v1.35\sources\common\lwdiv.c
		___lwdiv       		CODE           	12DE	0000	83

C:\Program Files (x86)\Microchip\xc8\v1.35\sources\common\lwdiv.c estimated size: 83

